[INFO] Scanning for projects...
[INFO] 
[INFO] ---------------------< cn.zszj:zszj-module-system >---------------------
[INFO] Building zszj-module-system 2026.08-SNAPSHOT
[INFO]   from pom.xml
[INFO] --------------------------------[ jar ]---------------------------------
[INFO] 
[INFO] --- enforcer:3.5.0:enforce (enforce-jdk17-baseline) @ zszj-module-system ---
[INFO] Rule 0: org.apache.maven.enforcer.rules.version.RequireJavaVersion passed
[INFO] Rule 1: org.apache.maven.enforcer.rules.version.RequireMavenVersion passed
[INFO] 
[INFO] --- resources:3.3.1:resources (default-resources) @ zszj-module-system ---
[INFO] Copying 37 resources from src\main\resources to target\classes
[INFO] 
[INFO] --- flatten:1.7.2:flatten (flatten) @ zszj-module-system ---
[INFO] Generating flattened POM of project cn.zszj:zszj-module-system:jar:2026.08-SNAPSHOT...
[INFO] 
[INFO] --- compiler:3.14.0:compile (default-compile) @ zszj-module-system ---
[INFO] Recompiling the module because of changed source code.
[INFO] Compiling 421 source files with javac [target 17] to target\classes
[WARNING] /E:/zszj-wt-cfg-003-b/services/zhongshu-core/zszj-module-system/src/main/java/cn/zszj/module/system/convert/auth/AuthConvert.java:[82,26] Unmapped target property: "socialType".
[WARNING] /E:/zszj-wt-cfg-003-b/services/zhongshu-core/zszj-module-system/src/main/java/cn/zszj/module/system/convert/auth/AuthConvert.java:[84,23] Unmapped target property: "createIp".
[INFO] /E:/zszj-wt-cfg-003-b/services/zhongshu-core/zszj-module-system/src/main/java/cn/zszj/module/system/framework/justauth/core/AuthRequestFactory.java: E:\zszj-wt-cfg-003-b\services\zhongshu-core\zszj-module-system\src\main\java\cn\zszj\module\system\framework\justauth\core\AuthRequestFactory.java使用或覆盖了已过时的 API。
[INFO] /E:/zszj-wt-cfg-003-b/services/zhongshu-core/zszj-module-system/src/main/java/cn/zszj/module/system/framework/justauth/core/AuthRequestFactory.java: 有关详细信息, 请使用 -Xlint:deprecation 重新编译。
[INFO] /E:/zszj-wt-cfg-003-b/services/zhongshu-core/zszj-module-system/src/main/java/cn/zszj/module/system/controller/admin/oauth2/OAuth2OpenController.java: E:\zszj-wt-cfg-003-b\services\zhongshu-core\zszj-module-system\src\main\java\cn\zszj\module\system\controller\admin\oauth2\OAuth2OpenController.java使用了未经检查或不安全的操作。
[INFO] /E:/zszj-wt-cfg-003-b/services/zhongshu-core/zszj-module-system/src/main/java/cn/zszj/module/system/controller/admin/oauth2/OAuth2OpenController.java: 有关详细信息, 请使用 -Xlint:unchecked 重新编译。
[INFO] 
[INFO] --- resources:3.3.1:testResources (default-testResources) @ zszj-module-system ---
[INFO] Copying 4 resources from src\test\resources to target\test-classes
[INFO] 
[INFO] --- compiler:3.14.0:testCompile (default-testCompile) @ zszj-module-system ---
[INFO] Recompiling the module because of changed dependency.
[INFO] Compiling 69 source files with javac [target 17] to target\test-classes
[INFO] 
[INFO] --- surefire:3.5.3:test (default-test) @ zszj-module-system ---
[INFO] Using auto detected provider org.apache.maven.surefire.junitplatform.JUnitPlatformProvider
[INFO] 
[INFO] -------------------------------------------------------
[INFO]  T E S T S
[INFO] -------------------------------------------------------
[INFO] Running cn.zszj.module.system.service.permission.MenuServiceImplTest
22:59:53,033 |-WARN in Logger[org.jboss.logging] - No appenders present in context [default] for logger [org.jboss.logging].
OpenJDK 64-Bit Server VM warning: Sharing is only supported for boot loader classes because bootstrap classpath has been appended
 _ _   |_  _ _|_. ___ _ |    _ 
| | |\/|_)(_| | |_\  |_)||_|_\ 
     /               |         
                        null 
[INFO] Tests run: 18, Failures: 0, Errors: 0, Skipped: 0, Time elapsed: 3.171 s -- in cn.zszj.module.system.service.permission.MenuServiceImplTest
[INFO] Running cn.zszj.module.system.service.permission.PermissionCacheConsistencyTest
 _ _   |_  _ _|_. ___ _ |    _ 
| | |\/|_)(_| | |_\  |_)||_|_\ 
     /               |         
                        null 
[INFO] Tests run: 5, Failures: 0, Errors: 0, Skipped: 0, Time elapsed: 1.095 s -- in cn.zszj.module.system.service.permission.PermissionCacheConsistencyTest
[INFO] Running cn.zszj.module.system.service.permission.PermissionServiceTest
 _ _   |_  _ _|_. ___ _ |    _ 
| | |\/|_)(_| | |_\  |_)||_|_\ 
     /               |         
                        null 
[INFO] Tests run: 33, Failures: 0, Errors: 0, Skipped: 0, Time elapsed: 0.729 s -- in cn.zszj.module.system.service.permission.PermissionServiceTest
[INFO] Running cn.zszj.module.system.service.permission.RoleServiceImplTest
 _ _   |_  _ _|_. ___ _ |    _ 
| | |\/|_)(_| | |_\  |_)||_|_\ 
     /               |         
                        null 
[INFO] Tests run: 22, Failures: 0, Errors: 0, Skipped: 0, Time elapsed: 0.533 s -- in cn.zszj.module.system.service.permission.RoleServiceImplTest
[INFO] Running cn.zszj.module.system.service.permission.TenantPackageMenuIntersectionTest
 _ _   |_  _ _|_. ___ _ |    _ 
| | |\/|_)(_| | |_\  |_)||_|_\ 
     /               |         
                        null 
[INFO] Tests run: 8, Failures: 0, Errors: 0, Skipped: 0, Time elapsed: 0.501 s -- in cn.zszj.module.system.service.permission.TenantPackageMenuIntersectionTest
[INFO] Running cn.zszj.module.system.service.tenant.TenantPackageServiceImplTest
 _ _   |_  _ _|_. ___ _ |    _ 
| | |\/|_)(_| | |_\  |_)||_|_\ 
     /               |         
                        null 
[INFO] Tests run: 14, Failures: 0, Errors: 0, Skipped: 0, Time elapsed: 0.302 s -- in cn.zszj.module.system.service.tenant.TenantPackageServiceImplTest
[INFO] Running cn.zszj.module.system.service.tenant.TenantServiceImplTest
 _ _   |_  _ _|_. ___ _ |    _ 
| | |\/|_)(_| | |_\  |_)||_|_\ 
     /               |         
                        null 
[ERROR] Tests run: 23, Failures: 0, Errors: 1, Skipped: 0, Time elapsed: 0.766 s <<< FAILURE! -- in cn.zszj.module.system.service.tenant.TenantServiceImplTest
[ERROR] cn.zszj.module.system.service.tenant.TenantServiceImplTest.testUpdateTenant_success -- Time elapsed: 0.022 s <<< ERROR!
ServiceException(super=cn.zszj.framework.common.exception.ServiceException: 租户套餐不存在, code=1002016000, message=租户套餐不存在)
	at cn.zszj.framework.common.exception.util.ServiceExceptionUtil.exception0(ServiceExceptionUtil.java:31)
	at cn.zszj.framework.common.exception.util.ServiceExceptionUtil.exception(ServiceExceptionUtil.java:22)
	at cn.zszj.module.system.service.tenant.TenantServiceImpl.updateTenant(TenantServiceImpl.java:174)
	at java.base/jdk.internal.reflect.NativeMethodAccessorImpl.invoke0(Native Method)
	at java.base/jdk.internal.reflect.NativeMethodAccessorImpl.invoke(NativeMethodAccessorImpl.java:77)
	at java.base/jdk.internal.reflect.DelegatingMethodAccessorImpl.invoke(DelegatingMethodAccessorImpl.java:43)
	at java.base/java.lang.reflect.Method.invoke(Method.java:569)
	at org.springframework.aop.support.AopUtils.invokeJoinpointUsingReflection(AopUtils.java:360)
	at org.springframework.aop.framework.ReflectiveMethodInvocation.invokeJoinpoint(ReflectiveMethodInvocation.java:196)
	at org.springframework.aop.framework.ReflectiveMethodInvocation.proceed(ReflectiveMethodInvocation.java:163)
	at org.springframework.transaction.interceptor.TransactionAspectSupport.invokeWithinTransaction(TransactionAspectSupport.java:380)
	at org.springframework.transaction.interceptor.TransactionInterceptor.invoke(TransactionInterceptor.java:119)
	at org.springframework.aop.framework.ReflectiveMethodInvocation.proceed(ReflectiveMethodInvocation.java:184)
	at org.springframework.aop.framework.CglibAopProxy$DynamicAdvisedInterceptor.intercept(CglibAopProxy.java:728)
	at cn.zszj.module.system.service.tenant.TenantServiceImpl$$SpringCGLIB$$0.updateTenant(<generated>)
	at cn.zszj.module.system.service.tenant.TenantServiceImplTest.testUpdateTenant_success(TenantServiceImplTest.java:204)
	at java.base/java.lang.reflect.Method.invoke(Method.java:569)
	at java.base/java.util.ArrayList.forEach(ArrayList.java:1511)
	at java.base/java.util.ArrayList.forEach(ArrayList.java:1511)

[INFO] 
[INFO] Results:
[INFO] 
[ERROR] Errors: 
[ERROR]   TenantServiceImplTest.testUpdateTenant_success:204 ? Service 租户套餐不存在
[INFO] 
[ERROR] Tests run: 123, Failures: 0, Errors: 1, Skipped: 0
[INFO] 
[INFO] ------------------------------------------------------------------------
[INFO] BUILD FAILURE
[INFO] ------------------------------------------------------------------------
[INFO] Total time:  21.683 s
[INFO] Finished at: 2026-09-13T23:00:00+08:00
[INFO] ------------------------------------------------------------------------
[ERROR] Failed to execute goal org.apache.maven.plugins:maven-surefire-plugin:3.5.3:test (default-test) on project zszj-module-system: 
[ERROR] 
[ERROR] See E:\zszj-wt-cfg-003-b\services\zhongshu-core\zszj-module-system\target\surefire-reports for the individual test results.
[ERROR] See dump files (if any exist) [date].dump, [date]-jvmRun[N].dump and [date].dumpstream.
[ERROR] -> [Help 1]
[ERROR] 
[ERROR] To see the full stack trace of the errors, re-run Maven with the -e switch.
[ERROR] Re-run Maven using the -X switch to enable full debug logging.
[ERROR] 
[ERROR] For more information about the errors and possible solutions, please read the following articles:
[ERROR] [Help 1] http://cwiki.apache.org/confluence/display/MAVEN/MojoFailureException
