运行 10 项门禁（模式 full，并发 10，--fast）…
[PASS] G7 数据源 PG 合同 (49ms)
[PASS] G6 模块白名单 (52ms)
[PASS] G8 Flyway 迁移规范 (46ms)
[PASS] G9 配置秘密门禁 (49ms)
[PASS] G5 文档一致性全量 (76ms)
[PASS] G4 文档一致性单测 (121ms)
[PASS] G1 来源复制校验器单测 (139ms)
[PASS] G2 品牌命名门禁单测 (136ms)
[PASS] G3 品牌命名全仓扫描 (1482ms)
[PASS] G2b 命名迁移工具单测（冻结文件排除 + 租户域名唯一） (1585ms)

===== 本地基线门禁汇总 =====
PASS  G1 来源复制校验器单测
PASS  G2 品牌命名门禁单测
PASS  G2b 命名迁移工具单测（冻结文件排除 + 租户域名唯一）
PASS  G3 品牌命名全仓扫描
PASS  G4 文档一致性单测
PASS  G5 文档一致性全量
PASS  G6 模块白名单
PASS  G7 数据源 PG 合同
PASS  G8 Flyway 迁移规范
PASS  G9 配置秘密门禁
合计 10 项，失败 0 项（并发耗时 1591ms）
