[INFO] Scanning for projects...
[INFO] 
[INFO] ---------------------< cn.zszj:zszj-module-system >---------------------
[INFO] Building zszj-module-system 2026.08-SNAPSHOT
[INFO]   from pom.xml
[INFO] --------------------------------[ jar ]---------------------------------
[INFO] 
[INFO] --- enforcer:3.5.0:enforce (enforce-jdk17-baseline) @ zszj-module-system ---
[INFO] Rule 0: org.apache.maven.enforcer.rules.version.RequireJavaVersion passed
[INFO] Rule 1: org.apache.maven.enforcer.rules.version.RequireMavenVersion passed
[INFO] 
[INFO] --- resources:3.3.1:resources (default-resources) @ zszj-module-system ---
[INFO] Copying 37 resources from src\main\resources to target\classes
[INFO] 
[INFO] --- flatten:1.7.2:flatten (flatten) @ zszj-module-system ---
[INFO] Generating flattened POM of project cn.zszj:zszj-module-system:jar:2026.08-SNAPSHOT...
[INFO] 
[INFO] --- compiler:3.14.0:compile (default-compile) @ zszj-module-system ---
[INFO] Nothing to compile - all classes are up to date.
[INFO] 
[INFO] --- resources:3.3.1:testResources (default-testResources) @ zszj-module-system ---
[INFO] Copying 4 resources from src\test\resources to target\test-classes
[INFO] 
[INFO] --- compiler:3.14.0:testCompile (default-testCompile) @ zszj-module-system ---
[INFO] Recompiling the module because of changed source code.
[INFO] Compiling 69 source files with javac [target 17] to target\test-classes
[INFO] 
[INFO] --- surefire:3.5.3:test (default-test) @ zszj-module-system ---
[INFO] Using auto detected provider org.apache.maven.surefire.junitplatform.JUnitPlatformProvider
[INFO] 
[INFO] -------------------------------------------------------
[INFO]  T E S T S
[INFO] -------------------------------------------------------
[INFO] Running cn.zszj.module.system.service.permission.TenantPackageMenuIntersectionTest
22:31:28,090 |-WARN in Logger[org.jboss.logging] - No appenders present in context [default] for logger [org.jboss.logging].
OpenJDK 64-Bit Server VM warning: Sharing is only supported for boot loader classes because bootstrap classpath has been appended
 _ _   |_  _ _|_. ___ _ |    _ 
| | |\/|_)(_| | |_\  |_)||_|_\ 
     /               |         
                        null 
[ERROR] Tests run: 5, Failures: 0, Errors: 4, Skipped: 0, Time elapsed: 3.321 s <<< FAILURE! -- in cn.zszj.module.system.service.permission.TenantPackageMenuIntersectionTest
[ERROR] cn.zszj.module.system.service.permission.TenantPackageMenuIntersectionTest.testPackageShrink_roleMenusConverged_andPermissionDenied -- Time elapsed: 0.310 s <<< ERROR!
org.springframework.dao.DataIntegrityViolationException: 

### Error updating database.  Cause: org.h2.jdbc.JdbcSQLIntegrityConstraintViolationException: NULL not allowed for column "status"; SQL statement:
INSERT INTO system_tenant_package  ( id, name,   menu_ids, create_time, update_time, creator, updater )  VALUES (  ?, ?,   ?, ?, ?, ?, ?  ) [23502-232]
### The error may exist in cn/zszj/module/system/dal/mysql/tenant/TenantPackageMapper.java (best guess)
### The error may involve cn.zszj.module.system.dal.mysql.tenant.TenantPackageMapper.insert-Inline
### The error occurred while setting parameters
### SQL: INSERT INTO system_tenant_package  ( id, name,   menu_ids, create_time, update_time, creator, updater )  VALUES (  ?, ?,   ?, ?, ?, ?, ?  )
### Cause: org.h2.jdbc.JdbcSQLIntegrityConstraintViolationException: NULL not allowed for column "status"; SQL statement:
INSERT INTO system_tenant_package  ( id, name,   menu_ids, create_time, update_time, creator, updater )  VALUES (  ?, ?,   ?, ?, ?, ?, ?  ) [23502-232]
; NULL not allowed for column "status"; SQL statement:
INSERT INTO system_tenant_package  ( id, name,   menu_ids, create_time, update_time, creator, updater )  VALUES (  ?, ?,   ?, ?, ?, ?, ?  ) [23502-232]
	at org.springframework.jdbc.support.SQLErrorCodeSQLExceptionTranslator.doTranslate(SQLErrorCodeSQLExceptionTranslator.java:258)
	at org.springframework.jdbc.support.AbstractFallbackSQLExceptionTranslator.translate(AbstractFallbackSQLExceptionTranslator.java:107)
	at org.mybatis.spring.MyBatisExceptionTranslator.translateExceptionIfPossible(MyBatisExceptionTranslator.java:95)
	at org.mybatis.spring.SqlSessionTemplate$SqlSessionInterceptor.invoke(SqlSessionTemplate.java:347)
	at jdk.proxy2/jdk.proxy2.$Proxy141.insert(Unknown Source)
	at org.mybatis.spring.SqlSessionTemplate.insert(SqlSessionTemplate.java:224)
	at com.baomidou.mybatisplus.core.override.MybatisMapperMethod.execute(MybatisMapperMethod.java:81)
	at com.baomidou.mybatisplus.core.override.MybatisMapperProxy$PlainMethodInvoker.invoke(MybatisMapperProxy.java:156)
	at com.baomidou.mybatisplus.core.override.MybatisMapperProxy.invoke(MybatisMapperProxy.java:93)
	at jdk.proxy2/jdk.proxy2.$Proxy153.insert(Unknown Source)
	at cn.zszj.module.system.service.permission.TenantPackageMenuIntersectionTest.seedPackage(TenantPackageMenuIntersectionTest.java:186)
	at cn.zszj.module.system.service.permission.TenantPackageMenuIntersectionTest.testPackageShrink_roleMenusConverged_andPermissionDenied(TenantPackageMenuIntersectionTest.java:126)
	at java.base/java.lang.reflect.Method.invoke(Method.java:569)
	at java.base/java.util.ArrayList.forEach(ArrayList.java:1511)
	at java.base/java.util.ArrayList.forEach(ArrayList.java:1511)
Caused by: org.h2.jdbc.JdbcSQLIntegrityConstraintViolationException: NULL not allowed for column "status"; SQL statement:
INSERT INTO system_tenant_package  ( id, name,   menu_ids, create_time, update_time, creator, updater )  VALUES (  ?, ?,   ?, ?, ?, ?, ?  ) [23502-232]
	at org.h2.message.DbException.getJdbcSQLException(DbException.java:520)
	at org.h2.message.DbException.getJdbcSQLException(DbException.java:489)
	at org.h2.message.DbException.get(DbException.java:223)
	at org.h2.message.DbException.get(DbException.java:199)
	at org.h2.table.Column.validateConvertUpdateSequence(Column.java:402)
	at org.h2.table.Table.convertInsertRow(Table.java:963)
	at org.h2.command.dml.Insert.insertRows(Insert.java:167)
	at org.h2.command.dml.Insert.update(Insert.java:135)
	at org.h2.command.dml.DataChangeStatement.update(DataChangeStatement.java:74)
	at org.h2.command.CommandContainer.update(CommandContainer.java:139)
	at org.h2.command.Command.executeUpdate(Command.java:304)
	at org.h2.command.Command.executeUpdate(Command.java:248)
	at org.h2.jdbc.JdbcPreparedStatement.execute(JdbcPreparedStatement.java:262)
	at com.zaxxer.hikari.pool.ProxyPreparedStatement.execute(ProxyPreparedStatement.java:44)
	at com.zaxxer.hikari.pool.HikariProxyPreparedStatement.execute(HikariProxyPreparedStatement.java)
	at java.base/jdk.internal.reflect.NativeMethodAccessorImpl.invoke0(Native Method)
	at java.base/jdk.internal.reflect.NativeMethodAccessorImpl.invoke(NativeMethodAccessorImpl.java:77)
	at java.base/jdk.internal.reflect.DelegatingMethodAccessorImpl.invoke(DelegatingMethodAccessorImpl.java:43)
	at java.base/java.lang.reflect.Method.invoke(Method.java:569)
	at org.apache.ibatis.logging.jdbc.PreparedStatementLogger.invoke(PreparedStatementLogger.java:58)
	at jdk.proxy3/jdk.proxy3.$Proxy158.execute(Unknown Source)
	at org.apache.ibatis.executor.statement.PreparedStatementHandler.update(PreparedStatementHandler.java:48)
	at org.apache.ibatis.executor.statement.RoutingStatementHandler.update(RoutingStatementHandler.java:75)
	at java.base/jdk.internal.reflect.NativeMethodAccessorImpl.invoke0(Native Method)
	at java.base/jdk.internal.reflect.NativeMethodAccessorImpl.invoke(NativeMethodAccessorImpl.java:77)
	at java.base/jdk.internal.reflect.DelegatingMethodAccessorImpl.invoke(DelegatingMethodAccessorImpl.java:43)
	at java.base/java.lang.reflect.Method.invoke(Method.java:569)
	at org.apache.ibatis.plugin.Plugin.invoke(Plugin.java:61)
	at jdk.proxy2/jdk.proxy2.$Proxy157.update(Unknown Source)
	at org.apache.ibatis.executor.SimpleExecutor.doUpdate(SimpleExecutor.java:50)
	at org.apache.ibatis.executor.BaseExecutor.update(BaseExecutor.java:117)
	at org.apache.ibatis.executor.CachingExecutor.update(CachingExecutor.java:76)
	at java.base/jdk.internal.reflect.NativeMethodAccessorImpl.invoke0(Native Method)
	at java.base/jdk.internal.reflect.NativeMethodAccessorImpl.invoke(NativeMethodAccessorImpl.java:77)
	at java.base/jdk.internal.reflect.DelegatingMethodAccessorImpl.invoke(DelegatingMethodAccessorImpl.java:43)
	at java.base/java.lang.reflect.Method.invoke(Method.java:569)
	at org.apache.ibatis.plugin.Invocation.proceed(Invocation.java:61)
	at com.baomidou.mybatisplus.extension.plugins.MybatisPlusInterceptor.intercept(MybatisPlusInterceptor.java:106)
	at org.apache.ibatis.plugin.Plugin.invoke(Plugin.java:59)
	at jdk.proxy2/jdk.proxy2.$Proxy156.update(Unknown Source)
	at java.base/jdk.internal.reflect.NativeMethodAccessorImpl.invoke0(Native Method)
	at java.base/jdk.internal.reflect.NativeMethodAccessorImpl.invoke(NativeMethodAccessorImpl.java:77)
	at java.base/jdk.internal.reflect.DelegatingMethodAccessorImpl.invoke(DelegatingMethodAccessorImpl.java:43)
	at java.base/java.lang.reflect.Method.invoke(Method.java:569)
	at org.apache.ibatis.plugin.Plugin.invoke(Plugin.java:61)
	at jdk.proxy2/jdk.proxy2.$Proxy156.update(Unknown Source)
	at org.apache.ibatis.session.defaults.DefaultSqlSession.update(DefaultSqlSession.java:197)
	at org.apache.ibatis.session.defaults.DefaultSqlSession.insert(DefaultSqlSession.java:184)
	at java.base/jdk.internal.reflect.NativeMethodAccessorImpl.invoke0(Native Method)
	at java.base/jdk.internal.reflect.NativeMethodAccessorImpl.invoke(NativeMethodAccessorImpl.java:77)
	at java.base/jdk.internal.reflect.DelegatingMethodAccessorImpl.invoke(DelegatingMethodAccessorImpl.java:43)
	at java.base/java.lang.reflect.Method.invoke(Method.java:569)
	at org.mybatis.spring.SqlSessionTemplate$SqlSessionInterceptor.invoke(SqlSessionTemplate.java:333)
	... 11 more

[ERROR] cn.zszj.module.system.service.permission.TenantPackageMenuIntersectionTest.testAssignRoleMenu_menuOutsidePackage_rejected -- Time elapsed: 0.023 s <<< ERROR!
org.springframework.dao.DataIntegrityViolationException: 

### Error updating database.  Cause: org.h2.jdbc.JdbcSQLIntegrityConstraintViolationException: NULL not allowed for column "status"; SQL statement:
INSERT INTO system_tenant_package  ( id, name,   menu_ids, create_time, update_time, creator, updater )  VALUES (  ?, ?,   ?, ?, ?, ?, ?  ) [23502-232]
### The error may exist in cn/zszj/module/system/dal/mysql/tenant/TenantPackageMapper.java (best guess)
### The error may involve cn.zszj.module.system.dal.mysql.tenant.TenantPackageMapper.insert-Inline
### The error occurred while setting parameters
### SQL: INSERT INTO system_tenant_package  ( id, name,   menu_ids, create_time, update_time, creator, updater )  VALUES (  ?, ?,   ?, ?, ?, ?, ?  )
### Cause: org.h2.jdbc.JdbcSQLIntegrityConstraintViolationException: NULL not allowed for column "status"; SQL statement:
INSERT INTO system_tenant_package  ( id, name,   menu_ids, create_time, update_time, creator, updater )  VALUES (  ?, ?,   ?, ?, ?, ?, ?  ) [23502-232]
; NULL not allowed for column "status"; SQL statement:
INSERT INTO system_tenant_package  ( id, name,   menu_ids, create_time, update_time, creator, updater )  VALUES (  ?, ?,   ?, ?, ?, ?, ?  ) [23502-232]
	at org.springframework.jdbc.support.SQLErrorCodeSQLExceptionTranslator.doTranslate(SQLErrorCodeSQLExceptionTranslator.java:258)
	at org.springframework.jdbc.support.AbstractFallbackSQLExceptionTranslator.translate(AbstractFallbackSQLExceptionTranslator.java:107)
	at org.mybatis.spring.MyBatisExceptionTranslator.translateExceptionIfPossible(MyBatisExceptionTranslator.java:95)
	at org.mybatis.spring.SqlSessionTemplate$SqlSessionInterceptor.invoke(SqlSessionTemplate.java:347)
	at jdk.proxy2/jdk.proxy2.$Proxy141.insert(Unknown Source)
	at org.mybatis.spring.SqlSessionTemplate.insert(SqlSessionTemplate.java:224)
	at com.baomidou.mybatisplus.core.override.MybatisMapperMethod.execute(MybatisMapperMethod.java:81)
	at com.baomidou.mybatisplus.core.override.MybatisMapperProxy$PlainMethodInvoker.invoke(MybatisMapperProxy.java:156)
	at com.baomidou.mybatisplus.core.override.MybatisMapperProxy.invoke(MybatisMapperProxy.java:93)
	at jdk.proxy2/jdk.proxy2.$Proxy153.insert(Unknown Source)
	at cn.zszj.module.system.service.permission.TenantPackageMenuIntersectionTest.seedPackage(TenantPackageMenuIntersectionTest.java:186)
	at cn.zszj.module.system.service.permission.TenantPackageMenuIntersectionTest.testAssignRoleMenu_menuOutsidePackage_rejected(TenantPackageMenuIntersectionTest.java:91)
	at java.base/java.lang.reflect.Method.invoke(Method.java:569)
	at java.base/java.util.ArrayList.forEach(ArrayList.java:1511)
	at java.base/java.util.ArrayList.forEach(ArrayList.java:1511)
Caused by: org.h2.jdbc.JdbcSQLIntegrityConstraintViolationException: NULL not allowed for column "status"; SQL statement:
INSERT INTO system_tenant_package  ( id, name,   menu_ids, create_time, update_time, creator, updater )  VALUES (  ?, ?,   ?, ?, ?, ?, ?  ) [23502-232]
	at org.h2.message.DbException.getJdbcSQLException(DbException.java:520)
	at org.h2.message.DbException.getJdbcSQLException(DbException.java:489)
	at org.h2.message.DbException.get(DbException.java:223)
	at org.h2.message.DbException.get(DbException.java:199)
	at org.h2.table.Column.validateConvertUpdateSequence(Column.java:402)
	at org.h2.table.Table.convertInsertRow(Table.java:963)
	at org.h2.command.dml.Insert.insertRows(Insert.java:167)
	at org.h2.command.dml.Insert.update(Insert.java:135)
	at org.h2.command.dml.DataChangeStatement.update(DataChangeStatement.java:74)
	at org.h2.command.CommandContainer.update(CommandContainer.java:139)
	at org.h2.command.Command.executeUpdate(Command.java:304)
	at org.h2.command.Command.executeUpdate(Command.java:248)
	at org.h2.jdbc.JdbcPreparedStatement.execute(JdbcPreparedStatement.java:262)
	at com.zaxxer.hikari.pool.ProxyPreparedStatement.execute(ProxyPreparedStatement.java:44)
	at com.zaxxer.hikari.pool.HikariProxyPreparedStatement.execute(HikariProxyPreparedStatement.java)
	at java.base/jdk.internal.reflect.NativeMethodAccessorImpl.invoke0(Native Method)
	at java.base/jdk.internal.reflect.NativeMethodAccessorImpl.invoke(NativeMethodAccessorImpl.java:77)
	at java.base/jdk.internal.reflect.DelegatingMethodAccessorImpl.invoke(DelegatingMethodAccessorImpl.java:43)
	at java.base/java.lang.reflect.Method.invoke(Method.java:569)
	at org.apache.ibatis.logging.jdbc.PreparedStatementLogger.invoke(PreparedStatementLogger.java:58)
	at jdk.proxy3/jdk.proxy3.$Proxy158.execute(Unknown Source)
	at org.apache.ibatis.executor.statement.PreparedStatementHandler.update(PreparedStatementHandler.java:48)
	at org.apache.ibatis.executor.statement.RoutingStatementHandler.update(RoutingStatementHandler.java:75)
	at java.base/jdk.internal.reflect.NativeMethodAccessorImpl.invoke0(Native Method)
	at java.base/jdk.internal.reflect.NativeMethodAccessorImpl.invoke(NativeMethodAccessorImpl.java:77)
	at java.base/jdk.internal.reflect.DelegatingMethodAccessorImpl.invoke(DelegatingMethodAccessorImpl.java:43)
	at java.base/java.lang.reflect.Method.invoke(Method.java:569)
	at org.apache.ibatis.plugin.Plugin.invoke(Plugin.java:61)
	at jdk.proxy2/jdk.proxy2.$Proxy157.update(Unknown Source)
	at org.apache.ibatis.executor.SimpleExecutor.doUpdate(SimpleExecutor.java:50)
	at org.apache.ibatis.executor.BaseExecutor.update(BaseExecutor.java:117)
	at org.apache.ibatis.executor.CachingExecutor.update(CachingExecutor.java:76)
	at java.base/jdk.internal.reflect.NativeMethodAccessorImpl.invoke0(Native Method)
	at java.base/jdk.internal.reflect.NativeMethodAccessorImpl.invoke(NativeMethodAccessorImpl.java:77)
	at java.base/jdk.internal.reflect.DelegatingMethodAccessorImpl.invoke(DelegatingMethodAccessorImpl.java:43)
	at java.base/java.lang.reflect.Method.invoke(Method.java:569)
	at org.apache.ibatis.plugin.Invocation.proceed(Invocation.java:61)
	at com.baomidou.mybatisplus.extension.plugins.MybatisPlusInterceptor.intercept(MybatisPlusInterceptor.java:106)
	at org.apache.ibatis.plugin.Plugin.invoke(Plugin.java:59)
	at jdk.proxy2/jdk.proxy2.$Proxy156.update(Unknown Source)
	at java.base/jdk.internal.reflect.NativeMethodAccessorImpl.invoke0(Native Method)
	at java.base/jdk.internal.reflect.NativeMethodAccessorImpl.invoke(NativeMethodAccessorImpl.java:77)
	at java.base/jdk.internal.reflect.DelegatingMethodAccessorImpl.invoke(DelegatingMethodAccessorImpl.java:43)
	at java.base/java.lang.reflect.Method.invoke(Method.java:569)
	at org.apache.ibatis.plugin.Plugin.invoke(Plugin.java:61)
	at jdk.proxy2/jdk.proxy2.$Proxy156.update(Unknown Source)
	at org.apache.ibatis.session.defaults.DefaultSqlSession.update(DefaultSqlSession.java:197)
	at org.apache.ibatis.session.defaults.DefaultSqlSession.insert(DefaultSqlSession.java:184)
	at java.base/jdk.internal.reflect.NativeMethodAccessorImpl.invoke0(Native Method)
	at java.base/jdk.internal.reflect.NativeMethodAccessorImpl.invoke(NativeMethodAccessorImpl.java:77)
	at java.base/jdk.internal.reflect.DelegatingMethodAccessorImpl.invoke(DelegatingMethodAccessorImpl.java:43)
	at java.base/java.lang.reflect.Method.invoke(Method.java:569)
	at org.mybatis.spring.SqlSessionTemplate$SqlSessionInterceptor.invoke(SqlSessionTemplate.java:333)
	... 11 more

[ERROR] cn.zszj.module.system.service.permission.TenantPackageMenuIntersectionTest.testPackageExpand_normalRoleKept_tenantAdminFollows -- Time elapsed: 0.016 s <<< ERROR!
org.springframework.dao.DataIntegrityViolationException: 

### Error updating database.  Cause: org.h2.jdbc.JdbcSQLIntegrityConstraintViolationException: NULL not allowed for column "status"; SQL statement:
INSERT INTO system_tenant_package  ( id, name,   menu_ids, create_time, update_time, creator, updater )  VALUES (  ?, ?,   ?, ?, ?, ?, ?  ) [23502-232]
### The error may exist in cn/zszj/module/system/dal/mysql/tenant/TenantPackageMapper.java (best guess)
### The error may involve cn.zszj.module.system.dal.mysql.tenant.TenantPackageMapper.insert-Inline
### The error occurred while setting parameters
### SQL: INSERT INTO system_tenant_package  ( id, name,   menu_ids, create_time, update_time, creator, updater )  VALUES (  ?, ?,   ?, ?, ?, ?, ?  )
### Cause: org.h2.jdbc.JdbcSQLIntegrityConstraintViolationException: NULL not allowed for column "status"; SQL statement:
INSERT INTO system_tenant_package  ( id, name,   menu_ids, create_time, update_time, creator, updater )  VALUES (  ?, ?,   ?, ?, ?, ?, ?  ) [23502-232]
; NULL not allowed for column "status"; SQL statement:
INSERT INTO system_tenant_package  ( id, name,   menu_ids, create_time, update_time, creator, updater )  VALUES (  ?, ?,   ?, ?, ?, ?, ?  ) [23502-232]
	at org.springframework.jdbc.support.SQLErrorCodeSQLExceptionTranslator.doTranslate(SQLErrorCodeSQLExceptionTranslator.java:258)
	at org.springframework.jdbc.support.AbstractFallbackSQLExceptionTranslator.translate(AbstractFallbackSQLExceptionTranslator.java:107)
	at org.mybatis.spring.MyBatisExceptionTranslator.translateExceptionIfPossible(MyBatisExceptionTranslator.java:95)
	at org.mybatis.spring.SqlSessionTemplate$SqlSessionInterceptor.invoke(SqlSessionTemplate.java:347)
	at jdk.proxy2/jdk.proxy2.$Proxy141.insert(Unknown Source)
	at org.mybatis.spring.SqlSessionTemplate.insert(SqlSessionTemplate.java:224)
	at com.baomidou.mybatisplus.core.override.MybatisMapperMethod.execute(MybatisMapperMethod.java:81)
	at com.baomidou.mybatisplus.core.override.MybatisMapperProxy$PlainMethodInvoker.invoke(MybatisMapperProxy.java:156)
	at com.baomidou.mybatisplus.core.override.MybatisMapperProxy.invoke(MybatisMapperProxy.java:93)
	at jdk.proxy2/jdk.proxy2.$Proxy153.insert(Unknown Source)
	at cn.zszj.module.system.service.permission.TenantPackageMenuIntersectionTest.seedPackage(TenantPackageMenuIntersectionTest.java:186)
	at cn.zszj.module.system.service.permission.TenantPackageMenuIntersectionTest.testPackageExpand_normalRoleKept_tenantAdminFollows(TenantPackageMenuIntersectionTest.java:155)
	at java.base/java.lang.reflect.Method.invoke(Method.java:569)
	at java.base/java.util.ArrayList.forEach(ArrayList.java:1511)
	at java.base/java.util.ArrayList.forEach(ArrayList.java:1511)
Caused by: org.h2.jdbc.JdbcSQLIntegrityConstraintViolationException: NULL not allowed for column "status"; SQL statement:
INSERT INTO system_tenant_package  ( id, name,   menu_ids, create_time, update_time, creator, updater )  VALUES (  ?, ?,   ?, ?, ?, ?, ?  ) [23502-232]
	at org.h2.message.DbException.getJdbcSQLException(DbException.java:520)
	at org.h2.message.DbException.getJdbcSQLException(DbException.java:489)
	at org.h2.message.DbException.get(DbException.java:223)
	at org.h2.message.DbException.get(DbException.java:199)
	at org.h2.table.Column.validateConvertUpdateSequence(Column.java:402)
	at org.h2.table.Table.convertInsertRow(Table.java:963)
	at org.h2.command.dml.Insert.insertRows(Insert.java:167)
	at org.h2.command.dml.Insert.update(Insert.java:135)
	at org.h2.command.dml.DataChangeStatement.update(DataChangeStatement.java:74)
	at org.h2.command.CommandContainer.update(CommandContainer.java:139)
	at org.h2.command.Command.executeUpdate(Command.java:304)
	at org.h2.command.Command.executeUpdate(Command.java:248)
	at org.h2.jdbc.JdbcPreparedStatement.execute(JdbcPreparedStatement.java:262)
	at com.zaxxer.hikari.pool.ProxyPreparedStatement.execute(ProxyPreparedStatement.java:44)
	at com.zaxxer.hikari.pool.HikariProxyPreparedStatement.execute(HikariProxyPreparedStatement.java)
	at java.base/jdk.internal.reflect.NativeMethodAccessorImpl.invoke0(Native Method)
	at java.base/jdk.internal.reflect.NativeMethodAccessorImpl.invoke(NativeMethodAccessorImpl.java:77)
	at java.base/jdk.internal.reflect.DelegatingMethodAccessorImpl.invoke(DelegatingMethodAccessorImpl.java:43)
	at java.base/java.lang.reflect.Method.invoke(Method.java:569)
	at org.apache.ibatis.logging.jdbc.PreparedStatementLogger.invoke(PreparedStatementLogger.java:58)
	at jdk.proxy3/jdk.proxy3.$Proxy158.execute(Unknown Source)
	at org.apache.ibatis.executor.statement.PreparedStatementHandler.update(PreparedStatementHandler.java:48)
	at org.apache.ibatis.executor.statement.RoutingStatementHandler.update(RoutingStatementHandler.java:75)
	at java.base/jdk.internal.reflect.NativeMethodAccessorImpl.invoke0(Native Method)
	at java.base/jdk.internal.reflect.NativeMethodAccessorImpl.invoke(NativeMethodAccessorImpl.java:77)
	at java.base/jdk.internal.reflect.DelegatingMethodAccessorImpl.invoke(DelegatingMethodAccessorImpl.java:43)
	at java.base/java.lang.reflect.Method.invoke(Method.java:569)
	at org.apache.ibatis.plugin.Plugin.invoke(Plugin.java:61)
	at jdk.proxy2/jdk.proxy2.$Proxy157.update(Unknown Source)
	at org.apache.ibatis.executor.SimpleExecutor.doUpdate(SimpleExecutor.java:50)
	at org.apache.ibatis.executor.BaseExecutor.update(BaseExecutor.java:117)
	at org.apache.ibatis.executor.CachingExecutor.update(CachingExecutor.java:76)
	at java.base/jdk.internal.reflect.NativeMethodAccessorImpl.invoke0(Native Method)
	at java.base/jdk.internal.reflect.NativeMethodAccessorImpl.invoke(NativeMethodAccessorImpl.java:77)
	at java.base/jdk.internal.reflect.DelegatingMethodAccessorImpl.invoke(DelegatingMethodAccessorImpl.java:43)
	at java.base/java.lang.reflect.Method.invoke(Method.java:569)
	at org.apache.ibatis.plugin.Invocation.proceed(Invocation.java:61)
	at com.baomidou.mybatisplus.extension.plugins.MybatisPlusInterceptor.intercept(MybatisPlusInterceptor.java:106)
	at org.apache.ibatis.plugin.Plugin.invoke(Plugin.java:59)
	at jdk.proxy2/jdk.proxy2.$Proxy156.update(Unknown Source)
	at java.base/jdk.internal.reflect.NativeMethodAccessorImpl.invoke0(Native Method)
	at java.base/jdk.internal.reflect.NativeMethodAccessorImpl.invoke(NativeMethodAccessorImpl.java:77)
	at java.base/jdk.internal.reflect.DelegatingMethodAccessorImpl.invoke(DelegatingMethodAccessorImpl.java:43)
	at java.base/java.lang.reflect.Method.invoke(Method.java:569)
	at org.apache.ibatis.plugin.Plugin.invoke(Plugin.java:61)
	at jdk.proxy2/jdk.proxy2.$Proxy156.update(Unknown Source)
	at org.apache.ibatis.session.defaults.DefaultSqlSession.update(DefaultSqlSession.java:197)
	at org.apache.ibatis.session.defaults.DefaultSqlSession.insert(DefaultSqlSession.java:184)
	at java.base/jdk.internal.reflect.NativeMethodAccessorImpl.invoke0(Native Method)
	at java.base/jdk.internal.reflect.NativeMethodAccessorImpl.invoke(NativeMethodAccessorImpl.java:77)
	at java.base/jdk.internal.reflect.DelegatingMethodAccessorImpl.invoke(DelegatingMethodAccessorImpl.java:43)
	at java.base/java.lang.reflect.Method.invoke(Method.java:569)
	at org.mybatis.spring.SqlSessionTemplate$SqlSessionInterceptor.invoke(SqlSessionTemplate.java:333)
	... 11 more

[ERROR] cn.zszj.module.system.service.permission.TenantPackageMenuIntersectionTest.testAssignRoleMenu_menuInsidePackage_succeeds -- Time elapsed: 0.010 s <<< ERROR!
org.springframework.dao.DataIntegrityViolationException: 

### Error updating database.  Cause: org.h2.jdbc.JdbcSQLIntegrityConstraintViolationException: NULL not allowed for column "status"; SQL statement:
INSERT INTO system_tenant_package  ( id, name,   menu_ids, create_time, update_time, creator, updater )  VALUES (  ?, ?,   ?, ?, ?, ?, ?  ) [23502-232]
### The error may exist in cn/zszj/module/system/dal/mysql/tenant/TenantPackageMapper.java (best guess)
### The error may involve cn.zszj.module.system.dal.mysql.tenant.TenantPackageMapper.insert-Inline
### The error occurred while setting parameters
### SQL: INSERT INTO system_tenant_package  ( id, name,   menu_ids, create_time, update_time, creator, updater )  VALUES (  ?, ?,   ?, ?, ?, ?, ?  )
### Cause: org.h2.jdbc.JdbcSQLIntegrityConstraintViolationException: NULL not allowed for column "status"; SQL statement:
INSERT INTO system_tenant_package  ( id, name,   menu_ids, create_time, update_time, creator, updater )  VALUES (  ?, ?,   ?, ?, ?, ?, ?  ) [23502-232]
; NULL not allowed for column "status"; SQL statement:
INSERT INTO system_tenant_package  ( id, name,   menu_ids, create_time, update_time, creator, updater )  VALUES (  ?, ?,   ?, ?, ?, ?, ?  ) [23502-232]
	at org.springframework.jdbc.support.SQLErrorCodeSQLExceptionTranslator.doTranslate(SQLErrorCodeSQLExceptionTranslator.java:258)
	at org.springframework.jdbc.support.AbstractFallbackSQLExceptionTranslator.translate(AbstractFallbackSQLExceptionTranslator.java:107)
	at org.mybatis.spring.MyBatisExceptionTranslator.translateExceptionIfPossible(MyBatisExceptionTranslator.java:95)
	at org.mybatis.spring.SqlSessionTemplate$SqlSessionInterceptor.invoke(SqlSessionTemplate.java:347)
	at jdk.proxy2/jdk.proxy2.$Proxy141.insert(Unknown Source)
	at org.mybatis.spring.SqlSessionTemplate.insert(SqlSessionTemplate.java:224)
	at com.baomidou.mybatisplus.core.override.MybatisMapperMethod.execute(MybatisMapperMethod.java:81)
	at com.baomidou.mybatisplus.core.override.MybatisMapperProxy$PlainMethodInvoker.invoke(MybatisMapperProxy.java:156)
	at com.baomidou.mybatisplus.core.override.MybatisMapperProxy.invoke(MybatisMapperProxy.java:93)
	at jdk.proxy2/jdk.proxy2.$Proxy153.insert(Unknown Source)
	at cn.zszj.module.system.service.permission.TenantPackageMenuIntersectionTest.seedPackage(TenantPackageMenuIntersectionTest.java:186)
	at cn.zszj.module.system.service.permission.TenantPackageMenuIntersectionTest.testAssignRoleMenu_menuInsidePackage_succeeds(TenantPackageMenuIntersectionTest.java:103)
	at java.base/java.lang.reflect.Method.invoke(Method.java:569)
	at java.base/java.util.ArrayList.forEach(ArrayList.java:1511)
	at java.base/java.util.ArrayList.forEach(ArrayList.java:1511)
Caused by: org.h2.jdbc.JdbcSQLIntegrityConstraintViolationException: NULL not allowed for column "status"; SQL statement:
INSERT INTO system_tenant_package  ( id, name,   menu_ids, create_time, update_time, creator, updater )  VALUES (  ?, ?,   ?, ?, ?, ?, ?  ) [23502-232]
	at org.h2.message.DbException.getJdbcSQLException(DbException.java:520)
	at org.h2.message.DbException.getJdbcSQLException(DbException.java:489)
	at org.h2.message.DbException.get(DbException.java:223)
	at org.h2.message.DbException.get(DbException.java:199)
	at org.h2.table.Column.validateConvertUpdateSequence(Column.java:402)
	at org.h2.table.Table.convertInsertRow(Table.java:963)
	at org.h2.command.dml.Insert.insertRows(Insert.java:167)
	at org.h2.command.dml.Insert.update(Insert.java:135)
	at org.h2.command.dml.DataChangeStatement.update(DataChangeStatement.java:74)
	at org.h2.command.CommandContainer.update(CommandContainer.java:139)
	at org.h2.command.Command.executeUpdate(Command.java:304)
	at org.h2.command.Command.executeUpdate(Command.java:248)
	at org.h2.jdbc.JdbcPreparedStatement.execute(JdbcPreparedStatement.java:262)
	at com.zaxxer.hikari.pool.ProxyPreparedStatement.execute(ProxyPreparedStatement.java:44)
	at com.zaxxer.hikari.pool.HikariProxyPreparedStatement.execute(HikariProxyPreparedStatement.java)
	at java.base/jdk.internal.reflect.NativeMethodAccessorImpl.invoke0(Native Method)
	at java.base/jdk.internal.reflect.NativeMethodAccessorImpl.invoke(NativeMethodAccessorImpl.java:77)
	at java.base/jdk.internal.reflect.DelegatingMethodAccessorImpl.invoke(DelegatingMethodAccessorImpl.java:43)
	at java.base/java.lang.reflect.Method.invoke(Method.java:569)
	at org.apache.ibatis.logging.jdbc.PreparedStatementLogger.invoke(PreparedStatementLogger.java:58)
	at jdk.proxy3/jdk.proxy3.$Proxy158.execute(Unknown Source)
	at org.apache.ibatis.executor.statement.PreparedStatementHandler.update(PreparedStatementHandler.java:48)
	at org.apache.ibatis.executor.statement.RoutingStatementHandler.update(RoutingStatementHandler.java:75)
	at java.base/jdk.internal.reflect.NativeMethodAccessorImpl.invoke0(Native Method)
	at java.base/jdk.internal.reflect.NativeMethodAccessorImpl.invoke(NativeMethodAccessorImpl.java:77)
	at java.base/jdk.internal.reflect.DelegatingMethodAccessorImpl.invoke(DelegatingMethodAccessorImpl.java:43)
	at java.base/java.lang.reflect.Method.invoke(Method.java:569)
	at org.apache.ibatis.plugin.Plugin.invoke(Plugin.java:61)
	at jdk.proxy2/jdk.proxy2.$Proxy157.update(Unknown Source)
	at org.apache.ibatis.executor.SimpleExecutor.doUpdate(SimpleExecutor.java:50)
	at org.apache.ibatis.executor.BaseExecutor.update(BaseExecutor.java:117)
	at org.apache.ibatis.executor.CachingExecutor.update(CachingExecutor.java:76)
	at jdk.internal.reflect.GeneratedMethodAccessor27.invoke(Unknown Source)
	at java.base/jdk.internal.reflect.DelegatingMethodAccessorImpl.invoke(DelegatingMethodAccessorImpl.java:43)
	at java.base/java.lang.reflect.Method.invoke(Method.java:569)
	at org.apache.ibatis.plugin.Invocation.proceed(Invocation.java:61)
	at com.baomidou.mybatisplus.extension.plugins.MybatisPlusInterceptor.intercept(MybatisPlusInterceptor.java:106)
	at org.apache.ibatis.plugin.Plugin.invoke(Plugin.java:59)
	at jdk.proxy2/jdk.proxy2.$Proxy156.update(Unknown Source)
	at jdk.internal.reflect.GeneratedMethodAccessor27.invoke(Unknown Source)
	at java.base/jdk.internal.reflect.DelegatingMethodAccessorImpl.invoke(DelegatingMethodAccessorImpl.java:43)
	at java.base/java.lang.reflect.Method.invoke(Method.java:569)
	at org.apache.ibatis.plugin.Plugin.invoke(Plugin.java:61)
	at jdk.proxy2/jdk.proxy2.$Proxy156.update(Unknown Source)
	at org.apache.ibatis.session.defaults.DefaultSqlSession.update(DefaultSqlSession.java:197)
	at org.apache.ibatis.session.defaults.DefaultSqlSession.insert(DefaultSqlSession.java:184)
	at java.base/jdk.internal.reflect.NativeMethodAccessorImpl.invoke0(Native Method)
	at java.base/jdk.internal.reflect.NativeMethodAccessorImpl.invoke(NativeMethodAccessorImpl.java:77)
	at java.base/jdk.internal.reflect.DelegatingMethodAccessorImpl.invoke(DelegatingMethodAccessorImpl.java:43)
	at java.base/java.lang.reflect.Method.invoke(Method.java:569)
	at org.mybatis.spring.SqlSessionTemplate$SqlSessionInterceptor.invoke(SqlSessionTemplate.java:333)
	... 11 more

[INFO] 
[INFO] Results:
[INFO] 
[ERROR] Errors: 
[ERROR]   TenantPackageMenuIntersectionTest.testAssignRoleMenu_menuInsidePackage_succeeds:103->seedPackage:186 ? DataIntegrityViolation 
### Error updating database.  Cause: org.h2.jdbc.JdbcSQLIntegrityConstraintViolationException: NULL not allowed for column "status"; SQL statement:
INSERT INTO system_tenant_package  ( id, name,   menu_ids, create_time, update_time, creator, updater )  VALUES (  ?, ?,   ?, ?, ?, ?, ?  ) [23502-232]
### The error may exist in cn/zszj/module/system/dal/mysql/tenant/TenantPackageMapper.java (best guess)
### The error may involve cn.zszj.module.system.dal.mysql.tenant.TenantPackageMapper.insert-Inline
### The error occurred while setting parameters
### SQL: INSERT INTO system_tenant_package  ( id, name,   menu_ids, create_time, update_time, creator, updater )  VALUES (  ?, ?,   ?, ?, ?, ?, ?  )
### Cause: org.h2.jdbc.JdbcSQLIntegrityConstraintViolationException: NULL not allowed for column "status"; SQL statement:
INSERT INTO system_tenant_package  ( id, name,   menu_ids, create_time, update_time, creator, updater )  VALUES (  ?, ?,   ?, ?, ?, ?, ?  ) [23502-232]
; NULL not allowed for column "status"; SQL statement:
INSERT INTO system_tenant_package  ( id, name,   menu_ids, create_time, update_time, creator, updater )  VALUES (  ?, ?,   ?, ?, ?, ?, ?  ) [23502-232]
[ERROR]   TenantPackageMenuIntersectionTest.testAssignRoleMenu_menuOutsidePackage_rejected:91->seedPackage:186 ? DataIntegrityViolation 
### Error updating database.  Cause: org.h2.jdbc.JdbcSQLIntegrityConstraintViolationException: NULL not allowed for column "status"; SQL statement:
INSERT INTO system_tenant_package  ( id, name,   menu_ids, create_time, update_time, creator, updater )  VALUES (  ?, ?,   ?, ?, ?, ?, ?  ) [23502-232]
### The error may exist in cn/zszj/module/system/dal/mysql/tenant/TenantPackageMapper.java (best guess)
### The error may involve cn.zszj.module.system.dal.mysql.tenant.TenantPackageMapper.insert-Inline
### The error occurred while setting parameters
### SQL: INSERT INTO system_tenant_package  ( id, name,   menu_ids, create_time, update_time, creator, updater )  VALUES (  ?, ?,   ?, ?, ?, ?, ?  )
### Cause: org.h2.jdbc.JdbcSQLIntegrityConstraintViolationException: NULL not allowed for column "status"; SQL statement:
INSERT INTO system_tenant_package  ( id, name,   menu_ids, create_time, update_time, creator, updater )  VALUES (  ?, ?,   ?, ?, ?, ?, ?  ) [23502-232]
; NULL not allowed for column "status"; SQL statement:
INSERT INTO system_tenant_package  ( id, name,   menu_ids, create_time, update_time, creator, updater )  VALUES (  ?, ?,   ?, ?, ?, ?, ?  ) [23502-232]
[ERROR]   TenantPackageMenuIntersectionTest.testPackageExpand_normalRoleKept_tenantAdminFollows:155->seedPackage:186 ? DataIntegrityViolation 
### Error updating database.  Cause: org.h2.jdbc.JdbcSQLIntegrityConstraintViolationException: NULL not allowed for column "status"; SQL statement:
INSERT INTO system_tenant_package  ( id, name,   menu_ids, create_time, update_time, creator, updater )  VALUES (  ?, ?,   ?, ?, ?, ?, ?  ) [23502-232]
### The error may exist in cn/zszj/module/system/dal/mysql/tenant/TenantPackageMapper.java (best guess)
### The error may involve cn.zszj.module.system.dal.mysql.tenant.TenantPackageMapper.insert-Inline
### The error occurred while setting parameters
### SQL: INSERT INTO system_tenant_package  ( id, name,   menu_ids, create_time, update_time, creator, updater )  VALUES (  ?, ?,   ?, ?, ?, ?, ?  )
### Cause: org.h2.jdbc.JdbcSQLIntegrityConstraintViolationException: NULL not allowed for column "status"; SQL statement:
INSERT INTO system_tenant_package  ( id, name,   menu_ids, create_time, update_time, creator, updater )  VALUES (  ?, ?,   ?, ?, ?, ?, ?  ) [23502-232]
; NULL not allowed for column "status"; SQL statement:
INSERT INTO system_tenant_package  ( id, name,   menu_ids, create_time, update_time, creator, updater )  VALUES (  ?, ?,   ?, ?, ?, ?, ?  ) [23502-232]
[ERROR]   TenantPackageMenuIntersectionTest.testPackageShrink_roleMenusConverged_andPermissionDenied:126->seedPackage:186 ? DataIntegrityViolation 
### Error updating database.  Cause: org.h2.jdbc.JdbcSQLIntegrityConstraintViolationException: NULL not allowed for column "status"; SQL statement:
INSERT INTO system_tenant_package  ( id, name,   menu_ids, create_time, update_time, creator, updater )  VALUES (  ?, ?,   ?, ?, ?, ?, ?  ) [23502-232]
### The error may exist in cn/zszj/module/system/dal/mysql/tenant/TenantPackageMapper.java (best guess)
### The error may involve cn.zszj.module.system.dal.mysql.tenant.TenantPackageMapper.insert-Inline
### The error occurred while setting parameters
### SQL: INSERT INTO system_tenant_package  ( id, name,   menu_ids, create_time, update_time, creator, updater )  VALUES (  ?, ?,   ?, ?, ?, ?, ?  )
### Cause: org.h2.jdbc.JdbcSQLIntegrityConstraintViolationException: NULL not allowed for column "status"; SQL statement:
INSERT INTO system_tenant_package  ( id, name,   menu_ids, create_time, update_time, creator, updater )  VALUES (  ?, ?,   ?, ?, ?, ?, ?  ) [23502-232]
; NULL not allowed for column "status"; SQL statement:
INSERT INTO system_tenant_package  ( id, name,   menu_ids, create_time, update_time, creator, updater )  VALUES (  ?, ?,   ?, ?, ?, ?, ?  ) [23502-232]
[INFO] 
[ERROR] Tests run: 5, Failures: 0, Errors: 4, Skipped: 0
[INFO] 
[INFO] ------------------------------------------------------------------------
[INFO] BUILD FAILURE
[INFO] ------------------------------------------------------------------------
[INFO] Total time:  9.839 s
[INFO] Finished at: 2026-09-13T22:31:31+08:00
[INFO] ------------------------------------------------------------------------
[ERROR] Failed to execute goal org.apache.maven.plugins:maven-surefire-plugin:3.5.3:test (default-test) on project zszj-module-system: 
[ERROR] 
[ERROR] See E:\zszj-wt-cfg-003-b\services\zhongshu-core\zszj-module-system\target\surefire-reports for the individual test results.
[ERROR] See dump files (if any exist) [date].dump, [date]-jvmRun[N].dump and [date].dumpstream.
[ERROR] -> [Help 1]
[ERROR] 
[ERROR] To see the full stack trace of the errors, re-run Maven with the -e switch.
[ERROR] Re-run Maven using the -X switch to enable full debug logging.
[ERROR] 
[ERROR] For more information about the errors and possible solutions, please read the following articles:
[ERROR] [Help 1] http://cwiki.apache.org/confluence/display/MAVEN/MojoFailureException
