[INFO] Scanning for projects...
[INFO] 
[INFO] ---------------------< cn.zszj:zszj-module-system >---------------------
[INFO] Building zszj-module-system 2026.08-SNAPSHOT
[INFO]   from pom.xml
[INFO] --------------------------------[ jar ]---------------------------------
[INFO] 
[INFO] --- enforcer:3.5.0:enforce (enforce-jdk17-baseline) @ zszj-module-system ---
[INFO] Rule 0: org.apache.maven.enforcer.rules.version.RequireJavaVersion passed
[INFO] Rule 1: org.apache.maven.enforcer.rules.version.RequireMavenVersion passed
[INFO] 
[INFO] --- resources:3.3.1:resources (default-resources) @ zszj-module-system ---
[INFO] Copying 37 resources from src\main\resources to target\classes
[INFO] 
[INFO] --- flatten:1.7.2:flatten (flatten) @ zszj-module-system ---
[INFO] Generating flattened POM of project cn.zszj:zszj-module-system:jar:2026.08-SNAPSHOT...
[INFO] 
[INFO] --- compiler:3.14.0:compile (default-compile) @ zszj-module-system ---
[INFO] Nothing to compile - all classes are up to date.
[INFO] 
[INFO] --- resources:3.3.1:testResources (default-testResources) @ zszj-module-system ---
[INFO] Copying 4 resources from src\test\resources to target\test-classes
[INFO] 
[INFO] --- compiler:3.14.0:testCompile (default-testCompile) @ zszj-module-system ---
[INFO] Recompiling the module because of changed source code.
[INFO] Compiling 69 source files with javac [target 17] to target\test-classes
[INFO] 
[INFO] --- surefire:3.5.3:test (default-test) @ zszj-module-system ---
[INFO] Using auto detected provider org.apache.maven.surefire.junitplatform.JUnitPlatformProvider
[INFO] 
[INFO] -------------------------------------------------------
[INFO]  T E S T S
[INFO] -------------------------------------------------------
[INFO] Running cn.zszj.module.system.service.permission.MenuServiceImplTest
23:07:44,821 |-WARN in Logger[org.jboss.logging] - No appenders present in context [default] for logger [org.jboss.logging].
OpenJDK 64-Bit Server VM warning: Sharing is only supported for boot loader classes because bootstrap classpath has been appended
 _ _   |_  _ _|_. ___ _ |    _ 
| | |\/|_)(_| | |_\  |_)||_|_\ 
     /               |         
                        null 
[INFO] Tests run: 18, Failures: 0, Errors: 0, Skipped: 0, Time elapsed: 4.151 s -- in cn.zszj.module.system.service.permission.MenuServiceImplTest
[INFO] Running cn.zszj.module.system.service.permission.PermissionCacheConsistencyTest
 _ _   |_  _ _|_. ___ _ |    _ 
| | |\/|_)(_| | |_\  |_)||_|_\ 
     /               |         
                        null 
[INFO] Tests run: 5, Failures: 0, Errors: 0, Skipped: 0, Time elapsed: 1.772 s -- in cn.zszj.module.system.service.permission.PermissionCacheConsistencyTest
[INFO] Running cn.zszj.module.system.service.permission.PermissionServiceTest
 _ _   |_  _ _|_. ___ _ |    _ 
| | |\/|_)(_| | |_\  |_)||_|_\ 
     /               |         
                        null 
[INFO] Tests run: 33, Failures: 0, Errors: 0, Skipped: 0, Time elapsed: 1.052 s -- in cn.zszj.module.system.service.permission.PermissionServiceTest
[INFO] Running cn.zszj.module.system.service.permission.RoleServiceImplTest
 _ _   |_  _ _|_. ___ _ |    _ 
| | |\/|_)(_| | |_\  |_)||_|_\ 
     /               |         
                        null 
[INFO] Tests run: 22, Failures: 0, Errors: 0, Skipped: 0, Time elapsed: 1.090 s -- in cn.zszj.module.system.service.permission.RoleServiceImplTest
[INFO] Running cn.zszj.module.system.service.permission.TenantPackageMenuIntersectionTest
 _ _   |_  _ _|_. ___ _ |    _ 
| | |\/|_)(_| | |_\  |_)||_|_\ 
     /               |         
                        null 
[INFO] Tests run: 8, Failures: 0, Errors: 0, Skipped: 0, Time elapsed: 0.823 s -- in cn.zszj.module.system.service.permission.TenantPackageMenuIntersectionTest
[INFO] Running cn.zszj.module.system.service.tenant.TenantPackageServiceImplTest
 _ _   |_  _ _|_. ___ _ |    _ 
| | |\/|_)(_| | |_\  |_)||_|_\ 
     /               |         
                        null 
[INFO] Tests run: 14, Failures: 0, Errors: 0, Skipped: 0, Time elapsed: 0.589 s -- in cn.zszj.module.system.service.tenant.TenantPackageServiceImplTest
[INFO] Running cn.zszj.module.system.service.tenant.TenantServiceImplTest
 _ _   |_  _ _|_. ___ _ |    _ 
| | |\/|_)(_| | |_\  |_)||_|_\ 
     /               |         
                        null 
[ERROR] Tests run: 23, Failures: 1, Errors: 0, Skipped: 0, Time elapsed: 1.370 s <<< FAILURE! -- in cn.zszj.module.system.service.tenant.TenantServiceImplTest
[ERROR] cn.zszj.module.system.service.tenant.TenantServiceImplTest.testCreateTenant -- Time elapsed: 0.091 s <<< FAILURE!
Argument(s) are different! Wanted:
cn.zszj.module.system.service.permission.PermissionService#0.assignRoleMenu(
    200L,
    same([117774811809100, 117774811870200, 117774811737700, 117774811777600, 117774811839600])
);
-> at cn.zszj.module.system.service.tenant.TenantServiceImplTest.testCreateTenant(TenantServiceImplTest.java:179)
Actual invocations have different arguments at position [1]:
cn.zszj.module.system.service.permission.PermissionService#0.assignRoleMenu(
    200L,
    [117774814348300, 117774814408700, 117774814465900, 117774814380600, 117774814438200]
);
-> at cn.zszj.module.system.service.tenant.TenantServiceImpl.createRole(TenantServiceImpl.java:157)
cn.zszj.module.system.service.permission.PermissionService#0.assignUserRole(
    300L,
    [200]
);
-> at cn.zszj.module.system.service.tenant.TenantServiceImpl.createUser(TenantServiceImpl.java:146)

	at cn.zszj.module.system.service.tenant.TenantServiceImplTest.testCreateTenant(TenantServiceImplTest.java:179)
	at java.base/java.lang.reflect.Method.invoke(Method.java:569)
	at java.base/java.util.ArrayList.forEach(ArrayList.java:1511)
	at java.base/java.util.ArrayList.forEach(ArrayList.java:1511)

[INFO] 
[INFO] Results:
[INFO] 
[ERROR] Failures: 
[ERROR]   TenantServiceImplTest.testCreateTenant:179 
Argument(s) are different! Wanted:
cn.zszj.module.system.service.permission.PermissionService#0.assignRoleMenu(
    200L,
    same([117774811809100, 117774811870200, 117774811737700, 117774811777600, 117774811839600])
);
-> at cn.zszj.module.system.service.tenant.TenantServiceImplTest.testCreateTenant(TenantServiceImplTest.java:179)
Actual invocations have different arguments at position [1]:
cn.zszj.module.system.service.permission.PermissionService#0.assignRoleMenu(
    200L,
    [117774814348300, 117774814408700, 117774814465900, 117774814380600, 117774814438200]
);
-> at cn.zszj.module.system.service.tenant.TenantServiceImpl.createRole(TenantServiceImpl.java:157)
cn.zszj.module.system.service.permission.PermissionService#0.assignUserRole(
    300L,
    [200]
);
-> at cn.zszj.module.system.service.tenant.TenantServiceImpl.createUser(TenantServiceImpl.java:146)

[INFO] 
[ERROR] Tests run: 123, Failures: 1, Errors: 0, Skipped: 0
[INFO] 
[INFO] ------------------------------------------------------------------------
[INFO] BUILD FAILURE
[INFO] ------------------------------------------------------------------------
[INFO] Total time:  19.668 s
[INFO] Finished at: 2026-09-13T23:07:55+08:00
[INFO] ------------------------------------------------------------------------
[ERROR] Failed to execute goal org.apache.maven.plugins:maven-surefire-plugin:3.5.3:test (default-test) on project zszj-module-system: There are test failures.
[ERROR] 
[ERROR] See E:\zszj-wt-cfg-003-b\services\zhongshu-core\zszj-module-system\target\surefire-reports for the individual test results.
[ERROR] See dump files (if any exist) [date].dump, [date]-jvmRun[N].dump and [date].dumpstream.
[ERROR] -> [Help 1]
[ERROR] 
[ERROR] To see the full stack trace of the errors, re-run Maven with the -e switch.
[ERROR] Re-run Maven using the -X switch to enable full debug logging.
[ERROR] 
[ERROR] For more information about the errors and possible solutions, please read the following articles:
[ERROR] [Help 1] http://cwiki.apache.org/confluence/display/MAVEN/MojoFailureException
