[INFO] Scanning for projects...
[INFO] 
[INFO] ---------------------< cn.zszj:zszj-module-infra >----------------------
[INFO] Building zszj-module-infra 2026.08-SNAPSHOT
[INFO]   from pom.xml
[INFO] --------------------------------[ jar ]---------------------------------
[INFO] 
[INFO] --- enforcer:3.5.0:enforce (enforce-jdk17-baseline) @ zszj-module-infra ---
[INFO] Rule 0: org.apache.maven.enforcer.rules.version.RequireJavaVersion passed
[INFO] Rule 1: org.apache.maven.enforcer.rules.version.RequireMavenVersion passed
[INFO] 
[INFO] --- resources:3.3.1:resources (default-resources) @ zszj-module-infra ---
[INFO] Copying 108 resources from src\main\resources to target\classes
[INFO] 
[INFO] --- flatten:1.7.2:flatten (flatten) @ zszj-module-infra ---
[INFO] Generating flattened POM of project cn.zszj:zszj-module-infra:jar:2026.08-SNAPSHOT...
[INFO] 
[INFO] --- compiler:3.14.0:compile (default-compile) @ zszj-module-infra ---
[INFO] Recompiling the module because of changed source code.
[INFO] Compiling 208 source files with javac [target 17] to target\classes
[WARNING] /E:/zszj-wt-cfg-004/services/zhongshu-core/zszj-module-infra/src/main/java/cn/zszj/module/infra/convert/codegen/CodegenConvert.java:[34,20] Unmapped target properties: "createTime, updateTime, creator, updater, deleted, id, dataSourceConfigId, scene, remark, moduleName, businessName, className, classComment, author, templateType, frontType, parentMenuId, masterTableId, subJoinColumnId, subJoinMany, treeParentColumnId, treeNameColumnId, transMap".
[WARNING] /E:/zszj-wt-cfg-004/services/zhongshu-core/zszj-module-infra/src/main/java/cn/zszj/module/infra/convert/codegen/CodegenConvert.java:[47,21] Unmapped target properties: "createTime, updateTime, creator, updater, deleted, id, tableId, ordinalPosition, dictType, example, createOperation, updateOperation, listOperation, listOperationCondition, listOperationResult, htmlType, transMap".
[WARNING] /E:/zszj-wt-cfg-004/services/zhongshu-core/zszj-module-infra/src/main/java/cn/zszj/module/infra/convert/config/ConfigConvert.java:[26,14] Unmapped target properties: "createTime, updateTime, creator, updater, deleted, type, transMap".
[WARNING] /E:/zszj-wt-cfg-004/services/zhongshu-core/zszj-module-infra/src/main/java/cn/zszj/module/infra/convert/file/FileConfigConvert.java:[20,18] Unmapped target property: "master".
[INFO] 
[INFO] --- resources:3.3.1:testResources (default-testResources) @ zszj-module-infra ---
[INFO] Copying 900 resources from src\test\resources to target\test-classes
[INFO] 
[INFO] --- compiler:3.14.0:testCompile (default-testCompile) @ zszj-module-infra ---
[INFO] Recompiling the module because of changed dependency.
[INFO] Compiling 29 source files with javac [target 17] to target\test-classes
[INFO] 
[INFO] --- surefire:3.5.3:test (default-test) @ zszj-module-infra ---
[INFO] Using auto detected provider org.apache.maven.surefire.junitplatform.JUnitPlatformProvider
[INFO] 
[INFO] -------------------------------------------------------
[INFO]  T E S T S
[INFO] -------------------------------------------------------
[INFO] Running cn.zszj.module.infra.service.config.ConfigServiceImplMaskTest
OpenJDK 64-Bit Server VM warning: Sharing is only supported for boot loader classes because bootstrap classpath has been appended
[INFO] Tests run: 12, Failures: 0, Errors: 0, Skipped: 0, Time elapsed: 1.157 s -- in cn.zszj.module.infra.service.config.ConfigServiceImplMaskTest
[INFO] Running cn.zszj.module.infra.service.config.ConfigServiceImplTest
17:58:00,598 |-WARN in Logger[org.jboss.logging] - No appenders present in context [default] for logger [org.jboss.logging].
 _ _   |_  _ _|_. ___ _ |    _ 
| | |\/|_)(_| | |_\  |_)||_|_\ 
     /               |         
                        null 
[INFO] Tests run: 12, Failures: 0, Errors: 0, Skipped: 0, Time elapsed: 2.932 s -- in cn.zszj.module.infra.service.config.ConfigServiceImplTest
[INFO] Running cn.zszj.module.infra.service.config.ConfigServiceImplValueValidationTest
[INFO] Tests run: 26, Failures: 0, Errors: 0, Skipped: 0, Time elapsed: 0.281 s -- in cn.zszj.module.infra.service.config.ConfigServiceImplValueValidationTest
[INFO] 
[INFO] Results:
[INFO] 
[INFO] Tests run: 50, Failures: 0, Errors: 0, Skipped: 0
[INFO] 
[INFO] ------------------------------------------------------------------------
[INFO] BUILD SUCCESS
[INFO] ------------------------------------------------------------------------
[INFO] Total time:  13.169 s
[INFO] Finished at: 2026-09-13T17:58:03+08:00
[INFO] ------------------------------------------------------------------------
