[client-contract] 运行 zhongshu-admin-web vitest …

[1m[30m[46m RUN [49m[39m[22m [36mv4.1.11 [39m[90mE:/众墅之家AI赋能平台底座/apps/zhongshu-admin-web[39m

[90mstderr[2m | tests/unit/service.spec.ts[2m > [22m[2mservice 响应拦截器：异常收敛与可追踪[2m > [22m[2m验收④：解密失败显式 reject，且携带 trace-id
[22m[39m响应数据解密失败: Error: bad cipher
    at Object.h.decryptImpl (E:/众墅之家AI赋能平台底座/apps/zhongshu-admin-web/tests/unit/service.spec.ts:224:13)
    at Object.decryptResponse (E:/众墅之家AI赋能平台底座/apps/zhongshu-admin-web/tests/unit/service.spec.ts:31:36)
    at E:/众墅之家AI赋能平台底座/apps/zhongshu-admin-web/src/config/axios/service.ts:324:27
[90m    at processTicksAndRejections (node:internal/process/task_queues:104:5)[39m
    at Axios.request [90m(file:///E:/%E4%BC%97%E5%A2%85%E4%B9%8B%E5%AE%B6AI%E8%B5%8B%E8%83%BD%E5%B9%B3%E5%8F%B0%E5%BA%95%E5%BA%A7/apps/zhongshu-admin-web/[39mnode_modules/[4m.pnpm[24m/axios@1.16.0/node_modules/[4maxios[24m/lib/core/Axios.js:41:14[90m)[39m
    at E:/众墅之家AI赋能平台底座/apps/zhongshu-admin-web/tests/unit/service.spec.ts:230:22
    at [90mfile:///E:/%E4%BC%97%E5%A2%85%E4%B9%8B%E5%AE%B6AI%E8%B5%8B%E8%83%BD%E5%B9%B3%E5%8F%B0%E5%BA%95%E5%BA%A7/apps/zhongshu-admin-web/[39mnode_modules/[4m.pnpm[24m/@vitest+runner@4.1.11/node_modules/[4m@vitest/runner[24m/dist/chunk-artifact.js:1903:20

 [32m✓[39m tests/unit/service.spec.ts [2m([22m[2m12 tests[22m[2m)[22m[32m 21[2mms[22m[39m

[2m Test Files [22m [1m[32m1 passed[39m[22m[90m (1)[39m
[2m      Tests [22m [1m[32m12 passed[39m[22m[90m (12)[39m
[2m   Start at [22m 00:40:12
[2m   Duration [22m 511ms[2m (transform 69ms, setup 18ms, import 279ms, tests 21ms, environment 0ms)[22m

[client-contract] 运行 zhongshu-miniapp vitest …

[1m[7m[36m RUN [39m[27m[22m [36mv2.1.9 [39m[90mE:/众墅之家AI赋能平台底座/apps/zhongshu-miniapp[39m

 [32m✓[39m tests/unit/interceptor.spec.ts [2m([22m[2m26 tests[22m[2m)[22m[90m 5[2mms[22m[39m
[90mstderr[2m | tests/unit/http.spec.ts[2m > [22m[2mhttp 异常收敛：解密失败不永久 loading（验收④）[2m > [22m[2m解密失败分支显式 reject，且携带服务端 trace-id
[22m[39m响应数据解密失败: Error: bad cipher
    at Object.h.decryptImpl [90m(E:\众墅之家AI赋能平台底座\apps\zhongshu-miniapp\[39mtests\unit\http.spec.ts:58:13[90m)[39m
    at Object.decryptResponse [90m(E:\众墅之家AI赋能平台底座\apps\zhongshu-miniapp\[39mtests\unit\http.spec.ts:26:31[90m)[39m
    at Object.success [90m(E:\众墅之家AI赋能平台底座\apps\zhongshu-miniapp\[39msrc\http\http.ts:134:39[90m)[39m
    at Object.<anonymous> [90m(E:\众墅之家AI赋能平台底座\apps\zhongshu-miniapp\[39mtests\unit\http.spec.ts:61:11[90m)[39m
    at Object.mockCall [90m(file:///E:/%E4%BC%97%E5%A2%85%E4%B9%8B%E5%AE%B6AI%E8%B5%8B%E8%83%BD%E5%B9%B3%E5%8F%B0%E5%BA%95%E5%BA%A7/apps/zhongshu-miniapp/[39mnode_modules/[4m.pnpm[24m/@vitest+spy@2.1.9/node_modules/[4m@vitest/spy[24m/dist/index.js:61:17[90m)[39m
    at Object.spy [as request] [90m(file:///E:/%E4%BC%97%E5%A2%85%E4%B9%8B%E5%AE%B6AI%E8%B5%8B%E8%83%BD%E5%B9%B3%E5%8F%B0%E5%BA%95%E5%BA%A7/apps/zhongshu-miniapp/[39mnode_modules/[4m.pnpm[24m/tinyspy@3.0.2/node_modules/[4mtinyspy[24m/dist/index.js:45:80[90m)[39m
    at [90mE:\众墅之家AI赋能平台底座\apps\zhongshu-miniapp\[39msrc\http\http.ts:260:9
    at new Promise (<anonymous>)
    at http [90m(E:\众墅之家AI赋能平台底座\apps\zhongshu-miniapp\[39msrc\http\http.ts:114:10[90m)[39m
    at [90mE:\众墅之家AI赋能平台底座\apps\zhongshu-miniapp\[39mtests\unit\http.spec.ts:67:15

[90mstderr[2m | tests/unit/http.spec.ts[2m > [22m[2mhttp 刷新队列（验收③：至多刷新一次、失败全部 reject、不循环）[2m > [22m[2m刷新失败时排队请求全部 reject，且不进入无限刷新
[22m[39m刷新 token 失败: Error: refresh failed
    at Object.<anonymous> [90m(E:\众墅之家AI赋能平台底座\apps\zhongshu-miniapp\[39mtests\unit\http.spec.ts:141:15[90m)[39m
    at Object.mockCall [90m(file:///E:/%E4%BC%97%E5%A2%85%E4%B9%8B%E5%AE%B6AI%E8%B5%8B%E8%83%BD%E5%B9%B3%E5%8F%B0%E5%BA%95%E5%BA%A7/apps/zhongshu-miniapp/[39mnode_modules/[4m.pnpm[24m/@vitest+spy@2.1.9/node_modules/[4m@vitest/spy[24m/dist/index.js:61:17[90m)[39m
    at Object.spy [as refreshToken] [90m(file:///E:/%E4%BC%97%E5%A2%85%E4%B9%8B%E5%AE%B6AI%E8%B5%8B%E8%83%BD%E5%B9%B3%E5%8F%B0%E5%BA%95%E5%BA%A7/apps/zhongshu-miniapp/[39mnode_modules/[4m.pnpm[24m/tinyspy@3.0.2/node_modules/[4mtinyspy[24m/dist/index.js:45:80[90m)[39m
    at Object.success [90m(E:\众墅之家AI赋能平台底座\apps\zhongshu-miniapp\[39msrc\http\http.ts:190:32[90m)[39m
    at Object.<anonymous> [90m(E:\众墅之家AI赋能平台底座\apps\zhongshu-miniapp\[39mtests\unit\http.spec.ts:143:45[90m)[39m
    at Object.mockCall [90m(file:///E:/%E4%BC%97%E5%A2%85%E4%B9%8B%E5%AE%B6AI%E8%B5%8B%E8%83%BD%E5%B9%B3%E5%8F%B0%E5%BA%95%E5%BA%A7/apps/zhongshu-miniapp/[39mnode_modules/[4m.pnpm[24m/@vitest+spy@2.1.9/node_modules/[4m@vitest/spy[24m/dist/index.js:61:17[90m)[39m
    at Object.spy [as request] [90m(file:///E:/%E4%BC%97%E5%A2%85%E4%B9%8B%E5%AE%B6AI%E8%B5%8B%E8%83%BD%E5%B9%B3%E5%8F%B0%E5%BA%95%E5%BA%A7/apps/zhongshu-miniapp/[39mnode_modules/[4m.pnpm[24m/tinyspy@3.0.2/node_modules/[4mtinyspy[24m/dist/index.js:45:80[90m)[39m
    at [90mE:\众墅之家AI赋能平台底座\apps\zhongshu-miniapp\[39msrc\http\http.ts:260:9
    at new Promise (<anonymous>)
    at http [90m(E:\众墅之家AI赋能平台底座\apps\zhongshu-miniapp\[39msrc\http\http.ts:114:10[90m)[39m

 [32m✓[39m tests/unit/http.spec.ts [2m([22m[2m10 tests[22m[2m)[22m[90m 80[2mms[22m[39m

[2m Test Files [22m [1m[32m2 passed[39m[22m[90m (2)[39m
[2m      Tests [22m [1m[32m36 passed[39m[22m[90m (36)[39m
[2m   Start at [22m 00:40:13
[2m   Duration [22m 354ms[2m (transform 80ms, setup 27ms, collect 68ms, tests 85ms, environment 0ms, prepare 133ms)[22m

[client-contract] 双端请求层合同全部通过
