[client-contract] 运行 zhongshu-admin-web vitest …
node:internal/modules/cjs/loader:1520
  throw err;
  ^

Error: Cannot find module 'E:\众墅之家AI赋能平台底座\apps\zhongshu-admin-web\node_modules\vitest\vitest.mjs'
    at Module._resolveFilename (node:internal/modules/cjs/loader:1517:15)
    at wrapResolveFilename (node:internal/modules/cjs/loader:1071:27)
    at defaultResolveImplForCJSLoading (node:internal/modules/cjs/loader:1095:10)
    at resolveForCJSWithHooks (node:internal/modules/cjs/loader:1122:12)
    at Module._load (node:internal/modules/cjs/loader:1294:5)
    at wrapModuleLoad (node:internal/modules/cjs/loader:255:19)
    at Module.executeUserEntryPoint [as runMain] (node:internal/modules/run_main:154:5)
    at node:internal/main/run_main_module:33:47 {
  code: 'MODULE_NOT_FOUND',
  requireStack: []
}

Node.js v24.19.0
[client-contract] zhongshu-admin-web 失败（exit=1）
[client-contract] 运行 zhongshu-miniapp vitest …
node:internal/modules/cjs/loader:1520
  throw err;
  ^

Error: Cannot find module 'E:\众墅之家AI赋能平台底座\apps\zhongshu-miniapp\node_modules\vitest\vitest.mjs'
    at Module._resolveFilename (node:internal/modules/cjs/loader:1517:15)
    at wrapResolveFilename (node:internal/modules/cjs/loader:1071:27)
    at defaultResolveImplForCJSLoading (node:internal/modules/cjs/loader:1095:10)
    at resolveForCJSWithHooks (node:internal/modules/cjs/loader:1122:12)
    at Module._load (node:internal/modules/cjs/loader:1294:5)
    at wrapModuleLoad (node:internal/modules/cjs/loader:255:19)
    at Module.executeUserEntryPoint [as runMain] (node:internal/modules/run_main:154:5)
    at node:internal/main/run_main_module:33:47 {
  code: 'MODULE_NOT_FOUND',
  requireStack: []
}

Node.js v24.19.0
[client-contract] zhongshu-miniapp 失败（exit=1）
