[INFO] Scanning for projects...
[INFO] 
[INFO] ---------------------< cn.zszj:zszj-module-system >---------------------
[INFO] Building zszj-module-system 2026.08-SNAPSHOT
[INFO]   from pom.xml
[INFO] --------------------------------[ jar ]---------------------------------
[INFO] 
[INFO] --- enforcer:3.5.0:enforce (enforce-jdk17-baseline) @ zszj-module-system ---
[INFO] Rule 0: org.apache.maven.enforcer.rules.version.RequireJavaVersion passed
[INFO] Rule 1: org.apache.maven.enforcer.rules.version.RequireMavenVersion passed
[INFO] 
[INFO] --- resources:3.3.1:resources (default-resources) @ zszj-module-system ---
[INFO] Copying 37 resources from src\main\resources to target\classes
[INFO] 
[INFO] --- flatten:1.7.2:flatten (flatten) @ zszj-module-system ---
[INFO] Generating flattened POM of project cn.zszj:zszj-module-system:jar:2026.08-SNAPSHOT...
[INFO] 
[INFO] --- compiler:3.14.0:compile (default-compile) @ zszj-module-system ---
[INFO] Nothing to compile - all classes are up to date.
[INFO] 
[INFO] --- resources:3.3.1:testResources (default-testResources) @ zszj-module-system ---
[INFO] Copying 4 resources from src\test\resources to target\test-classes
[INFO] 
[INFO] --- compiler:3.14.0:testCompile (default-testCompile) @ zszj-module-system ---
[INFO] Nothing to compile - all classes are up to date.
[INFO] 
[INFO] --- surefire:3.5.3:test (default-test) @ zszj-module-system ---
[INFO] Using auto detected provider org.apache.maven.surefire.junitplatform.JUnitPlatformProvider
[INFO] 
[INFO] -------------------------------------------------------
[INFO]  T E S T S
[INFO] -------------------------------------------------------
[INFO] Running cn.zszj.module.system.controller.admin.oauth2.OAuth2OpenControllerTest
OpenJDK 64-Bit Server VM warning: Sharing is only supported for boot loader classes because bootstrap classpath has been appended
[INFO] Tests run: 12, Failures: 0, Errors: 0, Skipped: 0, Time elapsed: 1.512 s -- in cn.zszj.module.system.controller.admin.oauth2.OAuth2OpenControllerTest
[INFO] Running cn.zszj.module.system.dal.redis.oauth2.OAuth2AccessTokenRedisDaoTtlTest
20:43:48,423 |-WARN in Logger[org.jboss.logging] - No appenders present in context [default] for logger [org.jboss.logging].
[INFO] Tests run: 4, Failures: 0, Errors: 0, Skipped: 0, Time elapsed: 1.855 s -- in cn.zszj.module.system.dal.redis.oauth2.OAuth2AccessTokenRedisDaoTtlTest
[INFO] Running cn.zszj.module.system.service.oauth2.OAuth2ApproveServiceImplTest
 _ _   |_  _ _|_. ___ _ |    _ 
| | |\/|_)(_| | |_\  |_)||_|_\ 
     /               |         
                        null 
[INFO] Tests run: 9, Failures: 0, Errors: 0, Skipped: 0, Time elapsed: 0.785 s -- in cn.zszj.module.system.service.oauth2.OAuth2ApproveServiceImplTest
[INFO] Running cn.zszj.module.system.service.oauth2.OAuth2ClientServiceImplTest
 _ _   |_  _ _|_. ___ _ |    _ 
| | |\/|_)(_| | |_\  |_)||_|_\ 
     /               |         
                        null 
[INFO] Tests run: 11, Failures: 0, Errors: 0, Skipped: 0, Time elapsed: 0.580 s -- in cn.zszj.module.system.service.oauth2.OAuth2ClientServiceImplTest
[INFO] Running cn.zszj.module.system.service.oauth2.OAuth2CodeServiceImplTest
 _ _   |_  _ _|_. ___ _ |    _ 
| | |\/|_)(_| | |_\  |_)||_|_\ 
     /               |         
                        null 
[INFO] Tests run: 6, Failures: 0, Errors: 0, Skipped: 0, Time elapsed: 0.366 s -- in cn.zszj.module.system.service.oauth2.OAuth2CodeServiceImplTest
[INFO] Running cn.zszj.module.system.service.oauth2.OAuth2GrantServiceImplTest
[INFO] Tests run: 9, Failures: 0, Errors: 0, Skipped: 0, Time elapsed: 0.269 s -- in cn.zszj.module.system.service.oauth2.OAuth2GrantServiceImplTest
[INFO] Running cn.zszj.module.system.service.oauth2.OAuth2TokenServiceImplAuthorityUnitTest
[INFO] Tests run: 5, Failures: 0, Errors: 0, Skipped: 0, Time elapsed: 0.226 s -- in cn.zszj.module.system.service.oauth2.OAuth2TokenServiceImplAuthorityUnitTest
[INFO] Running cn.zszj.module.system.service.oauth2.OAuth2TokenServiceImplBatchLockOrderUnitTest
[INFO] Tests run: 3, Failures: 0, Errors: 0, Skipped: 0, Time elapsed: 0.022 s -- in cn.zszj.module.system.service.oauth2.OAuth2TokenServiceImplBatchLockOrderUnitTest
[INFO] Running cn.zszj.module.system.service.oauth2.OAuth2TokenServiceImplBatchRevokeLockOrderTest
 _ _   |_  _ _|_. ___ _ |    _ 
| | |\/|_)(_| | |_\  |_)||_|_\ 
     /               |         
                        null 
[INFO] Tests run: 3, Failures: 0, Errors: 0, Skipped: 0, Time elapsed: 1.005 s -- in cn.zszj.module.system.service.oauth2.OAuth2TokenServiceImplBatchRevokeLockOrderTest
[INFO] Running cn.zszj.module.system.service.oauth2.OAuth2TokenServiceImplCacheConsistencyGateOnTest
 _ _   |_  _ _|_. ___ _ |    _ 
| | |\/|_)(_| | |_\  |_)||_|_\ 
     /               |         
                        null 
[INFO] Tests run: 1, Failures: 0, Errors: 0, Skipped: 0, Time elapsed: 0.364 s -- in cn.zszj.module.system.service.oauth2.OAuth2TokenServiceImplCacheConsistencyGateOnTest
[INFO] Running cn.zszj.module.system.service.oauth2.OAuth2TokenServiceImplCacheConsistencyTest
[INFO] Tests run: 7, Failures: 0, Errors: 0, Skipped: 0, Time elapsed: 0.156 s -- in cn.zszj.module.system.service.oauth2.OAuth2TokenServiceImplCacheConsistencyTest
[INFO] Running cn.zszj.module.system.service.oauth2.OAuth2TokenServiceImplCompatTest
[INFO] Tests run: 2, Failures: 0, Errors: 0, Skipped: 0, Time elapsed: 0.023 s -- in cn.zszj.module.system.service.oauth2.OAuth2TokenServiceImplCompatTest
[INFO] Running cn.zszj.module.system.service.oauth2.OAuth2TokenServiceImplOrphanRevokeTest
[INFO] Tests run: 12, Failures: 0, Errors: 0, Skipped: 0, Time elapsed: 0.442 s -- in cn.zszj.module.system.service.oauth2.OAuth2TokenServiceImplOrphanRevokeTest
[INFO] Running cn.zszj.module.system.service.oauth2.OAuth2TokenServiceImplRefreshConcurrencyTest
[INFO] Tests run: 6, Failures: 0, Errors: 0, Skipped: 0, Time elapsed: 0.786 s -- in cn.zszj.module.system.service.oauth2.OAuth2TokenServiceImplRefreshConcurrencyTest
[INFO] Running cn.zszj.module.system.service.oauth2.OAuth2TokenServiceImplSyntheticCredentialRevokeTest
[INFO] Tests run: 3, Failures: 0, Errors: 0, Skipped: 0, Time elapsed: 0.067 s -- in cn.zszj.module.system.service.oauth2.OAuth2TokenServiceImplSyntheticCredentialRevokeTest
[INFO] Running cn.zszj.module.system.service.oauth2.OAuth2TokenServiceImplTest
[INFO] Tests run: 17, Failures: 0, Errors: 0, Skipped: 0, Time elapsed: 0.209 s -- in cn.zszj.module.system.service.oauth2.OAuth2TokenServiceImplTest
[INFO] Running cn.zszj.module.system.service.oauth2.OAuth2TokenServiceImplUserRevokeLockOrderUnitTest
[INFO] Tests run: 8, Failures: 0, Errors: 0, Skipped: 0, Time elapsed: 0.026 s -- in cn.zszj.module.system.service.oauth2.OAuth2TokenServiceImplUserRevokeLockOrderUnitTest
[INFO] Running cn.zszj.module.system.service.user.AdminUserServiceImplSessionInvalidateTest
 _ _   |_  _ _|_. ___ _ |    _ 
| | |\/|_)(_| | |_\  |_)||_|_\ 
     /               |         
                        null 
[INFO] Tests run: 14, Failures: 0, Errors: 0, Skipped: 0, Time elapsed: 0.981 s -- in cn.zszj.module.system.service.user.AdminUserServiceImplSessionInvalidateTest
[INFO] 
[INFO] Results:
[INFO] 
[INFO] Tests run: 132, Failures: 0, Errors: 0, Skipped: 0
[INFO] 
[INFO] ------------------------------------------------------------------------
[INFO] BUILD SUCCESS
[INFO] ------------------------------------------------------------------------
[INFO] Total time:  12.929 s
[INFO] Finished at: 2026-09-13T20:43:56+08:00
[INFO] ------------------------------------------------------------------------
