[INFO] Scanning for projects...
[INFO] 
[INFO] ---------------------< cn.zszj:zszj-module-system >---------------------
[INFO] Building zszj-module-system 2026.08-SNAPSHOT
[INFO]   from pom.xml
[INFO] --------------------------------[ jar ]---------------------------------
[INFO] 
[INFO] --- enforcer:3.5.0:enforce (enforce-jdk17-baseline) @ zszj-module-system ---
[INFO] Rule 0: org.apache.maven.enforcer.rules.version.RequireJavaVersion passed
[INFO] Rule 1: org.apache.maven.enforcer.rules.version.RequireMavenVersion passed
[INFO] 
[INFO] --- resources:3.3.1:resources (default-resources) @ zszj-module-system ---
[INFO] Copying 37 resources from src\main\resources to target\classes
[INFO] 
[INFO] --- flatten:1.7.2:flatten (flatten) @ zszj-module-system ---
[INFO] Generating flattened POM of project cn.zszj:zszj-module-system:jar:2026.08-SNAPSHOT...
[INFO] 
[INFO] --- compiler:3.14.0:compile (default-compile) @ zszj-module-system ---
[INFO] Nothing to compile - all classes are up to date.
[INFO] 
[INFO] --- resources:3.3.1:testResources (default-testResources) @ zszj-module-system ---
[INFO] Copying 4 resources from src\test\resources to target\test-classes
[INFO] 
[INFO] --- compiler:3.14.0:testCompile (default-testCompile) @ zszj-module-system ---
[INFO] Recompiling the module because of changed source code.
[INFO] Compiling 65 source files with javac [target 17] to target\test-classes
[INFO] 
[INFO] --- surefire:3.5.3:test (default-test) @ zszj-module-system ---
[INFO] Using auto detected provider org.apache.maven.surefire.junitplatform.JUnitPlatformProvider
[INFO] 
[INFO] -------------------------------------------------------
[INFO]  T E S T S
[INFO] -------------------------------------------------------
[INFO] Running cn.zszj.module.system.service.oauth2.OAuth2TokenServiceImplCacheConsistencyTest
20:01:21,588 |-WARN in Logger[org.jboss.logging] - No appenders present in context [default] for logger [org.jboss.logging].
OpenJDK 64-Bit Server VM warning: Sharing is only supported for boot loader classes because bootstrap classpath has been appended
 _ _   |_  _ _|_. ___ _ |    _ 
| | |\/|_)(_| | |_\  |_)||_|_\ 
     /               |         
                        null 
[ERROR] Tests run: 5, Failures: 1, Errors: 4, Skipped: 0, Time elapsed: 3.637 s <<< FAILURE! -- in cn.zszj.module.system.service.oauth2.OAuth2TokenServiceImplCacheConsistencyTest
[ERROR] cn.zszj.module.system.service.oauth2.OAuth2TokenServiceImplCacheConsistencyTest.testRemoveAccessTokenByUser_rolledBackTx_cacheStillInvalidated -- Time elapsed: 0.238 s <<< ERROR!
org.springframework.dao.DataIntegrityViolationException: 

### Error updating database.  Cause: org.h2.jdbc.JdbcSQLIntegrityConstraintViolationException: NULL not allowed for column "user_info"; SQL statement:
INSERT INTO system_oauth2_access_token  ( id, access_token, refresh_token, user_id, user_type,  client_id, scopes, expires_time,  create_time, update_time, creator, updater )  VALUES (  ?, ?, ?, ?, ?,  ?, ?, ?,  ?, ?, ?, ?  ) [23502-232]
### The error may exist in cn/zszj/module/system/dal/mysql/oauth2/OAuth2AccessTokenMapper.java (best guess)
### The error may involve cn.zszj.module.system.dal.mysql.oauth2.OAuth2AccessTokenMapper.insert-Inline
### The error occurred while setting parameters
### SQL: INSERT INTO system_oauth2_access_token  ( id, access_token, refresh_token, user_id, user_type,  client_id, scopes, expires_time,  create_time, update_time, creator, updater )  VALUES (  ?, ?, ?, ?, ?,  ?, ?, ?,  ?, ?, ?, ?  )
### Cause: org.h2.jdbc.JdbcSQLIntegrityConstraintViolationException: NULL not allowed for column "user_info"; SQL statement:
INSERT INTO system_oauth2_access_token  ( id, access_token, refresh_token, user_id, user_type,  client_id, scopes, expires_time,  create_time, update_time, creator, updater )  VALUES (  ?, ?, ?, ?, ?,  ?, ?, ?,  ?, ?, ?, ?  ) [23502-232]
; NULL not allowed for column "user_info"; SQL statement:
INSERT INTO system_oauth2_access_token  ( id, access_token, refresh_token, user_id, user_type,  client_id, scopes, expires_time,  create_time, update_time, creator, updater )  VALUES (  ?, ?, ?, ?, ?,  ?, ?, ?,  ?, ?, ?, ?  ) [23502-232]
	at org.springframework.jdbc.support.SQLErrorCodeSQLExceptionTranslator.doTranslate(SQLErrorCodeSQLExceptionTranslator.java:258)
	at org.springframework.jdbc.support.AbstractFallbackSQLExceptionTranslator.translate(AbstractFallbackSQLExceptionTranslator.java:107)
	at org.mybatis.spring.MyBatisExceptionTranslator.translateExceptionIfPossible(MyBatisExceptionTranslator.java:95)
	at org.mybatis.spring.SqlSessionTemplate$SqlSessionInterceptor.invoke(SqlSessionTemplate.java:347)
	at jdk.proxy2/jdk.proxy2.$Proxy135.insert(Unknown Source)
	at org.mybatis.spring.SqlSessionTemplate.insert(SqlSessionTemplate.java:224)
	at com.baomidou.mybatisplus.core.override.MybatisMapperMethod.execute(MybatisMapperMethod.java:81)
	at com.baomidou.mybatisplus.core.override.MybatisMapperProxy$PlainMethodInvoker.invoke(MybatisMapperProxy.java:156)
	at com.baomidou.mybatisplus.core.override.MybatisMapperProxy.invoke(MybatisMapperProxy.java:93)
	at jdk.proxy2/jdk.proxy2.$Proxy143.insert(Unknown Source)
	at cn.zszj.module.system.service.oauth2.OAuth2TokenServiceImplCacheConsistencyTest.seedSession(OAuth2TokenServiceImplCacheConsistencyTest.java:95)
	at cn.zszj.module.system.service.oauth2.OAuth2TokenServiceImplCacheConsistencyTest.testRemoveAccessTokenByUser_rolledBackTx_cacheStillInvalidated(OAuth2TokenServiceImplCacheConsistencyTest.java:208)
	at java.base/java.lang.reflect.Method.invoke(Method.java:569)
	at java.base/java.util.ArrayList.forEach(ArrayList.java:1511)
	at java.base/java.util.ArrayList.forEach(ArrayList.java:1511)
Caused by: org.h2.jdbc.JdbcSQLIntegrityConstraintViolationException: NULL not allowed for column "user_info"; SQL statement:
INSERT INTO system_oauth2_access_token  ( id, access_token, refresh_token, user_id, user_type,  client_id, scopes, expires_time,  create_time, update_time, creator, updater )  VALUES (  ?, ?, ?, ?, ?,  ?, ?, ?,  ?, ?, ?, ?  ) [23502-232]
	at org.h2.message.DbException.getJdbcSQLException(DbException.java:520)
	at org.h2.message.DbException.getJdbcSQLException(DbException.java:489)
	at org.h2.message.DbException.get(DbException.java:223)
	at org.h2.message.DbException.get(DbException.java:199)
	at org.h2.table.Column.validateConvertUpdateSequence(Column.java:402)
	at org.h2.table.Table.convertInsertRow(Table.java:963)
	at org.h2.command.dml.Insert.insertRows(Insert.java:167)
	at org.h2.command.dml.Insert.update(Insert.java:135)
	at org.h2.command.dml.DataChangeStatement.update(DataChangeStatement.java:74)
	at org.h2.command.CommandContainer.update(CommandContainer.java:139)
	at org.h2.command.Command.executeUpdate(Command.java:304)
	at org.h2.command.Command.executeUpdate(Command.java:248)
	at org.h2.jdbc.JdbcPreparedStatement.execute(JdbcPreparedStatement.java:262)
	at com.zaxxer.hikari.pool.ProxyPreparedStatement.execute(ProxyPreparedStatement.java:44)
	at com.zaxxer.hikari.pool.HikariProxyPreparedStatement.execute(HikariProxyPreparedStatement.java)
	at java.base/jdk.internal.reflect.NativeMethodAccessorImpl.invoke0(Native Method)
	at java.base/jdk.internal.reflect.NativeMethodAccessorImpl.invoke(NativeMethodAccessorImpl.java:77)
	at java.base/jdk.internal.reflect.DelegatingMethodAccessorImpl.invoke(DelegatingMethodAccessorImpl.java:43)
	at java.base/java.lang.reflect.Method.invoke(Method.java:569)
	at org.apache.ibatis.logging.jdbc.PreparedStatementLogger.invoke(PreparedStatementLogger.java:58)
	at jdk.proxy3/jdk.proxy3.$Proxy153.execute(Unknown Source)
	at org.apache.ibatis.executor.statement.PreparedStatementHandler.update(PreparedStatementHandler.java:48)
	at org.apache.ibatis.executor.statement.RoutingStatementHandler.update(RoutingStatementHandler.java:75)
	at java.base/jdk.internal.reflect.NativeMethodAccessorImpl.invoke0(Native Method)
	at java.base/jdk.internal.reflect.NativeMethodAccessorImpl.invoke(NativeMethodAccessorImpl.java:77)
	at java.base/jdk.internal.reflect.DelegatingMethodAccessorImpl.invoke(DelegatingMethodAccessorImpl.java:43)
	at java.base/java.lang.reflect.Method.invoke(Method.java:569)
	at org.apache.ibatis.plugin.Plugin.invoke(Plugin.java:61)
	at jdk.proxy2/jdk.proxy2.$Proxy152.update(Unknown Source)
	at org.apache.ibatis.executor.SimpleExecutor.doUpdate(SimpleExecutor.java:50)
	at org.apache.ibatis.executor.BaseExecutor.update(BaseExecutor.java:117)
	at org.apache.ibatis.executor.CachingExecutor.update(CachingExecutor.java:76)
	at java.base/jdk.internal.reflect.NativeMethodAccessorImpl.invoke0(Native Method)
	at java.base/jdk.internal.reflect.NativeMethodAccessorImpl.invoke(NativeMethodAccessorImpl.java:77)
	at java.base/jdk.internal.reflect.DelegatingMethodAccessorImpl.invoke(DelegatingMethodAccessorImpl.java:43)
	at java.base/java.lang.reflect.Method.invoke(Method.java:569)
	at org.apache.ibatis.plugin.Invocation.proceed(Invocation.java:61)
	at com.baomidou.mybatisplus.extension.plugins.MybatisPlusInterceptor.intercept(MybatisPlusInterceptor.java:106)
	at org.apache.ibatis.plugin.Plugin.invoke(Plugin.java:59)
	at jdk.proxy2/jdk.proxy2.$Proxy151.update(Unknown Source)
	at org.apache.ibatis.session.defaults.DefaultSqlSession.update(DefaultSqlSession.java:197)
	at org.apache.ibatis.session.defaults.DefaultSqlSession.insert(DefaultSqlSession.java:184)
	at java.base/jdk.internal.reflect.NativeMethodAccessorImpl.invoke0(Native Method)
	at java.base/jdk.internal.reflect.NativeMethodAccessorImpl.invoke(NativeMethodAccessorImpl.java:77)
	at java.base/jdk.internal.reflect.DelegatingMethodAccessorImpl.invoke(DelegatingMethodAccessorImpl.java:43)
	at java.base/java.lang.reflect.Method.invoke(Method.java:569)
	at org.mybatis.spring.SqlSessionTemplate$SqlSessionInterceptor.invoke(SqlSessionTemplate.java:333)
	... 11 more

[ERROR] cn.zszj.module.system.service.oauth2.OAuth2TokenServiceImplCacheConsistencyTest.testCreateAccessToken_committedTx_cachePublished -- Time elapsed: 0.051 s <<< ERROR!
org.springframework.dao.DataIntegrityViolationException: 

### Error updating database.  Cause: org.h2.jdbc.JdbcSQLIntegrityConstraintViolationException: NULL not allowed for column "tenant_id"; SQL statement:
INSERT INTO system_oauth2_access_token  ( id, access_token, refresh_token, user_id, user_type, user_info, client_id, scopes, expires_time,  create_time, update_time, creator, updater )  VALUES (  ?, ?, ?, ?, ?, ?, ?, ?, ?,  ?, ?, ?, ?  ) [23502-232]
### The error may exist in cn/zszj/module/system/dal/mysql/oauth2/OAuth2AccessTokenMapper.java (best guess)
### The error may involve cn.zszj.module.system.dal.mysql.oauth2.OAuth2AccessTokenMapper.insert-Inline
### The error occurred while setting parameters
### SQL: INSERT INTO system_oauth2_access_token  ( id, access_token, refresh_token, user_id, user_type, user_info, client_id, scopes, expires_time,  create_time, update_time, creator, updater )  VALUES (  ?, ?, ?, ?, ?, ?, ?, ?, ?,  ?, ?, ?, ?  )
### Cause: org.h2.jdbc.JdbcSQLIntegrityConstraintViolationException: NULL not allowed for column "tenant_id"; SQL statement:
INSERT INTO system_oauth2_access_token  ( id, access_token, refresh_token, user_id, user_type, user_info, client_id, scopes, expires_time,  create_time, update_time, creator, updater )  VALUES (  ?, ?, ?, ?, ?, ?, ?, ?, ?,  ?, ?, ?, ?  ) [23502-232]
; NULL not allowed for column "tenant_id"; SQL statement:
INSERT INTO system_oauth2_access_token  ( id, access_token, refresh_token, user_id, user_type, user_info, client_id, scopes, expires_time,  create_time, update_time, creator, updater )  VALUES (  ?, ?, ?, ?, ?, ?, ?, ?, ?,  ?, ?, ?, ?  ) [23502-232]
	at org.springframework.jdbc.support.SQLErrorCodeSQLExceptionTranslator.doTranslate(SQLErrorCodeSQLExceptionTranslator.java:258)
	at org.springframework.jdbc.support.AbstractFallbackSQLExceptionTranslator.translate(AbstractFallbackSQLExceptionTranslator.java:107)
	at org.mybatis.spring.MyBatisExceptionTranslator.translateExceptionIfPossible(MyBatisExceptionTranslator.java:95)
	at org.mybatis.spring.SqlSessionTemplate$SqlSessionInterceptor.invoke(SqlSessionTemplate.java:347)
	at jdk.proxy2/jdk.proxy2.$Proxy135.insert(Unknown Source)
	at org.mybatis.spring.SqlSessionTemplate.insert(SqlSessionTemplate.java:224)
	at com.baomidou.mybatisplus.core.override.MybatisMapperMethod.execute(MybatisMapperMethod.java:81)
	at com.baomidou.mybatisplus.core.override.MybatisMapperProxy$PlainMethodInvoker.invoke(MybatisMapperProxy.java:156)
	at com.baomidou.mybatisplus.core.override.MybatisMapperProxy.invoke(MybatisMapperProxy.java:93)
	at jdk.proxy2/jdk.proxy2.$Proxy143.insert(Unknown Source)
	at cn.zszj.module.system.service.oauth2.OAuth2TokenServiceImpl.createOAuth2AccessToken(OAuth2TokenServiceImpl.java:417)
	at cn.zszj.module.system.service.oauth2.OAuth2TokenServiceImpl.createAccessToken(OAuth2TokenServiceImpl.java:104)
	at java.base/jdk.internal.reflect.NativeMethodAccessorImpl.invoke0(Native Method)
	at java.base/jdk.internal.reflect.NativeMethodAccessorImpl.invoke(NativeMethodAccessorImpl.java:77)
	at java.base/jdk.internal.reflect.DelegatingMethodAccessorImpl.invoke(DelegatingMethodAccessorImpl.java:43)
	at java.base/java.lang.reflect.Method.invoke(Method.java:569)
	at org.springframework.aop.support.AopUtils.invokeJoinpointUsingReflection(AopUtils.java:360)
	at org.springframework.aop.framework.ReflectiveMethodInvocation.invokeJoinpoint(ReflectiveMethodInvocation.java:196)
	at org.springframework.aop.framework.ReflectiveMethodInvocation.proceed(ReflectiveMethodInvocation.java:163)
	at org.springframework.transaction.interceptor.TransactionAspectSupport.invokeWithinTransaction(TransactionAspectSupport.java:380)
	at org.springframework.transaction.interceptor.TransactionInterceptor.invoke(TransactionInterceptor.java:119)
	at org.springframework.aop.framework.ReflectiveMethodInvocation.proceed(ReflectiveMethodInvocation.java:184)
	at org.springframework.aop.framework.CglibAopProxy$DynamicAdvisedInterceptor.intercept(CglibAopProxy.java:728)
	at cn.zszj.module.system.service.oauth2.OAuth2TokenServiceImpl$$SpringCGLIB$$0.createAccessToken(<generated>)
	at cn.zszj.module.system.service.oauth2.OAuth2TokenServiceImplCacheConsistencyTest.lambda$testCreateAccessToken_committedTx_cachePublished$2(OAuth2TokenServiceImplCacheConsistencyTest.java:168)
	at org.springframework.transaction.support.TransactionOperations.lambda$executeWithoutResult$0(TransactionOperations.java:68)
	at org.springframework.transaction.support.TransactionTemplate.execute(TransactionTemplate.java:140)
	at org.springframework.transaction.support.TransactionOperations.executeWithoutResult(TransactionOperations.java:67)
	at cn.zszj.module.system.service.oauth2.OAuth2TokenServiceImplCacheConsistencyTest.testCreateAccessToken_committedTx_cachePublished(OAuth2TokenServiceImplCacheConsistencyTest.java:167)
	at java.base/java.lang.reflect.Method.invoke(Method.java:569)
	at java.base/java.util.ArrayList.forEach(ArrayList.java:1511)
	at java.base/java.util.ArrayList.forEach(ArrayList.java:1511)
Caused by: org.h2.jdbc.JdbcSQLIntegrityConstraintViolationException: NULL not allowed for column "tenant_id"; SQL statement:
INSERT INTO system_oauth2_access_token  ( id, access_token, refresh_token, user_id, user_type, user_info, client_id, scopes, expires_time,  create_time, update_time, creator, updater )  VALUES (  ?, ?, ?, ?, ?, ?, ?, ?, ?,  ?, ?, ?, ?  ) [23502-232]
	at org.h2.message.DbException.getJdbcSQLException(DbException.java:520)
	at org.h2.message.DbException.getJdbcSQLException(DbException.java:489)
	at org.h2.message.DbException.get(DbException.java:223)
	at org.h2.message.DbException.get(DbException.java:199)
	at org.h2.table.Column.validateConvertUpdateSequence(Column.java:402)
	at org.h2.table.Table.convertInsertRow(Table.java:963)
	at org.h2.command.dml.Insert.insertRows(Insert.java:167)
	at org.h2.command.dml.Insert.update(Insert.java:135)
	at org.h2.command.dml.DataChangeStatement.update(DataChangeStatement.java:74)
	at org.h2.command.CommandContainer.update(CommandContainer.java:139)
	at org.h2.command.Command.executeUpdate(Command.java:304)
	at org.h2.command.Command.executeUpdate(Command.java:248)
	at org.h2.jdbc.JdbcPreparedStatement.execute(JdbcPreparedStatement.java:262)
	at com.zaxxer.hikari.pool.ProxyPreparedStatement.execute(ProxyPreparedStatement.java:44)
	at com.zaxxer.hikari.pool.HikariProxyPreparedStatement.execute(HikariProxyPreparedStatement.java)
	at java.base/jdk.internal.reflect.NativeMethodAccessorImpl.invoke0(Native Method)
	at java.base/jdk.internal.reflect.NativeMethodAccessorImpl.invoke(NativeMethodAccessorImpl.java:77)
	at java.base/jdk.internal.reflect.DelegatingMethodAccessorImpl.invoke(DelegatingMethodAccessorImpl.java:43)
	at java.base/java.lang.reflect.Method.invoke(Method.java:569)
	at org.apache.ibatis.logging.jdbc.PreparedStatementLogger.invoke(PreparedStatementLogger.java:58)
	at jdk.proxy3/jdk.proxy3.$Proxy153.execute(Unknown Source)
	at org.apache.ibatis.executor.statement.PreparedStatementHandler.update(PreparedStatementHandler.java:48)
	at org.apache.ibatis.executor.statement.RoutingStatementHandler.update(RoutingStatementHandler.java:75)
	at java.base/jdk.internal.reflect.NativeMethodAccessorImpl.invoke0(Native Method)
	at java.base/jdk.internal.reflect.NativeMethodAccessorImpl.invoke(NativeMethodAccessorImpl.java:77)
	at java.base/jdk.internal.reflect.DelegatingMethodAccessorImpl.invoke(DelegatingMethodAccessorImpl.java:43)
	at java.base/java.lang.reflect.Method.invoke(Method.java:569)
	at org.apache.ibatis.plugin.Plugin.invoke(Plugin.java:61)
	at jdk.proxy2/jdk.proxy2.$Proxy152.update(Unknown Source)
	at org.apache.ibatis.executor.SimpleExecutor.doUpdate(SimpleExecutor.java:50)
	at org.apache.ibatis.executor.BaseExecutor.update(BaseExecutor.java:117)
	at org.apache.ibatis.executor.CachingExecutor.update(CachingExecutor.java:76)
	at java.base/jdk.internal.reflect.NativeMethodAccessorImpl.invoke0(Native Method)
	at java.base/jdk.internal.reflect.NativeMethodAccessorImpl.invoke(NativeMethodAccessorImpl.java:77)
	at java.base/jdk.internal.reflect.DelegatingMethodAccessorImpl.invoke(DelegatingMethodAccessorImpl.java:43)
	at java.base/java.lang.reflect.Method.invoke(Method.java:569)
	at org.apache.ibatis.plugin.Invocation.proceed(Invocation.java:61)
	at com.baomidou.mybatisplus.extension.plugins.MybatisPlusInterceptor.intercept(MybatisPlusInterceptor.java:106)
	at org.apache.ibatis.plugin.Plugin.invoke(Plugin.java:59)
	at jdk.proxy2/jdk.proxy2.$Proxy151.update(Unknown Source)
	at org.apache.ibatis.session.defaults.DefaultSqlSession.update(DefaultSqlSession.java:197)
	at org.apache.ibatis.session.defaults.DefaultSqlSession.insert(DefaultSqlSession.java:184)
	at java.base/jdk.internal.reflect.NativeMethodAccessorImpl.invoke0(Native Method)
	at java.base/jdk.internal.reflect.NativeMethodAccessorImpl.invoke(NativeMethodAccessorImpl.java:77)
	at java.base/jdk.internal.reflect.DelegatingMethodAccessorImpl.invoke(DelegatingMethodAccessorImpl.java:43)
	at java.base/java.lang.reflect.Method.invoke(Method.java:569)
	at org.mybatis.spring.SqlSessionTemplate$SqlSessionInterceptor.invoke(SqlSessionTemplate.java:333)
	... 28 more

[ERROR] cn.zszj.module.system.service.oauth2.OAuth2TokenServiceImplCacheConsistencyTest.testCreateAccessToken_rolledBackTx_noGhostCacheEntry -- Time elapsed: 0.021 s <<< FAILURE!
org.opentest4j.AssertionFailedError: 前置：事务内已创建令牌串 ==> expected: not <null>
	at org.junit.jupiter.api.AssertionFailureBuilder.build(AssertionFailureBuilder.java:152)
	at org.junit.jupiter.api.AssertionFailureBuilder.buildAndThrow(AssertionFailureBuilder.java:132)
	at org.junit.jupiter.api.AssertNotNull.failNull(AssertNotNull.java:49)
	at org.junit.jupiter.api.AssertNotNull.assertNotNull(AssertNotNull.java:35)
	at org.junit.jupiter.api.Assertions.assertNotNull(Assertions.java:312)
	at cn.zszj.module.system.service.oauth2.OAuth2TokenServiceImplCacheConsistencyTest.testCreateAccessToken_rolledBackTx_noGhostCacheEntry(OAuth2TokenServiceImplCacheConsistencyTest.java:151)
	at java.base/java.lang.reflect.Method.invoke(Method.java:569)
	at java.base/java.util.ArrayList.forEach(ArrayList.java:1511)
	at java.base/java.util.ArrayList.forEach(ArrayList.java:1511)

[ERROR] cn.zszj.module.system.service.oauth2.OAuth2TokenServiceImplCacheConsistencyTest.testCheckAccessToken_cachedButRevokedInDb_rejectsAndEvicts -- Time elapsed: 0.011 s <<< ERROR!
org.springframework.dao.DataIntegrityViolationException: 

### Error updating database.  Cause: org.h2.jdbc.JdbcSQLIntegrityConstraintViolationException: NULL not allowed for column "user_info"; SQL statement:
INSERT INTO system_oauth2_access_token  ( id, access_token, refresh_token, user_id, user_type,  client_id, scopes, expires_time,  create_time, update_time, creator, updater )  VALUES (  ?, ?, ?, ?, ?,  ?, ?, ?,  ?, ?, ?, ?  ) [23502-232]
### The error may exist in cn/zszj/module/system/dal/mysql/oauth2/OAuth2AccessTokenMapper.java (best guess)
### The error may involve cn.zszj.module.system.dal.mysql.oauth2.OAuth2AccessTokenMapper.insert-Inline
### The error occurred while setting parameters
### SQL: INSERT INTO system_oauth2_access_token  ( id, access_token, refresh_token, user_id, user_type,  client_id, scopes, expires_time,  create_time, update_time, creator, updater )  VALUES (  ?, ?, ?, ?, ?,  ?, ?, ?,  ?, ?, ?, ?  )
### Cause: org.h2.jdbc.JdbcSQLIntegrityConstraintViolationException: NULL not allowed for column "user_info"; SQL statement:
INSERT INTO system_oauth2_access_token  ( id, access_token, refresh_token, user_id, user_type,  client_id, scopes, expires_time,  create_time, update_time, creator, updater )  VALUES (  ?, ?, ?, ?, ?,  ?, ?, ?,  ?, ?, ?, ?  ) [23502-232]
; NULL not allowed for column "user_info"; SQL statement:
INSERT INTO system_oauth2_access_token  ( id, access_token, refresh_token, user_id, user_type,  client_id, scopes, expires_time,  create_time, update_time, creator, updater )  VALUES (  ?, ?, ?, ?, ?,  ?, ?, ?,  ?, ?, ?, ?  ) [23502-232]
	at org.springframework.jdbc.support.SQLErrorCodeSQLExceptionTranslator.doTranslate(SQLErrorCodeSQLExceptionTranslator.java:258)
	at org.springframework.jdbc.support.AbstractFallbackSQLExceptionTranslator.translate(AbstractFallbackSQLExceptionTranslator.java:107)
	at org.mybatis.spring.MyBatisExceptionTranslator.translateExceptionIfPossible(MyBatisExceptionTranslator.java:95)
	at org.mybatis.spring.SqlSessionTemplate$SqlSessionInterceptor.invoke(SqlSessionTemplate.java:347)
	at jdk.proxy2/jdk.proxy2.$Proxy135.insert(Unknown Source)
	at org.mybatis.spring.SqlSessionTemplate.insert(SqlSessionTemplate.java:224)
	at com.baomidou.mybatisplus.core.override.MybatisMapperMethod.execute(MybatisMapperMethod.java:81)
	at com.baomidou.mybatisplus.core.override.MybatisMapperProxy$PlainMethodInvoker.invoke(MybatisMapperProxy.java:156)
	at com.baomidou.mybatisplus.core.override.MybatisMapperProxy.invoke(MybatisMapperProxy.java:93)
	at jdk.proxy2/jdk.proxy2.$Proxy143.insert(Unknown Source)
	at cn.zszj.module.system.service.oauth2.OAuth2TokenServiceImplCacheConsistencyTest.seedSession(OAuth2TokenServiceImplCacheConsistencyTest.java:95)
	at cn.zszj.module.system.service.oauth2.OAuth2TokenServiceImplCacheConsistencyTest.testCheckAccessToken_cachedButRevokedInDb_rejectsAndEvicts(OAuth2TokenServiceImplCacheConsistencyTest.java:110)
	at java.base/java.lang.reflect.Method.invoke(Method.java:569)
	at java.base/java.util.ArrayList.forEach(ArrayList.java:1511)
	at java.base/java.util.ArrayList.forEach(ArrayList.java:1511)
Caused by: org.h2.jdbc.JdbcSQLIntegrityConstraintViolationException: NULL not allowed for column "user_info"; SQL statement:
INSERT INTO system_oauth2_access_token  ( id, access_token, refresh_token, user_id, user_type,  client_id, scopes, expires_time,  create_time, update_time, creator, updater )  VALUES (  ?, ?, ?, ?, ?,  ?, ?, ?,  ?, ?, ?, ?  ) [23502-232]
	at org.h2.message.DbException.getJdbcSQLException(DbException.java:520)
	at org.h2.message.DbException.getJdbcSQLException(DbException.java:489)
	at org.h2.message.DbException.get(DbException.java:223)
	at org.h2.message.DbException.get(DbException.java:199)
	at org.h2.table.Column.validateConvertUpdateSequence(Column.java:402)
	at org.h2.table.Table.convertInsertRow(Table.java:963)
	at org.h2.command.dml.Insert.insertRows(Insert.java:167)
	at org.h2.command.dml.Insert.update(Insert.java:135)
	at org.h2.command.dml.DataChangeStatement.update(DataChangeStatement.java:74)
	at org.h2.command.CommandContainer.update(CommandContainer.java:139)
	at org.h2.command.Command.executeUpdate(Command.java:304)
	at org.h2.command.Command.executeUpdate(Command.java:248)
	at org.h2.jdbc.JdbcPreparedStatement.execute(JdbcPreparedStatement.java:262)
	at com.zaxxer.hikari.pool.ProxyPreparedStatement.execute(ProxyPreparedStatement.java:44)
	at com.zaxxer.hikari.pool.HikariProxyPreparedStatement.execute(HikariProxyPreparedStatement.java)
	at java.base/jdk.internal.reflect.NativeMethodAccessorImpl.invoke0(Native Method)
	at java.base/jdk.internal.reflect.NativeMethodAccessorImpl.invoke(NativeMethodAccessorImpl.java:77)
	at java.base/jdk.internal.reflect.DelegatingMethodAccessorImpl.invoke(DelegatingMethodAccessorImpl.java:43)
	at java.base/java.lang.reflect.Method.invoke(Method.java:569)
	at org.apache.ibatis.logging.jdbc.PreparedStatementLogger.invoke(PreparedStatementLogger.java:58)
	at jdk.proxy3/jdk.proxy3.$Proxy153.execute(Unknown Source)
	at org.apache.ibatis.executor.statement.PreparedStatementHandler.update(PreparedStatementHandler.java:48)
	at org.apache.ibatis.executor.statement.RoutingStatementHandler.update(RoutingStatementHandler.java:75)
	at java.base/jdk.internal.reflect.NativeMethodAccessorImpl.invoke0(Native Method)
	at java.base/jdk.internal.reflect.NativeMethodAccessorImpl.invoke(NativeMethodAccessorImpl.java:77)
	at java.base/jdk.internal.reflect.DelegatingMethodAccessorImpl.invoke(DelegatingMethodAccessorImpl.java:43)
	at java.base/java.lang.reflect.Method.invoke(Method.java:569)
	at org.apache.ibatis.plugin.Plugin.invoke(Plugin.java:61)
	at jdk.proxy2/jdk.proxy2.$Proxy152.update(Unknown Source)
	at org.apache.ibatis.executor.SimpleExecutor.doUpdate(SimpleExecutor.java:50)
	at org.apache.ibatis.executor.BaseExecutor.update(BaseExecutor.java:117)
	at org.apache.ibatis.executor.CachingExecutor.update(CachingExecutor.java:76)
	at java.base/jdk.internal.reflect.NativeMethodAccessorImpl.invoke0(Native Method)
	at java.base/jdk.internal.reflect.NativeMethodAccessorImpl.invoke(NativeMethodAccessorImpl.java:77)
	at java.base/jdk.internal.reflect.DelegatingMethodAccessorImpl.invoke(DelegatingMethodAccessorImpl.java:43)
	at java.base/java.lang.reflect.Method.invoke(Method.java:569)
	at org.apache.ibatis.plugin.Invocation.proceed(Invocation.java:61)
	at com.baomidou.mybatisplus.extension.plugins.MybatisPlusInterceptor.intercept(MybatisPlusInterceptor.java:106)
	at org.apache.ibatis.plugin.Plugin.invoke(Plugin.java:59)
	at jdk.proxy2/jdk.proxy2.$Proxy151.update(Unknown Source)
	at org.apache.ibatis.session.defaults.DefaultSqlSession.update(DefaultSqlSession.java:197)
	at org.apache.ibatis.session.defaults.DefaultSqlSession.insert(DefaultSqlSession.java:184)
	at java.base/jdk.internal.reflect.NativeMethodAccessorImpl.invoke0(Native Method)
	at java.base/jdk.internal.reflect.NativeMethodAccessorImpl.invoke(NativeMethodAccessorImpl.java:77)
	at java.base/jdk.internal.reflect.DelegatingMethodAccessorImpl.invoke(DelegatingMethodAccessorImpl.java:43)
	at java.base/java.lang.reflect.Method.invoke(Method.java:569)
	at org.mybatis.spring.SqlSessionTemplate$SqlSessionInterceptor.invoke(SqlSessionTemplate.java:333)
	... 11 more

[ERROR] cn.zszj.module.system.service.oauth2.OAuth2TokenServiceImplCacheConsistencyTest.testRemoveAccessTokenByUser_afterCommit_cacheInvalidated -- Time elapsed: 0.009 s <<< ERROR!
org.springframework.dao.DataIntegrityViolationException: 

### Error updating database.  Cause: org.h2.jdbc.JdbcSQLIntegrityConstraintViolationException: NULL not allowed for column "user_info"; SQL statement:
INSERT INTO system_oauth2_access_token  ( id, access_token, refresh_token, user_id, user_type,  client_id, scopes, expires_time,  create_time, update_time, creator, updater )  VALUES (  ?, ?, ?, ?, ?,  ?, ?, ?,  ?, ?, ?, ?  ) [23502-232]
### The error may exist in cn/zszj/module/system/dal/mysql/oauth2/OAuth2AccessTokenMapper.java (best guess)
### The error may involve cn.zszj.module.system.dal.mysql.oauth2.OAuth2AccessTokenMapper.insert-Inline
### The error occurred while setting parameters
### SQL: INSERT INTO system_oauth2_access_token  ( id, access_token, refresh_token, user_id, user_type,  client_id, scopes, expires_time,  create_time, update_time, creator, updater )  VALUES (  ?, ?, ?, ?, ?,  ?, ?, ?,  ?, ?, ?, ?  )
### Cause: org.h2.jdbc.JdbcSQLIntegrityConstraintViolationException: NULL not allowed for column "user_info"; SQL statement:
INSERT INTO system_oauth2_access_token  ( id, access_token, refresh_token, user_id, user_type,  client_id, scopes, expires_time,  create_time, update_time, creator, updater )  VALUES (  ?, ?, ?, ?, ?,  ?, ?, ?,  ?, ?, ?, ?  ) [23502-232]
; NULL not allowed for column "user_info"; SQL statement:
INSERT INTO system_oauth2_access_token  ( id, access_token, refresh_token, user_id, user_type,  client_id, scopes, expires_time,  create_time, update_time, creator, updater )  VALUES (  ?, ?, ?, ?, ?,  ?, ?, ?,  ?, ?, ?, ?  ) [23502-232]
	at org.springframework.jdbc.support.SQLErrorCodeSQLExceptionTranslator.doTranslate(SQLErrorCodeSQLExceptionTranslator.java:258)
	at org.springframework.jdbc.support.AbstractFallbackSQLExceptionTranslator.translate(AbstractFallbackSQLExceptionTranslator.java:107)
	at org.mybatis.spring.MyBatisExceptionTranslator.translateExceptionIfPossible(MyBatisExceptionTranslator.java:95)
	at org.mybatis.spring.SqlSessionTemplate$SqlSessionInterceptor.invoke(SqlSessionTemplate.java:347)
	at jdk.proxy2/jdk.proxy2.$Proxy135.insert(Unknown Source)
	at org.mybatis.spring.SqlSessionTemplate.insert(SqlSessionTemplate.java:224)
	at com.baomidou.mybatisplus.core.override.MybatisMapperMethod.execute(MybatisMapperMethod.java:81)
	at com.baomidou.mybatisplus.core.override.MybatisMapperProxy$PlainMethodInvoker.invoke(MybatisMapperProxy.java:156)
	at com.baomidou.mybatisplus.core.override.MybatisMapperProxy.invoke(MybatisMapperProxy.java:93)
	at jdk.proxy2/jdk.proxy2.$Proxy143.insert(Unknown Source)
	at cn.zszj.module.system.service.oauth2.OAuth2TokenServiceImplCacheConsistencyTest.seedSession(OAuth2TokenServiceImplCacheConsistencyTest.java:95)
	at cn.zszj.module.system.service.oauth2.OAuth2TokenServiceImplCacheConsistencyTest.testRemoveAccessTokenByUser_afterCommit_cacheInvalidated(OAuth2TokenServiceImplCacheConsistencyTest.java:188)
	at java.base/java.lang.reflect.Method.invoke(Method.java:569)
	at java.base/java.util.ArrayList.forEach(ArrayList.java:1511)
	at java.base/java.util.ArrayList.forEach(ArrayList.java:1511)
Caused by: org.h2.jdbc.JdbcSQLIntegrityConstraintViolationException: NULL not allowed for column "user_info"; SQL statement:
INSERT INTO system_oauth2_access_token  ( id, access_token, refresh_token, user_id, user_type,  client_id, scopes, expires_time,  create_time, update_time, creator, updater )  VALUES (  ?, ?, ?, ?, ?,  ?, ?, ?,  ?, ?, ?, ?  ) [23502-232]
	at org.h2.message.DbException.getJdbcSQLException(DbException.java:520)
	at org.h2.message.DbException.getJdbcSQLException(DbException.java:489)
	at org.h2.message.DbException.get(DbException.java:223)
	at org.h2.message.DbException.get(DbException.java:199)
	at org.h2.table.Column.validateConvertUpdateSequence(Column.java:402)
	at org.h2.table.Table.convertInsertRow(Table.java:963)
	at org.h2.command.dml.Insert.insertRows(Insert.java:167)
	at org.h2.command.dml.Insert.update(Insert.java:135)
	at org.h2.command.dml.DataChangeStatement.update(DataChangeStatement.java:74)
	at org.h2.command.CommandContainer.update(CommandContainer.java:139)
	at org.h2.command.Command.executeUpdate(Command.java:304)
	at org.h2.command.Command.executeUpdate(Command.java:248)
	at org.h2.jdbc.JdbcPreparedStatement.execute(JdbcPreparedStatement.java:262)
	at com.zaxxer.hikari.pool.ProxyPreparedStatement.execute(ProxyPreparedStatement.java:44)
	at com.zaxxer.hikari.pool.HikariProxyPreparedStatement.execute(HikariProxyPreparedStatement.java)
	at java.base/jdk.internal.reflect.NativeMethodAccessorImpl.invoke0(Native Method)
	at java.base/jdk.internal.reflect.NativeMethodAccessorImpl.invoke(NativeMethodAccessorImpl.java:77)
	at java.base/jdk.internal.reflect.DelegatingMethodAccessorImpl.invoke(DelegatingMethodAccessorImpl.java:43)
	at java.base/java.lang.reflect.Method.invoke(Method.java:569)
	at org.apache.ibatis.logging.jdbc.PreparedStatementLogger.invoke(PreparedStatementLogger.java:58)
	at jdk.proxy3/jdk.proxy3.$Proxy153.execute(Unknown Source)
	at org.apache.ibatis.executor.statement.PreparedStatementHandler.update(PreparedStatementHandler.java:48)
	at org.apache.ibatis.executor.statement.RoutingStatementHandler.update(RoutingStatementHandler.java:75)
	at java.base/jdk.internal.reflect.NativeMethodAccessorImpl.invoke0(Native Method)
	at java.base/jdk.internal.reflect.NativeMethodAccessorImpl.invoke(NativeMethodAccessorImpl.java:77)
	at java.base/jdk.internal.reflect.DelegatingMethodAccessorImpl.invoke(DelegatingMethodAccessorImpl.java:43)
	at java.base/java.lang.reflect.Method.invoke(Method.java:569)
	at org.apache.ibatis.plugin.Plugin.invoke(Plugin.java:61)
	at jdk.proxy2/jdk.proxy2.$Proxy152.update(Unknown Source)
	at org.apache.ibatis.executor.SimpleExecutor.doUpdate(SimpleExecutor.java:50)
	at org.apache.ibatis.executor.BaseExecutor.update(BaseExecutor.java:117)
	at org.apache.ibatis.executor.CachingExecutor.update(CachingExecutor.java:76)
	at java.base/jdk.internal.reflect.NativeMethodAccessorImpl.invoke0(Native Method)
	at java.base/jdk.internal.reflect.NativeMethodAccessorImpl.invoke(NativeMethodAccessorImpl.java:77)
	at java.base/jdk.internal.reflect.DelegatingMethodAccessorImpl.invoke(DelegatingMethodAccessorImpl.java:43)
	at java.base/java.lang.reflect.Method.invoke(Method.java:569)
	at org.apache.ibatis.plugin.Invocation.proceed(Invocation.java:61)
	at com.baomidou.mybatisplus.extension.plugins.MybatisPlusInterceptor.intercept(MybatisPlusInterceptor.java:106)
	at org.apache.ibatis.plugin.Plugin.invoke(Plugin.java:59)
	at jdk.proxy2/jdk.proxy2.$Proxy151.update(Unknown Source)
	at org.apache.ibatis.session.defaults.DefaultSqlSession.update(DefaultSqlSession.java:197)
	at org.apache.ibatis.session.defaults.DefaultSqlSession.insert(DefaultSqlSession.java:184)
	at java.base/jdk.internal.reflect.NativeMethodAccessorImpl.invoke0(Native Method)
	at java.base/jdk.internal.reflect.NativeMethodAccessorImpl.invoke(NativeMethodAccessorImpl.java:77)
	at java.base/jdk.internal.reflect.DelegatingMethodAccessorImpl.invoke(DelegatingMethodAccessorImpl.java:43)
	at java.base/java.lang.reflect.Method.invoke(Method.java:569)
	at org.mybatis.spring.SqlSessionTemplate$SqlSessionInterceptor.invoke(SqlSessionTemplate.java:333)
	... 11 more

[INFO] 
[INFO] Results:
[INFO] 
[ERROR] Failures: 
[ERROR]   OAuth2TokenServiceImplCacheConsistencyTest.testCreateAccessToken_rolledBackTx_noGhostCacheEntry:151 前置：事务内已创建令牌串 ==> expected: not <null>
[ERROR] Errors: 
[ERROR]   OAuth2TokenServiceImplCacheConsistencyTest.testCheckAccessToken_cachedButRevokedInDb_rejectsAndEvicts:110->seedSession:95 ? DataIntegrityViolation 
### Error updating database.  Cause: org.h2.jdbc.JdbcSQLIntegrityConstraintViolationException: NULL not allowed for column "user_info"; SQL statement:
INSERT INTO system_oauth2_access_token  ( id, access_token, refresh_token, user_id, user_type,  client_id, scopes, expires_time,  create_time, update_time, creator, updater )  VALUES (  ?, ?, ?, ?, ?,  ?, ?, ?,  ?, ?, ?, ?  ) [23502-232]
### The error may exist in cn/zszj/module/system/dal/mysql/oauth2/OAuth2AccessTokenMapper.java (best guess)
### The error may involve cn.zszj.module.system.dal.mysql.oauth2.OAuth2AccessTokenMapper.insert-Inline
### The error occurred while setting parameters
### SQL: INSERT INTO system_oauth2_access_token  ( id, access_token, refresh_token, user_id, user_type,  client_id, scopes, expires_time,  create_time, update_time, creator, updater )  VALUES (  ?, ?, ?, ?, ?,  ?, ?, ?,  ?, ?, ?, ?  )
### Cause: org.h2.jdbc.JdbcSQLIntegrityConstraintViolationException: NULL not allowed for column "user_info"; SQL statement:
INSERT INTO system_oauth2_access_token  ( id, access_token, refresh_token, user_id, user_type,  client_id, scopes, expires_time,  create_time, update_time, creator, updater )  VALUES (  ?, ?, ?, ?, ?,  ?, ?, ?,  ?, ?, ?, ?  ) [23502-232]
; NULL not allowed for column "user_info"; SQL statement:
INSERT INTO system_oauth2_access_token  ( id, access_token, refresh_token, user_id, user_type,  client_id, scopes, expires_time,  create_time, update_time, creator, updater )  VALUES (  ?, ?, ?, ?, ?,  ?, ?, ?,  ?, ?, ?, ?  ) [23502-232]
[ERROR]   OAuth2TokenServiceImplCacheConsistencyTest.testCreateAccessToken_committedTx_cachePublished:167->lambda$testCreateAccessToken_committedTx_cachePublished$2:168 ? DataIntegrityViolation 
### Error updating database.  Cause: org.h2.jdbc.JdbcSQLIntegrityConstraintViolationException: NULL not allowed for column "tenant_id"; SQL statement:
INSERT INTO system_oauth2_access_token  ( id, access_token, refresh_token, user_id, user_type, user_info, client_id, scopes, expires_time,  create_time, update_time, creator, updater )  VALUES (  ?, ?, ?, ?, ?, ?, ?, ?, ?,  ?, ?, ?, ?  ) [23502-232]
### The error may exist in cn/zszj/module/system/dal/mysql/oauth2/OAuth2AccessTokenMapper.java (best guess)
### The error may involve cn.zszj.module.system.dal.mysql.oauth2.OAuth2AccessTokenMapper.insert-Inline
### The error occurred while setting parameters
### SQL: INSERT INTO system_oauth2_access_token  ( id, access_token, refresh_token, user_id, user_type, user_info, client_id, scopes, expires_time,  create_time, update_time, creator, updater )  VALUES (  ?, ?, ?, ?, ?, ?, ?, ?, ?,  ?, ?, ?, ?  )
### Cause: org.h2.jdbc.JdbcSQLIntegrityConstraintViolationException: NULL not allowed for column "tenant_id"; SQL statement:
INSERT INTO system_oauth2_access_token  ( id, access_token, refresh_token, user_id, user_type, user_info, client_id, scopes, expires_time,  create_time, update_time, creator, updater )  VALUES (  ?, ?, ?, ?, ?, ?, ?, ?, ?,  ?, ?, ?, ?  ) [23502-232]
; NULL not allowed for column "tenant_id"; SQL statement:
INSERT INTO system_oauth2_access_token  ( id, access_token, refresh_token, user_id, user_type, user_info, client_id, scopes, expires_time,  create_time, update_time, creator, updater )  VALUES (  ?, ?, ?, ?, ?, ?, ?, ?, ?,  ?, ?, ?, ?  ) [23502-232]
[ERROR]   OAuth2TokenServiceImplCacheConsistencyTest.testRemoveAccessTokenByUser_afterCommit_cacheInvalidated:188->seedSession:95 ? DataIntegrityViolation 
### Error updating database.  Cause: org.h2.jdbc.JdbcSQLIntegrityConstraintViolationException: NULL not allowed for column "user_info"; SQL statement:
INSERT INTO system_oauth2_access_token  ( id, access_token, refresh_token, user_id, user_type,  client_id, scopes, expires_time,  create_time, update_time, creator, updater )  VALUES (  ?, ?, ?, ?, ?,  ?, ?, ?,  ?, ?, ?, ?  ) [23502-232]
### The error may exist in cn/zszj/module/system/dal/mysql/oauth2/OAuth2AccessTokenMapper.java (best guess)
### The error may involve cn.zszj.module.system.dal.mysql.oauth2.OAuth2AccessTokenMapper.insert-Inline
### The error occurred while setting parameters
### SQL: INSERT INTO system_oauth2_access_token  ( id, access_token, refresh_token, user_id, user_type,  client_id, scopes, expires_time,  create_time, update_time, creator, updater )  VALUES (  ?, ?, ?, ?, ?,  ?, ?, ?,  ?, ?, ?, ?  )
### Cause: org.h2.jdbc.JdbcSQLIntegrityConstraintViolationException: NULL not allowed for column "user_info"; SQL statement:
INSERT INTO system_oauth2_access_token  ( id, access_token, refresh_token, user_id, user_type,  client_id, scopes, expires_time,  create_time, update_time, creator, updater )  VALUES (  ?, ?, ?, ?, ?,  ?, ?, ?,  ?, ?, ?, ?  ) [23502-232]
; NULL not allowed for column "user_info"; SQL statement:
INSERT INTO system_oauth2_access_token  ( id, access_token, refresh_token, user_id, user_type,  client_id, scopes, expires_time,  create_time, update_time, creator, updater )  VALUES (  ?, ?, ?, ?, ?,  ?, ?, ?,  ?, ?, ?, ?  ) [23502-232]
[ERROR]   OAuth2TokenServiceImplCacheConsistencyTest.testRemoveAccessTokenByUser_rolledBackTx_cacheStillInvalidated:208->seedSession:95 ? DataIntegrityViolation 
### Error updating database.  Cause: org.h2.jdbc.JdbcSQLIntegrityConstraintViolationException: NULL not allowed for column "user_info"; SQL statement:
INSERT INTO system_oauth2_access_token  ( id, access_token, refresh_token, user_id, user_type,  client_id, scopes, expires_time,  create_time, update_time, creator, updater )  VALUES (  ?, ?, ?, ?, ?,  ?, ?, ?,  ?, ?, ?, ?  ) [23502-232]
### The error may exist in cn/zszj/module/system/dal/mysql/oauth2/OAuth2AccessTokenMapper.java (best guess)
### The error may involve cn.zszj.module.system.dal.mysql.oauth2.OAuth2AccessTokenMapper.insert-Inline
### The error occurred while setting parameters
### SQL: INSERT INTO system_oauth2_access_token  ( id, access_token, refresh_token, user_id, user_type,  client_id, scopes, expires_time,  create_time, update_time, creator, updater )  VALUES (  ?, ?, ?, ?, ?,  ?, ?, ?,  ?, ?, ?, ?  )
### Cause: org.h2.jdbc.JdbcSQLIntegrityConstraintViolationException: NULL not allowed for column "user_info"; SQL statement:
INSERT INTO system_oauth2_access_token  ( id, access_token, refresh_token, user_id, user_type,  client_id, scopes, expires_time,  create_time, update_time, creator, updater )  VALUES (  ?, ?, ?, ?, ?,  ?, ?, ?,  ?, ?, ?, ?  ) [23502-232]
; NULL not allowed for column "user_info"; SQL statement:
INSERT INTO system_oauth2_access_token  ( id, access_token, refresh_token, user_id, user_type,  client_id, scopes, expires_time,  create_time, update_time, creator, updater )  VALUES (  ?, ?, ?, ?, ?,  ?, ?, ?,  ?, ?, ?, ?  ) [23502-232]
[INFO] 
[ERROR] Tests run: 5, Failures: 1, Errors: 4, Skipped: 0
[INFO] 
[INFO] ------------------------------------------------------------------------
[INFO] BUILD FAILURE
[INFO] ------------------------------------------------------------------------
[INFO] Total time:  10.544 s
[INFO] Finished at: 2026-09-13T20:01:25+08:00
[INFO] ------------------------------------------------------------------------
[ERROR] Failed to execute goal org.apache.maven.plugins:maven-surefire-plugin:3.5.3:test (default-test) on project zszj-module-system: There are test failures.
[ERROR] 
[ERROR] See E:\zszj-wt-login-005-a\services\zhongshu-core\zszj-module-system\target\surefire-reports for the individual test results.
[ERROR] See dump files (if any exist) [date].dump, [date]-jvmRun[N].dump and [date].dumpstream.
[ERROR] -> [Help 1]
[ERROR] 
[ERROR] To see the full stack trace of the errors, re-run Maven with the -e switch.
[ERROR] Re-run Maven using the -X switch to enable full debug logging.
[ERROR] 
[ERROR] For more information about the errors and possible solutions, please read the following articles:
[ERROR] [Help 1] http://cwiki.apache.org/confluence/display/MAVEN/MojoFailureException
