[INFO] Scanning for projects...
[INFO] 
[INFO] ---------------------< cn.zszj:zszj-module-system >---------------------
[INFO] Building zszj-module-system 2026.08-SNAPSHOT
[INFO]   from pom.xml
[INFO] --------------------------------[ jar ]---------------------------------
[INFO] 
[INFO] --- enforcer:3.5.0:enforce (enforce-jdk17-baseline) @ zszj-module-system ---
[INFO] Rule 0: org.apache.maven.enforcer.rules.version.RequireJavaVersion passed
[INFO] Rule 1: org.apache.maven.enforcer.rules.version.RequireMavenVersion passed
[INFO] 
[INFO] --- resources:3.3.1:resources (default-resources) @ zszj-module-system ---
[INFO] Copying 37 resources from src\main\resources to target\classes
[INFO] 
[INFO] --- flatten:1.7.2:flatten (flatten) @ zszj-module-system ---
[INFO] Generating flattened POM of project cn.zszj:zszj-module-system:jar:2026.08-SNAPSHOT...
[INFO] 
[INFO] --- compiler:3.14.0:compile (default-compile) @ zszj-module-system ---
[INFO] Nothing to compile - all classes are up to date.
[INFO] 
[INFO] --- resources:3.3.1:testResources (default-testResources) @ zszj-module-system ---
[INFO] Copying 4 resources from src\test\resources to target\test-classes
[INFO] 
[INFO] --- compiler:3.14.0:testCompile (default-testCompile) @ zszj-module-system ---
[INFO] Recompiling the module because of changed source code.
[INFO] Compiling 64 source files with javac [target 17] to target\test-classes
[INFO] 
[INFO] --- surefire:3.5.3:test (default-test) @ zszj-module-system ---
[INFO] Using auto detected provider org.apache.maven.surefire.junitplatform.JUnitPlatformProvider
[INFO] 
[INFO] -------------------------------------------------------
[INFO]  T E S T S
[INFO] -------------------------------------------------------
[INFO] Running cn.zszj.module.system.service.oauth2.OAuth2CodeServiceImplTest
18:25:15,314 |-WARN in Logger[org.jboss.logging] - No appenders present in context [default] for logger [org.jboss.logging].
 _ _   |_  _ _|_. ___ _ |    _ 
| | |\/|_)(_| | |_\  |_)||_|_\ 
     /               |         
                        null 
OpenJDK 64-Bit Server VM warning: Sharing is only supported for boot loader classes because bootstrap classpath has been appended
[INFO] Tests run: 4, Failures: 0, Errors: 0, Skipped: 0, Time elapsed: 2.324 s -- in cn.zszj.module.system.service.oauth2.OAuth2CodeServiceImplTest
[INFO] Running cn.zszj.module.system.service.oauth2.OAuth2GrantServiceImplTest
[ERROR] Tests run: 9, Failures: 0, Errors: 3, Skipped: 0, Time elapsed: 0.505 s <<< FAILURE! -- in cn.zszj.module.system.service.oauth2.OAuth2GrantServiceImplTest
[ERROR] cn.zszj.module.system.service.oauth2.OAuth2GrantServiceImplTest.testGrantAuthorizationCodeForAccessToken_deletedUser_shouldReject -- Time elapsed: 0.021 s <<< ERROR!
org.mockito.exceptions.misusing.UnnecessaryStubbingException: 

Unnecessary stubbings detected.
Clean & maintainable test code requires zero unnecessary code.
Following stubbings are unnecessary (click to navigate to relevant line of code):
  1. -> at cn.zszj.module.system.service.oauth2.OAuth2GrantServiceImplTest.testGrantAuthorizationCodeForAccessToken_deletedUser_shouldReject(OAuth2GrantServiceImplTest.java:152)
Please remove unnecessary stubbings or use 'lenient' strictness. More info: javadoc for UnnecessaryStubbingException class.
	at org.mockito.junit.jupiter.MockitoExtension.lambda$afterEach$2(MockitoExtension.java:200)
	at java.base/java.util.Optional.ifPresent(Optional.java:178)
	at org.mockito.junit.jupiter.MockitoExtension.afterEach(MockitoExtension.java:198)
	at java.base/java.util.ArrayList.forEach(ArrayList.java:1511)
	at java.base/java.util.ArrayList.forEach(ArrayList.java:1511)

[ERROR] cn.zszj.module.system.service.oauth2.OAuth2GrantServiceImplTest.testGrantAuthorizationCodeForAccessToken_disabledUser_shouldReject -- Time elapsed: 0.006 s <<< ERROR!
org.mockito.exceptions.misusing.UnnecessaryStubbingException: 

Unnecessary stubbings detected.
Clean & maintainable test code requires zero unnecessary code.
Following stubbings are unnecessary (click to navigate to relevant line of code):
  1. -> at cn.zszj.module.system.service.oauth2.OAuth2GrantServiceImplTest.testGrantAuthorizationCodeForAccessToken_disabledUser_shouldReject(OAuth2GrantServiceImplTest.java:129)
Please remove unnecessary stubbings or use 'lenient' strictness. More info: javadoc for UnnecessaryStubbingException class.
	at org.mockito.junit.jupiter.MockitoExtension.lambda$afterEach$2(MockitoExtension.java:200)
	at java.base/java.util.Optional.ifPresent(Optional.java:178)
	at org.mockito.junit.jupiter.MockitoExtension.afterEach(MockitoExtension.java:198)
	at java.base/java.util.ArrayList.forEach(ArrayList.java:1511)
	at java.base/java.util.ArrayList.forEach(ArrayList.java:1511)

[ERROR] cn.zszj.module.system.service.oauth2.OAuth2GrantServiceImplTest.testGrantAuthorizationCodeForAccessToken -- Time elapsed: 0.009 s <<< ERROR!
ServiceException(super=cn.zszj.framework.common.exception.ServiceException: 用户不存在, code=1002003003, message=用户不存在)
	at cn.zszj.framework.common.exception.util.ServiceExceptionUtil.exception0(ServiceExceptionUtil.java:31)
	at cn.zszj.framework.common.exception.util.ServiceExceptionUtil.exception(ServiceExceptionUtil.java:22)
	at cn.zszj.module.system.service.oauth2.OAuth2GrantServiceImpl.grantAuthorizationCodeForAccessToken(OAuth2GrantServiceImpl.java:86)
	at cn.zszj.module.system.service.oauth2.OAuth2GrantServiceImplTest.testGrantAuthorizationCodeForAccessToken(OAuth2GrantServiceImplTest.java:110)
	at java.base/java.lang.reflect.Method.invoke(Method.java:569)
	at java.base/java.util.ArrayList.forEach(ArrayList.java:1511)
	at java.base/java.util.ArrayList.forEach(ArrayList.java:1511)

[INFO] Running cn.zszj.module.system.service.oauth2.OAuth2TokenServiceImplBatchLockOrderUnitTest
[INFO] Tests run: 3, Failures: 0, Errors: 0, Skipped: 0, Time elapsed: 0.267 s -- in cn.zszj.module.system.service.oauth2.OAuth2TokenServiceImplBatchLockOrderUnitTest
[INFO] Running cn.zszj.module.system.service.oauth2.OAuth2TokenServiceImplBatchRevokeLockOrderTest
 _ _   |_  _ _|_. ___ _ |    _ 
| | |\/|_)(_| | |_\  |_)||_|_\ 
     /               |         
                        null 
[INFO] Tests run: 3, Failures: 0, Errors: 0, Skipped: 0, Time elapsed: 1.371 s -- in cn.zszj.module.system.service.oauth2.OAuth2TokenServiceImplBatchRevokeLockOrderTest
[INFO] Running cn.zszj.module.system.service.oauth2.OAuth2TokenServiceImplCompatTest
 _ _   |_  _ _|_. ___ _ |    _ 
| | |\/|_)(_| | |_\  |_)||_|_\ 
     /               |         
                        null 
[INFO] Tests run: 2, Failures: 0, Errors: 0, Skipped: 0, Time elapsed: 0.335 s -- in cn.zszj.module.system.service.oauth2.OAuth2TokenServiceImplCompatTest
[INFO] Running cn.zszj.module.system.service.oauth2.OAuth2TokenServiceImplOrphanRevokeTest
[INFO] Tests run: 12, Failures: 0, Errors: 0, Skipped: 0, Time elapsed: 0.485 s -- in cn.zszj.module.system.service.oauth2.OAuth2TokenServiceImplOrphanRevokeTest
[INFO] Running cn.zszj.module.system.service.oauth2.OAuth2TokenServiceImplRefreshConcurrencyTest
[INFO] Tests run: 6, Failures: 0, Errors: 0, Skipped: 0, Time elapsed: 0.787 s -- in cn.zszj.module.system.service.oauth2.OAuth2TokenServiceImplRefreshConcurrencyTest
[INFO] Running cn.zszj.module.system.service.oauth2.OAuth2TokenServiceImplSyntheticCredentialRevokeTest
[INFO] Tests run: 3, Failures: 0, Errors: 0, Skipped: 0, Time elapsed: 0.059 s -- in cn.zszj.module.system.service.oauth2.OAuth2TokenServiceImplSyntheticCredentialRevokeTest
[INFO] Running cn.zszj.module.system.service.oauth2.OAuth2TokenServiceImplTest
[INFO] Tests run: 17, Failures: 0, Errors: 0, Skipped: 0, Time elapsed: 0.258 s -- in cn.zszj.module.system.service.oauth2.OAuth2TokenServiceImplTest
[INFO] Running cn.zszj.module.system.service.oauth2.OAuth2TokenServiceImplUserRevokeLockOrderUnitTest
[INFO] Tests run: 8, Failures: 0, Errors: 0, Skipped: 0, Time elapsed: 0.018 s -- in cn.zszj.module.system.service.oauth2.OAuth2TokenServiceImplUserRevokeLockOrderUnitTest
[INFO] Running cn.zszj.module.system.service.user.AdminUserServiceImplSessionInvalidateTest
 _ _   |_  _ _|_. ___ _ |    _ 
| | |\/|_)(_| | |_\  |_)||_|_\ 
     /               |         
                        null 
[INFO] Tests run: 14, Failures: 0, Errors: 0, Skipped: 0, Time elapsed: 0.803 s -- in cn.zszj.module.system.service.user.AdminUserServiceImplSessionInvalidateTest
[INFO] 
[INFO] Results:
[INFO] 
[ERROR] Errors: 
[ERROR]   OAuth2GrantServiceImplTest.testGrantAuthorizationCodeForAccessToken:110 ? Service 用户不存在
[ERROR]   OAuth2GrantServiceImplTest.testGrantAuthorizationCodeForAccessToken_deletedUser_shouldReject ? UnnecessaryStubbing 
Unnecessary stubbings detected.
Clean & maintainable test code requires zero unnecessary code.
Following stubbings are unnecessary (click to navigate to relevant line of code):
  1. -> at cn.zszj.module.system.service.oauth2.OAuth2GrantServiceImplTest.testGrantAuthorizationCodeForAccessToken_deletedUser_shouldReject(OAuth2GrantServiceImplTest.java:152)
Please remove unnecessary stubbings or use 'lenient' strictness. More info: javadoc for UnnecessaryStubbingException class.
[ERROR]   OAuth2GrantServiceImplTest.testGrantAuthorizationCodeForAccessToken_disabledUser_shouldReject ? UnnecessaryStubbing 
Unnecessary stubbings detected.
Clean & maintainable test code requires zero unnecessary code.
Following stubbings are unnecessary (click to navigate to relevant line of code):
  1. -> at cn.zszj.module.system.service.oauth2.OAuth2GrantServiceImplTest.testGrantAuthorizationCodeForAccessToken_disabledUser_shouldReject(OAuth2GrantServiceImplTest.java:129)
Please remove unnecessary stubbings or use 'lenient' strictness. More info: javadoc for UnnecessaryStubbingException class.
[INFO] 
[ERROR] Tests run: 81, Failures: 0, Errors: 3, Skipped: 0
[INFO] 
[INFO] ------------------------------------------------------------------------
[INFO] BUILD FAILURE
[INFO] ------------------------------------------------------------------------
[INFO] Total time:  14.146 s
[INFO] Finished at: 2026-09-13T18:25:22+08:00
[INFO] ------------------------------------------------------------------------
[ERROR] Failed to execute goal org.apache.maven.plugins:maven-surefire-plugin:3.5.3:test (default-test) on project zszj-module-system: 
[ERROR] 
[ERROR] See E:\zszj-wt-login-003\services\zhongshu-core\zszj-module-system\target\surefire-reports for the individual test results.
[ERROR] See dump files (if any exist) [date].dump, [date]-jvmRun[N].dump and [date].dumpstream.
[ERROR] -> [Help 1]
[ERROR] 
[ERROR] To see the full stack trace of the errors, re-run Maven with the -e switch.
[ERROR] Re-run Maven using the -X switch to enable full debug logging.
[ERROR] 
[ERROR] For more information about the errors and possible solutions, please read the following articles:
[ERROR] [Help 1] http://cwiki.apache.org/confluence/display/MAVEN/MojoFailureException
