[INFO] Scanning for projects...
[INFO] 
[INFO] ---------------------< cn.zszj:zszj-module-system >---------------------
[INFO] Building zszj-module-system 2026.08-SNAPSHOT
[INFO]   from pom.xml
[INFO] --------------------------------[ jar ]---------------------------------
[INFO] 
[INFO] --- enforcer:3.5.0:enforce (enforce-jdk17-baseline) @ zszj-module-system ---
[INFO] Rule 0: org.apache.maven.enforcer.rules.version.RequireJavaVersion passed
[INFO] Rule 1: org.apache.maven.enforcer.rules.version.RequireMavenVersion passed
[INFO] 
[INFO] --- resources:3.3.1:resources (default-resources) @ zszj-module-system ---
[INFO] Copying 37 resources from src\main\resources to target\classes
[INFO] 
[INFO] --- flatten:1.7.2:flatten (flatten) @ zszj-module-system ---
[INFO] Generating flattened POM of project cn.zszj:zszj-module-system:jar:2026.08-SNAPSHOT...
[INFO] 
[INFO] --- compiler:3.14.0:compile (default-compile) @ zszj-module-system ---
[INFO] Nothing to compile - all classes are up to date.
[INFO] 
[INFO] --- resources:3.3.1:testResources (default-testResources) @ zszj-module-system ---
[INFO] Copying 4 resources from src\test\resources to target\test-classes
[INFO] 
[INFO] --- compiler:3.14.0:testCompile (default-testCompile) @ zszj-module-system ---
[INFO] Recompiling the module because of changed source code.
[INFO] Compiling 65 source files with javac [target 17] to target\test-classes
[INFO] -------------------------------------------------------------
[ERROR] COMPILATION ERROR : 
[INFO] -------------------------------------------------------------
[ERROR] /E:/zszj-wt-login-005-a/services/zhongshu-core/zszj-module-system/src/test/java/cn/zszj/module/system/service/oauth2/OAuth2TokenServiceImplCacheConsistencyTest.java:[96,33] 找不到符号
  符号:   方法 setUserInfo(java.lang.String)
  位置: 类 cn.zszj.framework.tenant.core.db.TenantBaseDO
[ERROR] /E:/zszj-wt-login-005-a/services/zhongshu-core/zszj-module-system/src/test/java/cn/zszj/module/system/service/oauth2/OAuth2TokenServiceImplCacheConsistencyTest.java:[102,33] 找不到符号
  符号:   方法 setUserInfo(java.lang.String)
  位置: 类 cn.zszj.framework.tenant.core.db.TenantBaseDO
[INFO] 2 errors 
[INFO] -------------------------------------------------------------
[INFO] ------------------------------------------------------------------------
[INFO] BUILD FAILURE
[INFO] ------------------------------------------------------------------------
[INFO] Total time:  5.530 s
[INFO] Finished at: 2026-09-13T20:02:17+08:00
[INFO] ------------------------------------------------------------------------
[ERROR] Failed to execute goal org.apache.maven.plugins:maven-compiler-plugin:3.14.0:testCompile (default-testCompile) on project zszj-module-system: Compilation failure: Compilation failure: 
[ERROR] /E:/zszj-wt-login-005-a/services/zhongshu-core/zszj-module-system/src/test/java/cn/zszj/module/system/service/oauth2/OAuth2TokenServiceImplCacheConsistencyTest.java:[96,33] 找不到符号
[ERROR]   符号:   方法 setUserInfo(java.lang.String)
[ERROR]   位置: 类 cn.zszj.framework.tenant.core.db.TenantBaseDO
[ERROR] /E:/zszj-wt-login-005-a/services/zhongshu-core/zszj-module-system/src/test/java/cn/zszj/module/system/service/oauth2/OAuth2TokenServiceImplCacheConsistencyTest.java:[102,33] 找不到符号
[ERROR]   符号:   方法 setUserInfo(java.lang.String)
[ERROR]   位置: 类 cn.zszj.framework.tenant.core.db.TenantBaseDO
[ERROR] -> [Help 1]
[ERROR] 
[ERROR] To see the full stack trace of the errors, re-run Maven with the -e switch.
[ERROR] Re-run Maven using the -X switch to enable full debug logging.
[ERROR] 
[ERROR] For more information about the errors and possible solutions, please read the following articles:
[ERROR] [Help 1] http://cwiki.apache.org/confluence/display/MAVEN/MojoFailureException
