[INFO] Scanning for projects...
[INFO] 
[INFO] ---------------------< cn.zszj:zszj-module-system >---------------------
[INFO] Building zszj-module-system 2026.08-SNAPSHOT
[INFO]   from pom.xml
[INFO] --------------------------------[ jar ]---------------------------------
[INFO] 
[INFO] --- enforcer:3.5.0:enforce (enforce-jdk17-baseline) @ zszj-module-system ---
[INFO] Rule 0: org.apache.maven.enforcer.rules.version.RequireJavaVersion passed
[INFO] Rule 1: org.apache.maven.enforcer.rules.version.RequireMavenVersion passed
[INFO] 
[INFO] --- resources:3.3.1:resources (default-resources) @ zszj-module-system ---
[INFO] Copying 37 resources from src\main\resources to target\classes
[INFO] 
[INFO] --- flatten:1.7.2:flatten (flatten) @ zszj-module-system ---
[INFO] Generating flattened POM of project cn.zszj:zszj-module-system:jar:2026.08-SNAPSHOT...
[INFO] 
[INFO] --- compiler:3.14.0:compile (default-compile) @ zszj-module-system ---
[INFO] Nothing to compile - all classes are up to date.
[INFO] 
[INFO] --- resources:3.3.1:testResources (default-testResources) @ zszj-module-system ---
[INFO] Copying 4 resources from src\test\resources to target\test-classes
[INFO] 
[INFO] --- compiler:3.14.0:testCompile (default-testCompile) @ zszj-module-system ---
[INFO] Recompiling the module because of changed source code.
[INFO] Compiling 65 source files with javac [target 17] to target\test-classes
[INFO] 
[INFO] --- surefire:3.5.3:test (default-test) @ zszj-module-system ---
[INFO] Using auto detected provider org.apache.maven.surefire.junitplatform.JUnitPlatformProvider
[INFO] 
[INFO] -------------------------------------------------------
[INFO]  T E S T S
[INFO] -------------------------------------------------------
[INFO] Running cn.zszj.module.system.service.oauth2.OAuth2TokenServiceImplCacheConsistencyTest
20:05:35,421 |-WARN in Logger[org.jboss.logging] - No appenders present in context [default] for logger [org.jboss.logging].
OpenJDK 64-Bit Server VM warning: Sharing is only supported for boot loader classes because bootstrap classpath has been appended
 _ _   |_  _ _|_. ___ _ |    _ 
| | |\/|_)(_| | |_\  |_)||_|_\ 
     /               |         
                        null 
[ERROR] Tests run: 5, Failures: 4, Errors: 0, Skipped: 0, Time elapsed: 4.141 s <<< FAILURE! -- in cn.zszj.module.system.service.oauth2.OAuth2TokenServiceImplCacheConsistencyTest
[ERROR] cn.zszj.module.system.service.oauth2.OAuth2TokenServiceImplCacheConsistencyTest.testRemoveAccessTokenByUser_rolledBackTx_cacheStillInvalidated -- Time elapsed: 0.248 s <<< FAILURE!
org.opentest4j.AssertionFailedError: 前置：缓存条目存在 ==> expected: not <null>
	at org.junit.jupiter.api.AssertionFailureBuilder.build(AssertionFailureBuilder.java:152)
	at org.junit.jupiter.api.AssertionFailureBuilder.buildAndThrow(AssertionFailureBuilder.java:132)
	at org.junit.jupiter.api.AssertNotNull.failNull(AssertNotNull.java:49)
	at org.junit.jupiter.api.AssertNotNull.assertNotNull(AssertNotNull.java:35)
	at org.junit.jupiter.api.Assertions.assertNotNull(Assertions.java:312)
	at cn.zszj.module.system.service.oauth2.OAuth2TokenServiceImplCacheConsistencyTest.testRemoveAccessTokenByUser_rolledBackTx_cacheStillInvalidated(OAuth2TokenServiceImplCacheConsistencyTest.java:221)
	at java.base/java.lang.reflect.Method.invoke(Method.java:569)
	at java.base/java.util.ArrayList.forEach(ArrayList.java:1511)
	at java.base/java.util.ArrayList.forEach(ArrayList.java:1511)

[ERROR] cn.zszj.module.system.service.oauth2.OAuth2TokenServiceImplCacheConsistencyTest.testCreateAccessToken_rolledBackTx_noGhostCacheEntry -- Time elapsed: 0.028 s <<< FAILURE!
org.opentest4j.AssertionFailedError: 事务回滚后新令牌不得残留在缓存（缓存发布必须发生在提交后） ==> expected: <null> but was: <OAuth2AccessTokenDO(super=TenantBaseDO(super=BaseDO(createTime=null, updateTime=null, creator=null, updater=null, deleted=null), tenantId=1), id=2099107234511560706, accessToken=933c443ab7bf455ebbffe70fefee1f25, refreshToken=348bd16352de4b318bfb0b16d46c81ed, userId=12908735245786843, userType=2, userInfo={nickname=poCb8ORMkZ, deptId=106839190943200}, clientId=LofwcuCbUX, scopes=[read], expiresTime=2026-09-13T20:35:38.900)>
	at org.junit.jupiter.api.AssertionFailureBuilder.build(AssertionFailureBuilder.java:151)
	at org.junit.jupiter.api.AssertionFailureBuilder.buildAndThrow(AssertionFailureBuilder.java:132)
	at org.junit.jupiter.api.AssertNull.failNotNull(AssertNull.java:50)
	at org.junit.jupiter.api.AssertNull.assertNull(AssertNull.java:35)
	at org.junit.jupiter.api.Assertions.assertNull(Assertions.java:287)
	at cn.zszj.module.system.service.oauth2.OAuth2TokenServiceImplCacheConsistencyTest.testCreateAccessToken_rolledBackTx_noGhostCacheEntry(OAuth2TokenServiceImplCacheConsistencyTest.java:164)
	at java.base/java.lang.reflect.Method.invoke(Method.java:569)
	at java.base/java.util.ArrayList.forEach(ArrayList.java:1511)
	at java.base/java.util.ArrayList.forEach(ArrayList.java:1511)

[ERROR] cn.zszj.module.system.service.oauth2.OAuth2TokenServiceImplCacheConsistencyTest.testCheckAccessToken_cachedButRevokedInDb_rejectsAndEvicts -- Time elapsed: 0.032 s <<< FAILURE!
org.opentest4j.AssertionFailedError: Expected cn.zszj.framework.common.exception.ServiceException to be thrown, but nothing was thrown.
	at org.junit.jupiter.api.AssertionFailureBuilder.build(AssertionFailureBuilder.java:152)
	at org.junit.jupiter.api.AssertThrows.assertThrows(AssertThrows.java:73)
	at org.junit.jupiter.api.AssertThrows.assertThrows(AssertThrows.java:35)
	at org.junit.jupiter.api.Assertions.assertThrows(Assertions.java:3128)
	at cn.zszj.framework.test.core.util.AssertUtils.assertServiceException(AssertUtils.java:94)
	at cn.zszj.module.system.service.oauth2.OAuth2TokenServiceImplCacheConsistencyTest.testCheckAccessToken_cachedButRevokedInDb_rejectsAndEvicts(OAuth2TokenServiceImplCacheConsistencyTest.java:132)
	at java.base/java.lang.reflect.Method.invoke(Method.java:569)
	at java.base/java.util.ArrayList.forEach(ArrayList.java:1511)
	at java.base/java.util.ArrayList.forEach(ArrayList.java:1511)

[ERROR] cn.zszj.module.system.service.oauth2.OAuth2TokenServiceImplCacheConsistencyTest.testRemoveAccessTokenByUser_afterCommit_cacheInvalidated -- Time elapsed: 0.013 s <<< FAILURE!
org.opentest4j.AssertionFailedError: 前置：缓存条目存在 ==> expected: not <null>
	at org.junit.jupiter.api.AssertionFailureBuilder.build(AssertionFailureBuilder.java:152)
	at org.junit.jupiter.api.AssertionFailureBuilder.buildAndThrow(AssertionFailureBuilder.java:132)
	at org.junit.jupiter.api.AssertNotNull.failNull(AssertNotNull.java:49)
	at org.junit.jupiter.api.AssertNotNull.assertNotNull(AssertNotNull.java:35)
	at org.junit.jupiter.api.Assertions.assertNotNull(Assertions.java:312)
	at cn.zszj.module.system.service.oauth2.OAuth2TokenServiceImplCacheConsistencyTest.testRemoveAccessTokenByUser_afterCommit_cacheInvalidated(OAuth2TokenServiceImplCacheConsistencyTest.java:201)
	at java.base/java.lang.reflect.Method.invoke(Method.java:569)
	at java.base/java.util.ArrayList.forEach(ArrayList.java:1511)
	at java.base/java.util.ArrayList.forEach(ArrayList.java:1511)

[INFO] 
[INFO] Results:
[INFO] 
[ERROR] Failures: 
[ERROR]   OAuth2TokenServiceImplCacheConsistencyTest.testCheckAccessToken_cachedButRevokedInDb_rejectsAndEvicts:132 Expected cn.zszj.framework.common.exception.ServiceException to be thrown, but nothing was thrown.
[ERROR]   OAuth2TokenServiceImplCacheConsistencyTest.testCreateAccessToken_rolledBackTx_noGhostCacheEntry:164 事务回滚后新令牌不得残留在缓存（缓存发布必须发生在提交后） ==> expected: <null> but was: <OAuth2AccessTokenDO(super=TenantBaseDO(super=BaseDO(createTime=null, updateTime=null, creator=null, updater=null, deleted=null), tenantId=1), id=2099107234511560706, accessToken=933c443ab7bf455ebbffe70fefee1f25, refreshToken=348bd16352de4b318bfb0b16d46c81ed, userId=12908735245786843, userType=2, userInfo={nickname=poCb8ORMkZ, deptId=106839190943200}, clientId=LofwcuCbUX, scopes=[read], expiresTime=2026-09-13T20:35:38.900)>
[ERROR]   OAuth2TokenServiceImplCacheConsistencyTest.testRemoveAccessTokenByUser_afterCommit_cacheInvalidated:201 前置：缓存条目存在 ==> expected: not <null>
[ERROR]   OAuth2TokenServiceImplCacheConsistencyTest.testRemoveAccessTokenByUser_rolledBackTx_cacheStillInvalidated:221 前置：缓存条目存在 ==> expected: not <null>
[INFO] 
[ERROR] Tests run: 5, Failures: 4, Errors: 0, Skipped: 0
[INFO] 
[INFO] ------------------------------------------------------------------------
[INFO] BUILD FAILURE
[INFO] ------------------------------------------------------------------------
[INFO] Total time:  13.746 s
[INFO] Finished at: 2026-09-13T20:05:39+08:00
[INFO] ------------------------------------------------------------------------
[ERROR] Failed to execute goal org.apache.maven.plugins:maven-surefire-plugin:3.5.3:test (default-test) on project zszj-module-system: There are test failures.
[ERROR] 
[ERROR] See E:\zszj-wt-login-005-a\services\zhongshu-core\zszj-module-system\target\surefire-reports for the individual test results.
[ERROR] See dump files (if any exist) [date].dump, [date]-jvmRun[N].dump and [date].dumpstream.
[ERROR] -> [Help 1]
[ERROR] 
[ERROR] To see the full stack trace of the errors, re-run Maven with the -e switch.
[ERROR] Re-run Maven using the -X switch to enable full debug logging.
[ERROR] 
[ERROR] For more information about the errors and possible solutions, please read the following articles:
[ERROR] [Help 1] http://cwiki.apache.org/confluence/display/MAVEN/MojoFailureException
