[INFO] Scanning for projects...
[INFO] 
[INFO] ---------------------< cn.zszj:zszj-module-system >---------------------
[INFO] Building zszj-module-system 2026.08-SNAPSHOT
[INFO]   from pom.xml
[INFO] --------------------------------[ jar ]---------------------------------
[INFO] 
[INFO] --- enforcer:3.5.0:enforce (enforce-jdk17-baseline) @ zszj-module-system ---
[INFO] Rule 0: org.apache.maven.enforcer.rules.version.RequireJavaVersion passed
[INFO] Rule 1: org.apache.maven.enforcer.rules.version.RequireMavenVersion passed
[INFO] 
[INFO] --- resources:3.3.1:resources (default-resources) @ zszj-module-system ---
[INFO] Copying 37 resources from src\main\resources to target\classes
[INFO] 
[INFO] --- flatten:1.7.2:flatten (flatten) @ zszj-module-system ---
[INFO] Generating flattened POM of project cn.zszj:zszj-module-system:jar:2026.08-SNAPSHOT...
[INFO] 
[INFO] --- compiler:3.14.0:compile (default-compile) @ zszj-module-system ---
[INFO] Recompiling the module because of changed source code.
[INFO] Compiling 421 source files with javac [target 17] to target\classes
[INFO] /E:/zszj-wt-login-005-a/services/zhongshu-core/zszj-module-system/src/main/java/cn/zszj/module/system/framework/justauth/core/AuthRequestFactory.java: E:\zszj-wt-login-005-a\services\zhongshu-core\zszj-module-system\src\main\java\cn\zszj\module\system\framework\justauth\core\AuthRequestFactory.java使用或覆盖了已过时的 API。
[INFO] /E:/zszj-wt-login-005-a/services/zhongshu-core/zszj-module-system/src/main/java/cn/zszj/module/system/framework/justauth/core/AuthRequestFactory.java: 有关详细信息, 请使用 -Xlint:deprecation 重新编译。
[INFO] -------------------------------------------------------------
[ERROR] COMPILATION ERROR : 
[INFO] -------------------------------------------------------------
[ERROR] /E:/zszj-wt-login-005-a/services/zhongshu-core/zszj-module-system/src/main/java/cn/zszj/module/system/dal/mysql/oauth2/OAuth2RefreshTokenMapper.java:[58,5] cn.zszj.framework.tenant.core.aop.TenantIgnore 不是可重复的注释类型
[ERROR] /E:/zszj-wt-login-005-a/services/zhongshu-core/zszj-module-system/src/main/java/cn/zszj/module/system/api/dept/DeptApi.java:[55,49] 方法引用无效
  找不到符号
    符号:   方法 getId()
    位置: 类 cn.zszj.module.system.api.dept.dto.DeptRespDTO
[ERROR] /E:/zszj-wt-login-005-a/services/zhongshu-core/zszj-module-system/src/main/java/cn/zszj/module/system/service/dept/DeptService.java:[78,49] 方法引用无效
  找不到符号
    符号:   方法 getId()
    位置: 类 cn.zszj.module.system.dal.dataobject.dept.DeptDO
[ERROR] /E:/zszj-wt-login-005-a/services/zhongshu-core/zszj-module-system/src/main/java/cn/zszj/module/system/api/dept/PostApi.java:[36,49] 方法引用无效
  找不到符号
    符号:   方法 getId()
    位置: 类 cn.zszj.module.system.api.dept.dto.PostRespDTO
[ERROR] /E:/zszj-wt-login-005-a/services/zhongshu-core/zszj-module-system/src/main/java/cn/zszj/module/system/api/mail/MailSendApiImpl.java:[24,60] 找不到符号
  符号:   方法 getUserId()
  位置: 类型为cn.zszj.module.system.api.mail.dto.MailSendSingleToUserReqDTO的变量 reqDTO
[ERROR] /E:/zszj-wt-login-005-a/services/zhongshu-core/zszj-module-system/src/main/java/cn/zszj/module/system/api/mail/MailSendApiImpl.java:[25,23] 找不到符号
  符号:   方法 getToMails()
  位置: 类型为cn.zszj.module.system.api.mail.dto.MailSendSingleToUserReqDTO的变量 reqDTO
[ERROR] /E:/zszj-wt-login-005-a/services/zhongshu-core/zszj-module-system/src/main/java/cn/zszj/module/system/api/mail/MailSendApiImpl.java:[25,44] 找不到符号
  符号:   方法 getCcMails()
  位置: 类型为cn.zszj.module.system.api.mail.dto.MailSendSingleToUserReqDTO的变量 reqDTO
[ERROR] /E:/zszj-wt-login-005-a/services/zhongshu-core/zszj-module-system/src/main/java/cn/zszj/module/system/api/mail/MailSendApiImpl.java:[25,65] 找不到符号
  符号:   方法 getBccMails()
  位置: 类型为cn.zszj.module.system.api.mail.dto.MailSendSingleToUserReqDTO的变量 reqDTO
[ERROR] /E:/zszj-wt-login-005-a/services/zhongshu-core/zszj-module-system/src/main/java/cn/zszj/module/system/api/mail/MailSendApiImpl.java:[26,23] 找不到符号
  符号:   方法 getTemplateCode()
  位置: 类型为cn.zszj.module.system.api.mail.dto.MailSendSingleToUserReqDTO的变量 reqDTO
[ERROR] /E:/zszj-wt-login-005-a/services/zhongshu-core/zszj-module-system/src/main/java/cn/zszj/module/system/api/mail/MailSendApiImpl.java:[26,49] 找不到符号
  符号:   方法 getTemplateParams()
  位置: 类型为cn.zszj.module.system.api.mail.dto.MailSendSingleToUserReqDTO的变量 reqDTO
[ERROR] /E:/zszj-wt-login-005-a/services/zhongshu-core/zszj-module-system/src/main/java/cn/zszj/module/system/api/mail/MailSendApiImpl.java:[26,77] 找不到符号
  符号:   方法 getAttachments()
  位置: 类型为cn.zszj.module.system.api.mail.dto.MailSendSingleToUserReqDTO的变量 reqDTO
[ERROR] /E:/zszj-wt-login-005-a/services/zhongshu-core/zszj-module-system/src/main/java/cn/zszj/module/system/api/mail/MailSendApiImpl.java:[31,61] 找不到符号
  符号:   方法 getUserId()
  位置: 类型为cn.zszj.module.system.api.mail.dto.MailSendSingleToUserReqDTO的变量 reqDTO
[ERROR] /E:/zszj-wt-login-005-a/services/zhongshu-core/zszj-module-system/src/main/java/cn/zszj/module/system/api/mail/MailSendApiImpl.java:[32,23] 找不到符号
  符号:   方法 getToMails()
  位置: 类型为cn.zszj.module.system.api.mail.dto.MailSendSingleToUserReqDTO的变量 reqDTO
[ERROR] /E:/zszj-wt-login-005-a/services/zhongshu-core/zszj-module-system/src/main/java/cn/zszj/module/system/api/mail/MailSendApiImpl.java:[32,44] 找不到符号
  符号:   方法 getCcMails()
  位置: 类型为cn.zszj.module.system.api.mail.dto.MailSendSingleToUserReqDTO的变量 reqDTO
[ERROR] /E:/zszj-wt-login-005-a/services/zhongshu-core/zszj-module-system/src/main/java/cn/zszj/module/system/api/mail/MailSendApiImpl.java:[32,65] 找不到符号
  符号:   方法 getBccMails()
  位置: 类型为cn.zszj.module.system.api.mail.dto.MailSendSingleToUserReqDTO的变量 reqDTO
[ERROR] /E:/zszj-wt-login-005-a/services/zhongshu-core/zszj-module-system/src/main/java/cn/zszj/module/system/api/mail/MailSendApiImpl.java:[33,23] 找不到符号
  符号:   方法 getTemplateCode()
  位置: 类型为cn.zszj.module.system.api.mail.dto.MailSendSingleToUserReqDTO的变量 reqDTO
[ERROR] /E:/zszj-wt-login-005-a/services/zhongshu-core/zszj-module-system/src/main/java/cn/zszj/module/system/api/mail/MailSendApiImpl.java:[33,49] 找不到符号
  符号:   方法 getTemplateParams()
  位置: 类型为cn.zszj.module.system.api.mail.dto.MailSendSingleToUserReqDTO的变量 reqDTO
[ERROR] /E:/zszj-wt-login-005-a/services/zhongshu-core/zszj-module-system/src/main/java/cn/zszj/module/system/api/mail/MailSendApiImpl.java:[33,77] 找不到符号
  符号:   方法 getAttachments()
  位置: 类型为cn.zszj.module.system.api.mail.dto.MailSendSingleToUserReqDTO的变量 reqDTO
[ERROR] /E:/zszj-wt-login-005-a/services/zhongshu-core/zszj-module-system/src/main/java/cn/zszj/module/system/api/notify/NotifyMessageSendApiImpl.java:[22,64] 找不到符号
  符号:   方法 getUserId()
  位置: 类型为cn.zszj.module.system.api.notify.dto.NotifySendSingleToUserReqDTO的变量 reqDTO
[ERROR] /E:/zszj-wt-login-005-a/services/zhongshu-core/zszj-module-system/src/main/java/cn/zszj/module/system/api/notify/NotifyMessageSendApiImpl.java:[23,23] 找不到符号
  符号:   方法 getTemplateCode()
  位置: 类型为cn.zszj.module.system.api.notify.dto.NotifySendSingleToUserReqDTO的变量 reqDTO
[ERROR] /E:/zszj-wt-login-005-a/services/zhongshu-core/zszj-module-system/src/main/java/cn/zszj/module/system/api/notify/NotifyMessageSendApiImpl.java:[23,49] 找不到符号
  符号:   方法 getTemplateParams()
  位置: 类型为cn.zszj.module.system.api.notify.dto.NotifySendSingleToUserReqDTO的变量 reqDTO
[ERROR] /E:/zszj-wt-login-005-a/services/zhongshu-core/zszj-module-system/src/main/java/cn/zszj/module/system/api/notify/NotifyMessageSendApiImpl.java:[28,65] 找不到符号
  符号:   方法 getUserId()
  位置: 类型为cn.zszj.module.system.api.notify.dto.NotifySendSingleToUserReqDTO的变量 reqDTO
[ERROR] /E:/zszj-wt-login-005-a/services/zhongshu-core/zszj-module-system/src/main/java/cn/zszj/module/system/api/notify/NotifyMessageSendApiImpl.java:[29,23] 找不到符号
  符号:   方法 getTemplateCode()
  位置: 类型为cn.zszj.module.system.api.notify.dto.NotifySendSingleToUserReqDTO的变量 reqDTO
[ERROR] /E:/zszj-wt-login-005-a/services/zhongshu-core/zszj-module-system/src/main/java/cn/zszj/module/system/api/notify/NotifyMessageSendApiImpl.java:[29,49] 找不到符号
  符号:   方法 getTemplateParams()
  位置: 类型为cn.zszj.module.system.api.notify.dto.NotifySendSingleToUserReqDTO的变量 reqDTO
[ERROR] /E:/zszj-wt-login-005-a/services/zhongshu-core/zszj-module-system/src/main/java/cn/zszj/module/system/api/permission/RoleApi.java:[50,49] 方法引用无效
  找不到符号
    符号:   方法 getId()
    位置: 类 cn.zszj.module.system.api.permission.dto.RoleRespDTO
[ERROR] /E:/zszj-wt-login-005-a/services/zhongshu-core/zszj-module-system/src/main/java/cn/zszj/module/system/api/sms/SmsSendApiImpl.java:[24,58] 找不到符号
  符号:   方法 getMobile()
  位置: 类型为cn.zszj.module.system.api.sms.dto.send.SmsSendSingleToUserReqDTO的变量 reqDTO
[ERROR] /E:/zszj-wt-login-005-a/services/zhongshu-core/zszj-module-system/src/main/java/cn/zszj/module/system/api/sms/SmsSendApiImpl.java:[24,78] 找不到符号
  符号:   方法 getUserId()
  位置: 类型为cn.zszj.module.system.api.sms.dto.send.SmsSendSingleToUserReqDTO的变量 reqDTO
[ERROR] /E:/zszj-wt-login-005-a/services/zhongshu-core/zszj-module-system/src/main/java/cn/zszj/module/system/api/sms/SmsSendApiImpl.java:[25,23] 找不到符号
  符号:   方法 getTemplateCode()
  位置: 类型为cn.zszj.module.system.api.sms.dto.send.SmsSendSingleToUserReqDTO的变量 reqDTO
[ERROR] /E:/zszj-wt-login-005-a/services/zhongshu-core/zszj-module-system/src/main/java/cn/zszj/module/system/api/sms/SmsSendApiImpl.java:[25,49] 找不到符号
  符号:   方法 getTemplateParams()
  位置: 类型为cn.zszj.module.system.api.sms.dto.send.SmsSendSingleToUserReqDTO的变量 reqDTO
[ERROR] /E:/zszj-wt-login-005-a/services/zhongshu-core/zszj-module-system/src/main/java/cn/zszj/module/system/api/sms/SmsSendApiImpl.java:[30,59] 找不到符号
  符号:   方法 getMobile()
  位置: 类型为cn.zszj.module.system.api.sms.dto.send.SmsSendSingleToUserReqDTO的变量 reqDTO
[ERROR] /E:/zszj-wt-login-005-a/services/zhongshu-core/zszj-module-system/src/main/java/cn/zszj/module/system/api/sms/SmsSendApiImpl.java:[30,79] 找不到符号
  符号:   方法 getUserId()
  位置: 类型为cn.zszj.module.system.api.sms.dto.send.SmsSendSingleToUserReqDTO的变量 reqDTO
[ERROR] /E:/zszj-wt-login-005-a/services/zhongshu-core/zszj-module-system/src/main/java/cn/zszj/module/system/api/sms/SmsSendApiImpl.java:[31,23] 找不到符号
  符号:   方法 getTemplateCode()
  位置: 类型为cn.zszj.module.system.api.sms.dto.send.SmsSendSingleToUserReqDTO的变量 reqDTO
[ERROR] /E:/zszj-wt-login-005-a/services/zhongshu-core/zszj-module-system/src/main/java/cn/zszj/module/system/api/sms/SmsSendApiImpl.java:[31,49] 找不到符号
  符号:   方法 getTemplateParams()
  位置: 类型为cn.zszj.module.system.api.sms.dto.send.SmsSendSingleToUserReqDTO的变量 reqDTO
[ERROR] /E:/zszj-wt-login-005-a/services/zhongshu-core/zszj-module-system/src/main/java/cn/zszj/module/system/api/social/SocialClientApiImpl.java:[66,105] 找不到符号
  符号:   方法 setId(java.lang.String)
  位置: 类 cn.zszj.module.system.api.social.dto.SocialWxaSubscribeTemplateRespDTO
[ERROR] /E:/zszj-wt-login-005-a/services/zhongshu-core/zszj-module-system/src/main/java/cn/zszj/module/system/api/social/SocialClientApiImpl.java:[72,94] 找不到符号
  符号:   方法 getUserType()
  位置: 类型为cn.zszj.module.system.api.social.dto.SocialWxaSubscribeMessageSendReqDTO的变量 reqDTO
[ERROR] /E:/zszj-wt-login-005-a/services/zhongshu-core/zszj-module-system/src/main/java/cn/zszj/module/system/api/social/SocialClientApiImpl.java:[74,13] 找不到符号
  符号:   变量 log
  位置: 类 cn.zszj.module.system.api.social.SocialClientApiImpl
[ERROR] /E:/zszj-wt-login-005-a/services/zhongshu-core/zszj-module-system/src/main/java/cn/zszj/module/system/api/social/SocialClientApiImpl.java:[79,54] 找不到符号
  符号:   方法 getTemplateTitle()
  位置: 类型为cn.zszj.module.system.api.social.dto.SocialWxaSubscribeMessageSendReqDTO的变量 reqDTO
[ERROR] /E:/zszj-wt-login-005-a/services/zhongshu-core/zszj-module-system/src/main/java/cn/zszj/module/system/api/social/SocialClientApiImpl.java:[81,13] 找不到符号
  符号:   变量 log
  位置: 类 cn.zszj.module.system.api.social.SocialClientApiImpl
[ERROR] /E:/zszj-wt-login-005-a/services/zhongshu-core/zszj-module-system/src/main/java/cn/zszj/module/system/api/social/SocialClientApiImpl.java:[86,86] 找不到符号
  符号:   方法 getUserType()
  位置: 类型为cn.zszj.module.system.api.social.dto.SocialWxaSubscribeMessageSendReqDTO的变量 reqDTO
[ERROR] /E:/zszj-wt-login-005-a/services/zhongshu-core/zszj-module-system/src/main/java/cn/zszj/module/system/api/social/SocialClientApiImpl.java:[86,108] 找不到符号
  符号:   方法 getUserId()
  位置: 类型为cn.zszj.module.system.api.social.dto.SocialWxaSubscribeMessageSendReqDTO的变量 reqDTO
[ERROR] /E:/zszj-wt-login-005-a/services/zhongshu-core/zszj-module-system/src/main/java/cn/zszj/module/system/api/social/SocialClientApiImpl.java:[87,51] 找不到符号
  符号:   方法 getType()
  位置: 类型为cn.zszj.module.system.enums.social.SocialTypeEnum的变量 WECHAT_MINI_PROGRAM
[ERROR] /E:/zszj-wt-login-005-a/services/zhongshu-core/zszj-module-system/src/main/java/cn/zszj/module/system/api/social/SocialClientApiImpl.java:[88,74] 找不到符号
  符号:   方法 getOpenid()
  位置: 类型为cn.zszj.module.system.api.social.dto.SocialUserRespDTO的变量 socialUser
[ERROR] /E:/zszj-wt-login-005-a/services/zhongshu-core/zszj-module-system/src/main/java/cn/zszj/module/system/api/social/SocialClientApiImpl.java:[89,13] 找不到符号
  符号:   变量 log
  位置: 类 cn.zszj.module.system.api.social.SocialClientApiImpl
[ERROR] /E:/zszj-wt-login-005-a/services/zhongshu-core/zszj-module-system/src/main/java/cn/zszj/module/system/api/social/SocialClientApiImpl.java:[94,93] 找不到符号
  符号:   方法 getOpenid()
  位置: 类型为cn.zszj.module.system.api.social.dto.SocialUserRespDTO的变量 socialUser
[ERROR] /E:/zszj-wt-login-005-a/services/zhongshu-core/zszj-module-system/src/main/java/cn/zszj/module/system/controller/admin/social/vo/client/SocialClientSaveReqVO.java:[60,76] 找不到符号
  符号:   方法 getType()
  位置: 类型为cn.zszj.module.system.enums.social.SocialTypeEnum的变量 WECHAT_ENTERPRISE
[ERROR] /E:/zszj-wt-login-005-a/services/zhongshu-core/zszj-module-system/src/main/java/cn/zszj/module/system/controller/admin/social/vo/client/SocialClientSaveReqVO.java:[68,78] 找不到符号
  符号:   方法 getType()
  位置: 类型为cn.zszj.module.system.enums.social.SocialTypeEnum的变量 ALIPAY_MINI_PROGRAM
[ERROR] /E:/zszj-wt-login-005-a/services/zhongshu-core/zszj-module-system/src/main/java/cn/zszj/module/system/api/social/SocialUserApiImpl.java:[31,50] 找不到符号
  符号:   方法 getUserId()
  位置: 类型为cn.zszj.module.system.api.social.dto.SocialUserUnbindReqDTO的变量 reqDTO
[ERROR] /E:/zszj-wt-login-005-a/services/zhongshu-core/zszj-module-system/src/main/java/cn/zszj/module/system/api/social/SocialUserApiImpl.java:[31,70] 找不到符号
  符号:   方法 getUserType()
  位置: 类型为cn.zszj.module.system.api.social.dto.SocialUserUnbindReqDTO的变量 reqDTO
[ERROR] /E:/zszj-wt-login-005-a/services/zhongshu-core/zszj-module-system/src/main/java/cn/zszj/module/system/api/social/SocialUserApiImpl.java:[32,23] 找不到符号
  符号:   方法 getSocialType()
  位置: 类型为cn.zszj.module.system.api.social.dto.SocialUserUnbindReqDTO的变量 reqDTO
[ERROR] /E:/zszj-wt-login-005-a/services/zhongshu-core/zszj-module-system/src/main/java/cn/zszj/module/system/api/social/SocialUserApiImpl.java:[32,47] 找不到符号
  符号:   方法 getOpenid()
  位置: 类型为cn.zszj.module.system.api.social.dto.SocialUserUnbindReqDTO的变量 reqDTO
[ERROR] /E:/zszj-wt-login-005-a/services/zhongshu-core/zszj-module-system/src/main/java/cn/zszj/module/system/api/user/AdminUserApi.java:[86,50] 方法引用无效
  找不到符号
    符号:   方法 getId()
    位置: 类 cn.zszj.module.system.api.user.dto.AdminUserRespDTO
[ERROR] /E:/zszj-wt-login-005-a/services/zhongshu-core/zszj-module-system/src/main/java/cn/zszj/module/system/api/user/AdminUserApiImpl.java:[58,47] 方法引用无效
  找不到符号
    符号:   方法 getId()
    位置: 类 cn.zszj.module.system.dal.dataobject.dept.DeptDO
[ERROR] /E:/zszj-wt-login-005-a/services/zhongshu-core/zszj-module-system/src/main/java/cn/zszj/module/system/api/user/AdminUserApiImpl.java:[61,54] 方法引用无效
  找不到符号
    符号:   方法 getId()
    位置: 类 cn.zszj.module.system.dal.dataobject.dept.DeptDO
[ERROR] /E:/zszj-wt-login-005-a/services/zhongshu-core/zszj-module-system/src/main/java/cn/zszj/module/system/api/user/AdminUserApiImpl.java:[66,50] 找不到符号
  符号:   方法 getId()
  位置: 类型为cn.zszj.module.system.dal.dataobject.user.AdminUserDO的变量 item
[ERROR] /E:/zszj-wt-login-005-a/services/zhongshu-core/zszj-module-system/src/main/java/cn/zszj/module/system/service/user/AdminUserService.java:[189,61] 方法引用无效
  找不到符号
    符号:   方法 getId()
    位置: 类 cn.zszj.module.system.dal.dataobject.user.AdminUserDO
[ERROR] /E:/zszj-wt-login-005-a/services/zhongshu-core/zszj-module-system/src/main/java/cn/zszj/module/system/controller/admin/auth/AuthController.java:[85,67] 找不到符号
  符号:   方法 getType()
  位置: 类型为cn.zszj.module.system.enums.logger.LoginLogTypeEnum的变量 LOGOUT_SELF
[ERROR] /E:/zszj-wt-login-005-a/services/zhongshu-core/zszj-module-system/src/main/java/cn/zszj/module/system/controller/admin/auth/AuthController.java:[116,80] 找不到符号
  符号:   方法 getStatus()
  位置: 类型为cn.zszj.module.system.dal.dataobject.permission.RoleDO的变量 role
[ERROR] /E:/zszj-wt-login-005-a/services/zhongshu-core/zszj-module-system/src/main/java/cn/zszj/module/system/controller/admin/auth/AuthController.java:[119,89] 方法引用无效
  找不到符号
    符号:   方法 getId()
    位置: 类 cn.zszj.module.system.dal.dataobject.permission.RoleDO
[ERROR] /E:/zszj-wt-login-005-a/services/zhongshu-core/zszj-module-system/src/main/java/cn/zszj/module/system/controller/admin/dept/DeptController.java:[80,36] 找不到符号
  符号:   方法 setStatus(java.lang.Integer)
  位置: 类 cn.zszj.module.system.controller.admin.dept.vo.dept.DeptListReqVO
[ERROR] /E:/zszj-wt-login-005-a/services/zhongshu-core/zszj-module-system/src/main/java/cn/zszj/module/system/controller/admin/dept/PostController.java:[90,40] 方法引用无效
  找不到符号
    符号:   方法 getSort()
    位置: 类 cn.zszj.module.system.dal.dataobject.dept.PostDO
[ERROR] /E:/zszj-wt-login-005-a/services/zhongshu-core/zszj-module-system/src/main/java/cn/zszj/module/system/controller/admin/mail/MailTemplateController.java:[97,26] 找不到符号
  符号:   方法 getToMails()
  位置: 类型为@jakarta.validation.Valid cn.zszj.module.system.controller.admin.mail.vo.template.MailTemplateSendReqVO的变量 sendReqVO
[ERROR] /E:/zszj-wt-login-005-a/services/zhongshu-core/zszj-module-system/src/main/java/cn/zszj/module/system/controller/admin/mail/MailTemplateController.java:[97,50] 找不到符号
  符号:   方法 getCcMails()
  位置: 类型为@jakarta.validation.Valid cn.zszj.module.system.controller.admin.mail.vo.template.MailTemplateSendReqVO的变量 sendReqVO
[ERROR] /E:/zszj-wt-login-005-a/services/zhongshu-core/zszj-module-system/src/main/java/cn/zszj/module/system/controller/admin/mail/MailTemplateController.java:[97,74] 找不到符号
  符号:   方法 getBccMails()
  位置: 类型为@jakarta.validation.Valid cn.zszj.module.system.controller.admin.mail.vo.template.MailTemplateSendReqVO的变量 sendReqVO
[ERROR] /E:/zszj-wt-login-005-a/services/zhongshu-core/zszj-module-system/src/main/java/cn/zszj/module/system/controller/admin/mail/MailTemplateController.java:[98,26] 找不到符号
  符号:   方法 getTemplateCode()
  位置: 类型为@jakarta.validation.Valid cn.zszj.module.system.controller.admin.mail.vo.template.MailTemplateSendReqVO的变量 sendReqVO
[ERROR] /E:/zszj-wt-login-005-a/services/zhongshu-core/zszj-module-system/src/main/java/cn/zszj/module/system/controller/admin/mail/MailTemplateController.java:[98,55] 找不到符号
  符号:   方法 getTemplateParams()
  位置: 类型为@jakarta.validation.Valid cn.zszj.module.system.controller.admin.mail.vo.template.MailTemplateSendReqVO的变量 sendReqVO
[ERROR] /E:/zszj-wt-login-005-a/services/zhongshu-core/zszj-module-system/src/main/java/cn/zszj/module/system/controller/admin/notify/NotifyTemplateController.java:[103,60] 找不到符号
  符号:   方法 getUserType()
  位置: 类型为@jakarta.validation.Valid cn.zszj.module.system.controller.admin.notify.vo.template.NotifyTemplateSendReqVO的变量 sendReqVO
[ERROR] /E:/zszj-wt-login-005-a/services/zhongshu-core/zszj-module-system/src/main/java/cn/zszj/module/system/controller/admin/notify/NotifyTemplateController.java:[104,80] 找不到符号
  符号:   方法 getUserId()
  位置: 类型为@jakarta.validation.Valid cn.zszj.module.system.controller.admin.notify.vo.template.NotifyTemplateSendReqVO的变量 sendReqVO
[ERROR] /E:/zszj-wt-login-005-a/services/zhongshu-core/zszj-module-system/src/main/java/cn/zszj/module/system/controller/admin/notify/NotifyTemplateController.java:[105,30] 找不到符号
  符号:   方法 getTemplateCode()
  位置: 类型为@jakarta.validation.Valid cn.zszj.module.system.controller.admin.notify.vo.template.NotifyTemplateSendReqVO的变量 sendReqVO
[ERROR] /E:/zszj-wt-login-005-a/services/zhongshu-core/zszj-module-system/src/main/java/cn/zszj/module/system/controller/admin/notify/NotifyTemplateController.java:[105,59] 找不到符号
  符号:   方法 getTemplateParams()
  位置: 类型为@jakarta.validation.Valid cn.zszj.module.system.controller.admin.notify.vo.template.NotifyTemplateSendReqVO的变量 sendReqVO
[ERROR] /E:/zszj-wt-login-005-a/services/zhongshu-core/zszj-module-system/src/main/java/cn/zszj/module/system/controller/admin/notify/NotifyTemplateController.java:[107,79] 找不到符号
  符号:   方法 getUserId()
  位置: 类型为@jakarta.validation.Valid cn.zszj.module.system.controller.admin.notify.vo.template.NotifyTemplateSendReqVO的变量 sendReqVO
[ERROR] /E:/zszj-wt-login-005-a/services/zhongshu-core/zszj-module-system/src/main/java/cn/zszj/module/system/controller/admin/notify/NotifyTemplateController.java:[108,30] 找不到符号
  符号:   方法 getTemplateCode()
  位置: 类型为@jakarta.validation.Valid cn.zszj.module.system.controller.admin.notify.vo.template.NotifyTemplateSendReqVO的变量 sendReqVO
[ERROR] /E:/zszj-wt-login-005-a/services/zhongshu-core/zszj-module-system/src/main/java/cn/zszj/module/system/controller/admin/notify/NotifyTemplateController.java:[108,59] 找不到符号
  符号:   方法 getTemplateParams()
  位置: 类型为@jakarta.validation.Valid cn.zszj.module.system.controller.admin.notify.vo.template.NotifyTemplateSendReqVO的变量 sendReqVO
[ERROR] /E:/zszj-wt-login-005-a/services/zhongshu-core/zszj-module-system/src/main/java/cn/zszj/module/system/controller/admin/oauth2/OAuth2OpenController.java:[126,95] 找不到符号
  符号:   方法 getClientId()
  位置: 类型为cn.zszj.module.system.dal.dataobject.oauth2.OAuth2ClientDO的变量 client
[ERROR] /E:/zszj-wt-login-005-a/services/zhongshu-core/zszj-module-system/src/main/java/cn/zszj/module/system/controller/admin/oauth2/OAuth2OpenController.java:[129,92] 找不到符号
  符号:   方法 getClientId()
  位置: 类型为cn.zszj.module.system.dal.dataobject.oauth2.OAuth2ClientDO的变量 client
[ERROR] /E:/zszj-wt-login-005-a/services/zhongshu-core/zszj-module-system/src/main/java/cn/zszj/module/system/controller/admin/oauth2/OAuth2OpenController.java:[132,81] 找不到符号
  符号:   方法 getClientId()
  位置: 类型为cn.zszj.module.system.dal.dataobject.oauth2.OAuth2ClientDO的变量 client
[ERROR] /E:/zszj-wt-login-005-a/services/zhongshu-core/zszj-module-system/src/main/java/cn/zszj/module/system/controller/admin/oauth2/OAuth2OpenController.java:[135,90] 找不到符号
  符号:   方法 getClientId()
  位置: 类型为cn.zszj.module.system.dal.dataobject.oauth2.OAuth2ClientDO的变量 client
[ERROR] /E:/zszj-wt-login-005-a/services/zhongshu-core/zszj-module-system/src/main/java/cn/zszj/module/system/controller/admin/oauth2/OAuth2OpenController.java:[156,61] 找不到符号
  符号:   方法 getClientId()
  位置: 类型为cn.zszj.module.system.dal.dataobject.oauth2.OAuth2ClientDO的变量 client
[ERROR] /E:/zszj-wt-login-005-a/services/zhongshu-core/zszj-module-system/src/main/java/cn/zszj/module/system/controller/admin/oauth2/OAuth2OpenController.java:[231,30] 找不到符号
  符号:   方法 getGrantType()
  位置: 类型为cn.zszj.module.system.enums.oauth2.OAuth2GrantTypeEnum的变量 grantTypeEnum
[ERROR] /E:/zszj-wt-login-005-a/services/zhongshu-core/zszj-module-system/src/main/java/cn/zszj/module/system/controller/admin/oauth2/OAuth2OpenController.java:[269,107] 找不到符号
  符号:   方法 getClientId()
  位置: 类型为cn.zszj.module.system.dal.dataobject.oauth2.OAuth2ClientDO的变量 client
[ERROR] /E:/zszj-wt-login-005-a/services/zhongshu-core/zszj-module-system/src/main/java/cn/zszj/module/system/controller/admin/oauth2/OAuth2OpenController.java:[273,79] 找不到符号
  符号:   方法 getAccessToken()
  位置: 类型为cn.zszj.module.system.dal.dataobject.oauth2.OAuth2AccessTokenDO的变量 accessTokenDO
[ERROR] /E:/zszj-wt-login-005-a/services/zhongshu-core/zszj-module-system/src/main/java/cn/zszj/module/system/controller/admin/oauth2/OAuth2OpenController.java:[273,118] 找不到符号
  符号:   方法 getExpiresTime()
  位置: 类型为cn.zszj.module.system.dal.dataobject.oauth2.OAuth2AccessTokenDO的变量 accessTokenDO
[ERROR] /E:/zszj-wt-login-005-a/services/zhongshu-core/zszj-module-system/src/main/java/cn/zszj/module/system/controller/admin/oauth2/OAuth2OpenController.java:[274,53] 找不到符号
  符号:   方法 getAdditionalInformation()
  位置: 类型为cn.zszj.module.system.dal.dataobject.oauth2.OAuth2ClientDO的变量 client
[ERROR] /E:/zszj-wt-login-005-a/services/zhongshu-core/zszj-module-system/src/main/java/cn/zszj/module/system/controller/admin/oauth2/OAuth2OpenController.java:[280,114] 找不到符号
  符号:   方法 getClientId()
  位置: 类型为cn.zszj.module.system.dal.dataobject.oauth2.OAuth2ClientDO的变量 client
[ERROR] /E:/zszj-wt-login-005-a/services/zhongshu-core/zszj-module-system/src/main/java/cn/zszj/module/system/enums/oauth2/OAuth2GrantTypeEnum.java:[16,13] 无法将枚举 cn.zszj.module.system.enums.oauth2.OAuth2GrantTypeEnum中的构造器 OAuth2GrantTypeEnum应用到给定类型;
  需要: 没有参数
  找到:    java.lang.String
  原因: 实际参数列表和形式参数列表长度不同
[ERROR] /E:/zszj-wt-login-005-a/services/zhongshu-core/zszj-module-system/src/main/java/cn/zszj/module/system/enums/oauth2/OAuth2GrantTypeEnum.java:[17,23] 无法将枚举 cn.zszj.module.system.enums.oauth2.OAuth2GrantTypeEnum中的构造器 OAuth2GrantTypeEnum应用到给定类型;
  需要: 没有参数
  找到:    java.lang.String
  原因: 实际参数列表和形式参数列表长度不同
[ERROR] /E:/zszj-wt-login-005-a/services/zhongshu-core/zszj-module-system/src/main/java/cn/zszj/module/system/enums/oauth2/OAuth2GrantTypeEnum.java:[18,13] 无法将枚举 cn.zszj.module.system.enums.oauth2.OAuth2GrantTypeEnum中的构造器 OAuth2GrantTypeEnum应用到给定类型;
  需要: 没有参数
  找到:    java.lang.String
  原因: 实际参数列表和形式参数列表长度不同
[ERROR] /E:/zszj-wt-login-005-a/services/zhongshu-core/zszj-module-system/src/main/java/cn/zszj/module/system/enums/oauth2/OAuth2GrantTypeEnum.java:[19,23] 无法将枚举 cn.zszj.module.system.enums.oauth2.OAuth2GrantTypeEnum中的构造器 OAuth2GrantTypeEnum应用到给定类型;
  需要: 没有参数
  找到:    java.lang.String
  原因: 实际参数列表和形式参数列表长度不同
[ERROR] /E:/zszj-wt-login-005-a/services/zhongshu-core/zszj-module-system/src/main/java/cn/zszj/module/system/enums/oauth2/OAuth2GrantTypeEnum.java:[20,18] 无法将枚举 cn.zszj.module.system.enums.oauth2.OAuth2GrantTypeEnum中的构造器 OAuth2GrantTypeEnum应用到给定类型;
  需要: 没有参数
  找到:    java.lang.String
  原因: 实际参数列表和形式参数列表长度不同
[ERROR] /E:/zszj-wt-login-005-a/services/zhongshu-core/zszj-module-system/src/main/java/cn/zszj/module/system/enums/oauth2/OAuth2GrantTypeEnum.java:[26,43] 找不到符号
  符号:   方法 getGrantType()
  位置: 类型为cn.zszj.module.system.enums.oauth2.OAuth2GrantTypeEnum的变量 o
[ERROR] /E:/zszj-wt-login-005-a/services/zhongshu-core/zszj-module-system/src/main/java/cn/zszj/module/system/controller/admin/oauth2/OAuth2TokenController.java:[47,71] 找不到符号
  符号:   方法 getType()
  位置: 类型为cn.zszj.module.system.enums.logger.LoginLogTypeEnum的变量 LOGOUT_DELETE
[ERROR] /E:/zszj-wt-login-005-a/services/zhongshu-core/zszj-module-system/src/main/java/cn/zszj/module/system/controller/admin/oauth2/OAuth2TokenController.java:[57,79] 找不到符号
  符号:   方法 getType()
  位置: 类型为cn.zszj.module.system.enums.logger.LoginLogTypeEnum的变量 LOGOUT_DELETE
[ERROR] /E:/zszj-wt-login-005-a/services/zhongshu-core/zszj-module-system/src/main/java/cn/zszj/module/system/controller/admin/oauth2/OAuth2UserController.java:[59,17] 找不到符号
  符号:   方法 getDeptId()
  位置: 类型为cn.zszj.module.system.dal.dataobject.user.AdminUserDO的变量 user
[ERROR] /E:/zszj-wt-login-005-a/services/zhongshu-core/zszj-module-system/src/main/java/cn/zszj/module/system/controller/admin/oauth2/OAuth2UserController.java:[60,51] 找不到符号
  符号:   方法 getDeptId()
  位置: 类型为cn.zszj.module.system.dal.dataobject.user.AdminUserDO的变量 user
[ERROR] /E:/zszj-wt-login-005-a/services/zhongshu-core/zszj-module-system/src/main/java/cn/zszj/module/system/controller/admin/oauth2/OAuth2UserController.java:[61,17] 找不到符号
  符号:   方法 setDept(cn.zszj.module.system.controller.admin.oauth2.vo.user.OAuth2UserInfoRespVO.Dept)
  位置: 类型为cn.zszj.module.system.controller.admin.oauth2.vo.user.OAuth2UserInfoRespVO的变量 resp
[ERROR] /E:/zszj-wt-login-005-a/services/zhongshu-core/zszj-module-system/src/main/java/cn/zszj/module/system/controller/admin/oauth2/OAuth2UserController.java:[64,37] 找不到符号
  符号:   方法 getPostIds()
  位置: 类型为cn.zszj.module.system.dal.dataobject.user.AdminUserDO的变量 user
[ERROR] /E:/zszj-wt-login-005-a/services/zhongshu-core/zszj-module-system/src/main/java/cn/zszj/module/system/controller/admin/oauth2/OAuth2UserController.java:[65,62] 找不到符号
  符号:   方法 getPostIds()
  位置: 类型为cn.zszj.module.system.dal.dataobject.user.AdminUserDO的变量 user
[ERROR] /E:/zszj-wt-login-005-a/services/zhongshu-core/zszj-module-system/src/main/java/cn/zszj/module/system/controller/admin/oauth2/OAuth2UserController.java:[66,17] 找不到符号
  符号:   方法 setPosts(java.util.List<cn.zszj.module.system.controller.admin.oauth2.vo.user.OAuth2UserInfoRespVO.Post>)
  位置: 类型为cn.zszj.module.system.controller.admin.oauth2.vo.user.OAuth2UserInfoRespVO的变量 resp
[ERROR] /E:/zszj-wt-login-005-a/services/zhongshu-core/zszj-module-system/src/main/java/cn/zszj/module/system/controller/admin/permission/MenuController.java:[74,40] 方法引用无效
  找不到符号
    符号:   方法 getSort()
    位置: 类 cn.zszj.module.system.dal.dataobject.permission.MenuDO
[ERROR] /E:/zszj-wt-login-005-a/services/zhongshu-core/zszj-module-system/src/main/java/cn/zszj/module/system/controller/admin/permission/MenuController.java:[83,36] 找不到符号
  符号:   方法 setStatus(java.lang.Integer)
  位置: 类 cn.zszj.module.system.controller.admin.permission.vo.menu.MenuListReqVO
[ERROR] /E:/zszj-wt-login-005-a/services/zhongshu-core/zszj-module-system/src/main/java/cn/zszj/module/system/controller/admin/permission/MenuController.java:[85,40] 方法引用无效
  找不到符号
    符号:   方法 getSort()
    位置: 类 cn.zszj.module.system.dal.dataobject.permission.MenuDO
[INFO] 100 errors 
[INFO] -------------------------------------------------------------
[INFO] ------------------------------------------------------------------------
[INFO] BUILD FAILURE
[INFO] ------------------------------------------------------------------------
[INFO] Total time:  5.457 s
[INFO] Finished at: 2026-09-13T20:25:20+08:00
[INFO] ------------------------------------------------------------------------
[ERROR] Failed to execute goal org.apache.maven.plugins:maven-compiler-plugin:3.14.0:compile (default-compile) on project zszj-module-system: Compilation failure: Compilation failure: 
[ERROR] /E:/zszj-wt-login-005-a/services/zhongshu-core/zszj-module-system/src/main/java/cn/zszj/module/system/dal/mysql/oauth2/OAuth2RefreshTokenMapper.java:[58,5] cn.zszj.framework.tenant.core.aop.TenantIgnore 不是可重复的注释类型
[ERROR] /E:/zszj-wt-login-005-a/services/zhongshu-core/zszj-module-system/src/main/java/cn/zszj/module/system/api/dept/DeptApi.java:[55,49] 方法引用无效
[ERROR]   找不到符号
[ERROR]     符号:   方法 getId()
[ERROR]     位置: 类 cn.zszj.module.system.api.dept.dto.DeptRespDTO
[ERROR] /E:/zszj-wt-login-005-a/services/zhongshu-core/zszj-module-system/src/main/java/cn/zszj/module/system/service/dept/DeptService.java:[78,49] 方法引用无效
[ERROR]   找不到符号
[ERROR]     符号:   方法 getId()
[ERROR]     位置: 类 cn.zszj.module.system.dal.dataobject.dept.DeptDO
[ERROR] /E:/zszj-wt-login-005-a/services/zhongshu-core/zszj-module-system/src/main/java/cn/zszj/module/system/api/dept/PostApi.java:[36,49] 方法引用无效
[ERROR]   找不到符号
[ERROR]     符号:   方法 getId()
[ERROR]     位置: 类 cn.zszj.module.system.api.dept.dto.PostRespDTO
[ERROR] /E:/zszj-wt-login-005-a/services/zhongshu-core/zszj-module-system/src/main/java/cn/zszj/module/system/api/mail/MailSendApiImpl.java:[24,60] 找不到符号
[ERROR]   符号:   方法 getUserId()
[ERROR]   位置: 类型为cn.zszj.module.system.api.mail.dto.MailSendSingleToUserReqDTO的变量 reqDTO
[ERROR] /E:/zszj-wt-login-005-a/services/zhongshu-core/zszj-module-system/src/main/java/cn/zszj/module/system/api/mail/MailSendApiImpl.java:[25,23] 找不到符号
[ERROR]   符号:   方法 getToMails()
[ERROR]   位置: 类型为cn.zszj.module.system.api.mail.dto.MailSendSingleToUserReqDTO的变量 reqDTO
[ERROR] /E:/zszj-wt-login-005-a/services/zhongshu-core/zszj-module-system/src/main/java/cn/zszj/module/system/api/mail/MailSendApiImpl.java:[25,44] 找不到符号
[ERROR]   符号:   方法 getCcMails()
[ERROR]   位置: 类型为cn.zszj.module.system.api.mail.dto.MailSendSingleToUserReqDTO的变量 reqDTO
[ERROR] /E:/zszj-wt-login-005-a/services/zhongshu-core/zszj-module-system/src/main/java/cn/zszj/module/system/api/mail/MailSendApiImpl.java:[25,65] 找不到符号
[ERROR]   符号:   方法 getBccMails()
[ERROR]   位置: 类型为cn.zszj.module.system.api.mail.dto.MailSendSingleToUserReqDTO的变量 reqDTO
[ERROR] /E:/zszj-wt-login-005-a/services/zhongshu-core/zszj-module-system/src/main/java/cn/zszj/module/system/api/mail/MailSendApiImpl.java:[26,23] 找不到符号
[ERROR]   符号:   方法 getTemplateCode()
[ERROR]   位置: 类型为cn.zszj.module.system.api.mail.dto.MailSendSingleToUserReqDTO的变量 reqDTO
[ERROR] /E:/zszj-wt-login-005-a/services/zhongshu-core/zszj-module-system/src/main/java/cn/zszj/module/system/api/mail/MailSendApiImpl.java:[26,49] 找不到符号
[ERROR]   符号:   方法 getTemplateParams()
[ERROR]   位置: 类型为cn.zszj.module.system.api.mail.dto.MailSendSingleToUserReqDTO的变量 reqDTO
[ERROR] /E:/zszj-wt-login-005-a/services/zhongshu-core/zszj-module-system/src/main/java/cn/zszj/module/system/api/mail/MailSendApiImpl.java:[26,77] 找不到符号
[ERROR]   符号:   方法 getAttachments()
[ERROR]   位置: 类型为cn.zszj.module.system.api.mail.dto.MailSendSingleToUserReqDTO的变量 reqDTO
[ERROR] /E:/zszj-wt-login-005-a/services/zhongshu-core/zszj-module-system/src/main/java/cn/zszj/module/system/api/mail/MailSendApiImpl.java:[31,61] 找不到符号
[ERROR]   符号:   方法 getUserId()
[ERROR]   位置: 类型为cn.zszj.module.system.api.mail.dto.MailSendSingleToUserReqDTO的变量 reqDTO
[ERROR] /E:/zszj-wt-login-005-a/services/zhongshu-core/zszj-module-system/src/main/java/cn/zszj/module/system/api/mail/MailSendApiImpl.java:[32,23] 找不到符号
[ERROR]   符号:   方法 getToMails()
[ERROR]   位置: 类型为cn.zszj.module.system.api.mail.dto.MailSendSingleToUserReqDTO的变量 reqDTO
[ERROR] /E:/zszj-wt-login-005-a/services/zhongshu-core/zszj-module-system/src/main/java/cn/zszj/module/system/api/mail/MailSendApiImpl.java:[32,44] 找不到符号
[ERROR]   符号:   方法 getCcMails()
[ERROR]   位置: 类型为cn.zszj.module.system.api.mail.dto.MailSendSingleToUserReqDTO的变量 reqDTO
[ERROR] /E:/zszj-wt-login-005-a/services/zhongshu-core/zszj-module-system/src/main/java/cn/zszj/module/system/api/mail/MailSendApiImpl.java:[32,65] 找不到符号
[ERROR]   符号:   方法 getBccMails()
[ERROR]   位置: 类型为cn.zszj.module.system.api.mail.dto.MailSendSingleToUserReqDTO的变量 reqDTO
[ERROR] /E:/zszj-wt-login-005-a/services/zhongshu-core/zszj-module-system/src/main/java/cn/zszj/module/system/api/mail/MailSendApiImpl.java:[33,23] 找不到符号
[ERROR]   符号:   方法 getTemplateCode()
[ERROR]   位置: 类型为cn.zszj.module.system.api.mail.dto.MailSendSingleToUserReqDTO的变量 reqDTO
[ERROR] /E:/zszj-wt-login-005-a/services/zhongshu-core/zszj-module-system/src/main/java/cn/zszj/module/system/api/mail/MailSendApiImpl.java:[33,49] 找不到符号
[ERROR]   符号:   方法 getTemplateParams()
[ERROR]   位置: 类型为cn.zszj.module.system.api.mail.dto.MailSendSingleToUserReqDTO的变量 reqDTO
[ERROR] /E:/zszj-wt-login-005-a/services/zhongshu-core/zszj-module-system/src/main/java/cn/zszj/module/system/api/mail/MailSendApiImpl.java:[33,77] 找不到符号
[ERROR]   符号:   方法 getAttachments()
[ERROR]   位置: 类型为cn.zszj.module.system.api.mail.dto.MailSendSingleToUserReqDTO的变量 reqDTO
[ERROR] /E:/zszj-wt-login-005-a/services/zhongshu-core/zszj-module-system/src/main/java/cn/zszj/module/system/api/notify/NotifyMessageSendApiImpl.java:[22,64] 找不到符号
[ERROR]   符号:   方法 getUserId()
[ERROR]   位置: 类型为cn.zszj.module.system.api.notify.dto.NotifySendSingleToUserReqDTO的变量 reqDTO
[ERROR] /E:/zszj-wt-login-005-a/services/zhongshu-core/zszj-module-system/src/main/java/cn/zszj/module/system/api/notify/NotifyMessageSendApiImpl.java:[23,23] 找不到符号
[ERROR]   符号:   方法 getTemplateCode()
[ERROR]   位置: 类型为cn.zszj.module.system.api.notify.dto.NotifySendSingleToUserReqDTO的变量 reqDTO
[ERROR] /E:/zszj-wt-login-005-a/services/zhongshu-core/zszj-module-system/src/main/java/cn/zszj/module/system/api/notify/NotifyMessageSendApiImpl.java:[23,49] 找不到符号
[ERROR]   符号:   方法 getTemplateParams()
[ERROR]   位置: 类型为cn.zszj.module.system.api.notify.dto.NotifySendSingleToUserReqDTO的变量 reqDTO
[ERROR] /E:/zszj-wt-login-005-a/services/zhongshu-core/zszj-module-system/src/main/java/cn/zszj/module/system/api/notify/NotifyMessageSendApiImpl.java:[28,65] 找不到符号
[ERROR]   符号:   方法 getUserId()
[ERROR]   位置: 类型为cn.zszj.module.system.api.notify.dto.NotifySendSingleToUserReqDTO的变量 reqDTO
[ERROR] /E:/zszj-wt-login-005-a/services/zhongshu-core/zszj-module-system/src/main/java/cn/zszj/module/system/api/notify/NotifyMessageSendApiImpl.java:[29,23] 找不到符号
[ERROR]   符号:   方法 getTemplateCode()
[ERROR]   位置: 类型为cn.zszj.module.system.api.notify.dto.NotifySendSingleToUserReqDTO的变量 reqDTO
[ERROR] /E:/zszj-wt-login-005-a/services/zhongshu-core/zszj-module-system/src/main/java/cn/zszj/module/system/api/notify/NotifyMessageSendApiImpl.java:[29,49] 找不到符号
[ERROR]   符号:   方法 getTemplateParams()
[ERROR]   位置: 类型为cn.zszj.module.system.api.notify.dto.NotifySendSingleToUserReqDTO的变量 reqDTO
[ERROR] /E:/zszj-wt-login-005-a/services/zhongshu-core/zszj-module-system/src/main/java/cn/zszj/module/system/api/permission/RoleApi.java:[50,49] 方法引用无效
[ERROR]   找不到符号
[ERROR]     符号:   方法 getId()
[ERROR]     位置: 类 cn.zszj.module.system.api.permission.dto.RoleRespDTO
[ERROR] /E:/zszj-wt-login-005-a/services/zhongshu-core/zszj-module-system/src/main/java/cn/zszj/module/system/api/sms/SmsSendApiImpl.java:[24,58] 找不到符号
[ERROR]   符号:   方法 getMobile()
[ERROR]   位置: 类型为cn.zszj.module.system.api.sms.dto.send.SmsSendSingleToUserReqDTO的变量 reqDTO
[ERROR] /E:/zszj-wt-login-005-a/services/zhongshu-core/zszj-module-system/src/main/java/cn/zszj/module/system/api/sms/SmsSendApiImpl.java:[24,78] 找不到符号
[ERROR]   符号:   方法 getUserId()
[ERROR]   位置: 类型为cn.zszj.module.system.api.sms.dto.send.SmsSendSingleToUserReqDTO的变量 reqDTO
[ERROR] /E:/zszj-wt-login-005-a/services/zhongshu-core/zszj-module-system/src/main/java/cn/zszj/module/system/api/sms/SmsSendApiImpl.java:[25,23] 找不到符号
[ERROR]   符号:   方法 getTemplateCode()
[ERROR]   位置: 类型为cn.zszj.module.system.api.sms.dto.send.SmsSendSingleToUserReqDTO的变量 reqDTO
[ERROR] /E:/zszj-wt-login-005-a/services/zhongshu-core/zszj-module-system/src/main/java/cn/zszj/module/system/api/sms/SmsSendApiImpl.java:[25,49] 找不到符号
[ERROR]   符号:   方法 getTemplateParams()
[ERROR]   位置: 类型为cn.zszj.module.system.api.sms.dto.send.SmsSendSingleToUserReqDTO的变量 reqDTO
[ERROR] /E:/zszj-wt-login-005-a/services/zhongshu-core/zszj-module-system/src/main/java/cn/zszj/module/system/api/sms/SmsSendApiImpl.java:[30,59] 找不到符号
[ERROR]   符号:   方法 getMobile()
[ERROR]   位置: 类型为cn.zszj.module.system.api.sms.dto.send.SmsSendSingleToUserReqDTO的变量 reqDTO
[ERROR] /E:/zszj-wt-login-005-a/services/zhongshu-core/zszj-module-system/src/main/java/cn/zszj/module/system/api/sms/SmsSendApiImpl.java:[30,79] 找不到符号
[ERROR]   符号:   方法 getUserId()
[ERROR]   位置: 类型为cn.zszj.module.system.api.sms.dto.send.SmsSendSingleToUserReqDTO的变量 reqDTO
[ERROR] /E:/zszj-wt-login-005-a/services/zhongshu-core/zszj-module-system/src/main/java/cn/zszj/module/system/api/sms/SmsSendApiImpl.java:[31,23] 找不到符号
[ERROR]   符号:   方法 getTemplateCode()
[ERROR]   位置: 类型为cn.zszj.module.system.api.sms.dto.send.SmsSendSingleToUserReqDTO的变量 reqDTO
[ERROR] /E:/zszj-wt-login-005-a/services/zhongshu-core/zszj-module-system/src/main/java/cn/zszj/module/system/api/sms/SmsSendApiImpl.java:[31,49] 找不到符号
[ERROR]   符号:   方法 getTemplateParams()
[ERROR]   位置: 类型为cn.zszj.module.system.api.sms.dto.send.SmsSendSingleToUserReqDTO的变量 reqDTO
[ERROR] /E:/zszj-wt-login-005-a/services/zhongshu-core/zszj-module-system/src/main/java/cn/zszj/module/system/api/social/SocialClientApiImpl.java:[66,105] 找不到符号
[ERROR]   符号:   方法 setId(java.lang.String)
[ERROR]   位置: 类 cn.zszj.module.system.api.social.dto.SocialWxaSubscribeTemplateRespDTO
[ERROR] /E:/zszj-wt-login-005-a/services/zhongshu-core/zszj-module-system/src/main/java/cn/zszj/module/system/api/social/SocialClientApiImpl.java:[72,94] 找不到符号
[ERROR]   符号:   方法 getUserType()
[ERROR]   位置: 类型为cn.zszj.module.system.api.social.dto.SocialWxaSubscribeMessageSendReqDTO的变量 reqDTO
[ERROR] /E:/zszj-wt-login-005-a/services/zhongshu-core/zszj-module-system/src/main/java/cn/zszj/module/system/api/social/SocialClientApiImpl.java:[74,13] 找不到符号
[ERROR]   符号:   变量 log
[ERROR]   位置: 类 cn.zszj.module.system.api.social.SocialClientApiImpl
[ERROR] /E:/zszj-wt-login-005-a/services/zhongshu-core/zszj-module-system/src/main/java/cn/zszj/module/system/api/social/SocialClientApiImpl.java:[79,54] 找不到符号
[ERROR]   符号:   方法 getTemplateTitle()
[ERROR]   位置: 类型为cn.zszj.module.system.api.social.dto.SocialWxaSubscribeMessageSendReqDTO的变量 reqDTO
[ERROR] /E:/zszj-wt-login-005-a/services/zhongshu-core/zszj-module-system/src/main/java/cn/zszj/module/system/api/social/SocialClientApiImpl.java:[81,13] 找不到符号
[ERROR]   符号:   变量 log
[ERROR]   位置: 类 cn.zszj.module.system.api.social.SocialClientApiImpl
[ERROR] /E:/zszj-wt-login-005-a/services/zhongshu-core/zszj-module-system/src/main/java/cn/zszj/module/system/api/social/SocialClientApiImpl.java:[86,86] 找不到符号
[ERROR]   符号:   方法 getUserType()
[ERROR]   位置: 类型为cn.zszj.module.system.api.social.dto.SocialWxaSubscribeMessageSendReqDTO的变量 reqDTO
[ERROR] /E:/zszj-wt-login-005-a/services/zhongshu-core/zszj-module-system/src/main/java/cn/zszj/module/system/api/social/SocialClientApiImpl.java:[86,108] 找不到符号
[ERROR]   符号:   方法 getUserId()
[ERROR]   位置: 类型为cn.zszj.module.system.api.social.dto.SocialWxaSubscribeMessageSendReqDTO的变量 reqDTO
[ERROR] /E:/zszj-wt-login-005-a/services/zhongshu-core/zszj-module-system/src/main/java/cn/zszj/module/system/api/social/SocialClientApiImpl.java:[87,51] 找不到符号
[ERROR]   符号:   方法 getType()
[ERROR]   位置: 类型为cn.zszj.module.system.enums.social.SocialTypeEnum的变量 WECHAT_MINI_PROGRAM
[ERROR] /E:/zszj-wt-login-005-a/services/zhongshu-core/zszj-module-system/src/main/java/cn/zszj/module/system/api/social/SocialClientApiImpl.java:[88,74] 找不到符号
[ERROR]   符号:   方法 getOpenid()
[ERROR]   位置: 类型为cn.zszj.module.system.api.social.dto.SocialUserRespDTO的变量 socialUser
[ERROR] /E:/zszj-wt-login-005-a/services/zhongshu-core/zszj-module-system/src/main/java/cn/zszj/module/system/api/social/SocialClientApiImpl.java:[89,13] 找不到符号
[ERROR]   符号:   变量 log
[ERROR]   位置: 类 cn.zszj.module.system.api.social.SocialClientApiImpl
[ERROR] /E:/zszj-wt-login-005-a/services/zhongshu-core/zszj-module-system/src/main/java/cn/zszj/module/system/api/social/SocialClientApiImpl.java:[94,93] 找不到符号
[ERROR]   符号:   方法 getOpenid()
[ERROR]   位置: 类型为cn.zszj.module.system.api.social.dto.SocialUserRespDTO的变量 socialUser
[ERROR] /E:/zszj-wt-login-005-a/services/zhongshu-core/zszj-module-system/src/main/java/cn/zszj/module/system/controller/admin/social/vo/client/SocialClientSaveReqVO.java:[60,76] 找不到符号
[ERROR]   符号:   方法 getType()
[ERROR]   位置: 类型为cn.zszj.module.system.enums.social.SocialTypeEnum的变量 WECHAT_ENTERPRISE
[ERROR] /E:/zszj-wt-login-005-a/services/zhongshu-core/zszj-module-system/src/main/java/cn/zszj/module/system/controller/admin/social/vo/client/SocialClientSaveReqVO.java:[68,78] 找不到符号
[ERROR]   符号:   方法 getType()
[ERROR]   位置: 类型为cn.zszj.module.system.enums.social.SocialTypeEnum的变量 ALIPAY_MINI_PROGRAM
[ERROR] /E:/zszj-wt-login-005-a/services/zhongshu-core/zszj-module-system/src/main/java/cn/zszj/module/system/api/social/SocialUserApiImpl.java:[31,50] 找不到符号
[ERROR]   符号:   方法 getUserId()
[ERROR]   位置: 类型为cn.zszj.module.system.api.social.dto.SocialUserUnbindReqDTO的变量 reqDTO
[ERROR] /E:/zszj-wt-login-005-a/services/zhongshu-core/zszj-module-system/src/main/java/cn/zszj/module/system/api/social/SocialUserApiImpl.java:[31,70] 找不到符号
[ERROR]   符号:   方法 getUserType()
[ERROR]   位置: 类型为cn.zszj.module.system.api.social.dto.SocialUserUnbindReqDTO的变量 reqDTO
[ERROR] /E:/zszj-wt-login-005-a/services/zhongshu-core/zszj-module-system/src/main/java/cn/zszj/module/system/api/social/SocialUserApiImpl.java:[32,23] 找不到符号
[ERROR]   符号:   方法 getSocialType()
[ERROR]   位置: 类型为cn.zszj.module.system.api.social.dto.SocialUserUnbindReqDTO的变量 reqDTO
[ERROR] /E:/zszj-wt-login-005-a/services/zhongshu-core/zszj-module-system/src/main/java/cn/zszj/module/system/api/social/SocialUserApiImpl.java:[32,47] 找不到符号
[ERROR]   符号:   方法 getOpenid()
[ERROR]   位置: 类型为cn.zszj.module.system.api.social.dto.SocialUserUnbindReqDTO的变量 reqDTO
[ERROR] /E:/zszj-wt-login-005-a/services/zhongshu-core/zszj-module-system/src/main/java/cn/zszj/module/system/api/user/AdminUserApi.java:[86,50] 方法引用无效
[ERROR]   找不到符号
[ERROR]     符号:   方法 getId()
[ERROR]     位置: 类 cn.zszj.module.system.api.user.dto.AdminUserRespDTO
[ERROR] /E:/zszj-wt-login-005-a/services/zhongshu-core/zszj-module-system/src/main/java/cn/zszj/module/system/api/user/AdminUserApiImpl.java:[58,47] 方法引用无效
[ERROR]   找不到符号
[ERROR]     符号:   方法 getId()
[ERROR]     位置: 类 cn.zszj.module.system.dal.dataobject.dept.DeptDO
[ERROR] /E:/zszj-wt-login-005-a/services/zhongshu-core/zszj-module-system/src/main/java/cn/zszj/module/system/api/user/AdminUserApiImpl.java:[61,54] 方法引用无效
[ERROR]   找不到符号
[ERROR]     符号:   方法 getId()
[ERROR]     位置: 类 cn.zszj.module.system.dal.dataobject.dept.DeptDO
[ERROR] /E:/zszj-wt-login-005-a/services/zhongshu-core/zszj-module-system/src/main/java/cn/zszj/module/system/api/user/AdminUserApiImpl.java:[66,50] 找不到符号
[ERROR]   符号:   方法 getId()
[ERROR]   位置: 类型为cn.zszj.module.system.dal.dataobject.user.AdminUserDO的变量 item
[ERROR] /E:/zszj-wt-login-005-a/services/zhongshu-core/zszj-module-system/src/main/java/cn/zszj/module/system/service/user/AdminUserService.java:[189,61] 方法引用无效
[ERROR]   找不到符号
[ERROR]     符号:   方法 getId()
[ERROR]     位置: 类 cn.zszj.module.system.dal.dataobject.user.AdminUserDO
[ERROR] /E:/zszj-wt-login-005-a/services/zhongshu-core/zszj-module-system/src/main/java/cn/zszj/module/system/controller/admin/auth/AuthController.java:[85,67] 找不到符号
[ERROR]   符号:   方法 getType()
[ERROR]   位置: 类型为cn.zszj.module.system.enums.logger.LoginLogTypeEnum的变量 LOGOUT_SELF
[ERROR] /E:/zszj-wt-login-005-a/services/zhongshu-core/zszj-module-system/src/main/java/cn/zszj/module/system/controller/admin/auth/AuthController.java:[116,80] 找不到符号
[ERROR]   符号:   方法 getStatus()
[ERROR]   位置: 类型为cn.zszj.module.system.dal.dataobject.permission.RoleDO的变量 role
[ERROR] /E:/zszj-wt-login-005-a/services/zhongshu-core/zszj-module-system/src/main/java/cn/zszj/module/system/controller/admin/auth/AuthController.java:[119,89] 方法引用无效
[ERROR]   找不到符号
[ERROR]     符号:   方法 getId()
[ERROR]     位置: 类 cn.zszj.module.system.dal.dataobject.permission.RoleDO
[ERROR] /E:/zszj-wt-login-005-a/services/zhongshu-core/zszj-module-system/src/main/java/cn/zszj/module/system/controller/admin/dept/DeptController.java:[80,36] 找不到符号
[ERROR]   符号:   方法 setStatus(java.lang.Integer)
[ERROR]   位置: 类 cn.zszj.module.system.controller.admin.dept.vo.dept.DeptListReqVO
[ERROR] /E:/zszj-wt-login-005-a/services/zhongshu-core/zszj-module-system/src/main/java/cn/zszj/module/system/controller/admin/dept/PostController.java:[90,40] 方法引用无效
[ERROR]   找不到符号
[ERROR]     符号:   方法 getSort()
[ERROR]     位置: 类 cn.zszj.module.system.dal.dataobject.dept.PostDO
[ERROR] /E:/zszj-wt-login-005-a/services/zhongshu-core/zszj-module-system/src/main/java/cn/zszj/module/system/controller/admin/mail/MailTemplateController.java:[97,26] 找不到符号
[ERROR]   符号:   方法 getToMails()
[ERROR]   位置: 类型为@jakarta.validation.Valid cn.zszj.module.system.controller.admin.mail.vo.template.MailTemplateSendReqVO的变量 sendReqVO
[ERROR] /E:/zszj-wt-login-005-a/services/zhongshu-core/zszj-module-system/src/main/java/cn/zszj/module/system/controller/admin/mail/MailTemplateController.java:[97,50] 找不到符号
[ERROR]   符号:   方法 getCcMails()
[ERROR]   位置: 类型为@jakarta.validation.Valid cn.zszj.module.system.controller.admin.mail.vo.template.MailTemplateSendReqVO的变量 sendReqVO
[ERROR] /E:/zszj-wt-login-005-a/services/zhongshu-core/zszj-module-system/src/main/java/cn/zszj/module/system/controller/admin/mail/MailTemplateController.java:[97,74] 找不到符号
[ERROR]   符号:   方法 getBccMails()
[ERROR]   位置: 类型为@jakarta.validation.Valid cn.zszj.module.system.controller.admin.mail.vo.template.MailTemplateSendReqVO的变量 sendReqVO
[ERROR] /E:/zszj-wt-login-005-a/services/zhongshu-core/zszj-module-system/src/main/java/cn/zszj/module/system/controller/admin/mail/MailTemplateController.java:[98,26] 找不到符号
[ERROR]   符号:   方法 getTemplateCode()
[ERROR]   位置: 类型为@jakarta.validation.Valid cn.zszj.module.system.controller.admin.mail.vo.template.MailTemplateSendReqVO的变量 sendReqVO
[ERROR] /E:/zszj-wt-login-005-a/services/zhongshu-core/zszj-module-system/src/main/java/cn/zszj/module/system/controller/admin/mail/MailTemplateController.java:[98,55] 找不到符号
[ERROR]   符号:   方法 getTemplateParams()
[ERROR]   位置: 类型为@jakarta.validation.Valid cn.zszj.module.system.controller.admin.mail.vo.template.MailTemplateSendReqVO的变量 sendReqVO
[ERROR] /E:/zszj-wt-login-005-a/services/zhongshu-core/zszj-module-system/src/main/java/cn/zszj/module/system/controller/admin/notify/NotifyTemplateController.java:[103,60] 找不到符号
[ERROR]   符号:   方法 getUserType()
[ERROR]   位置: 类型为@jakarta.validation.Valid cn.zszj.module.system.controller.admin.notify.vo.template.NotifyTemplateSendReqVO的变量 sendReqVO
[ERROR] /E:/zszj-wt-login-005-a/services/zhongshu-core/zszj-module-system/src/main/java/cn/zszj/module/system/controller/admin/notify/NotifyTemplateController.java:[104,80] 找不到符号
[ERROR]   符号:   方法 getUserId()
[ERROR]   位置: 类型为@jakarta.validation.Valid cn.zszj.module.system.controller.admin.notify.vo.template.NotifyTemplateSendReqVO的变量 sendReqVO
[ERROR] /E:/zszj-wt-login-005-a/services/zhongshu-core/zszj-module-system/src/main/java/cn/zszj/module/system/controller/admin/notify/NotifyTemplateController.java:[105,30] 找不到符号
[ERROR]   符号:   方法 getTemplateCode()
[ERROR]   位置: 类型为@jakarta.validation.Valid cn.zszj.module.system.controller.admin.notify.vo.template.NotifyTemplateSendReqVO的变量 sendReqVO
[ERROR] /E:/zszj-wt-login-005-a/services/zhongshu-core/zszj-module-system/src/main/java/cn/zszj/module/system/controller/admin/notify/NotifyTemplateController.java:[105,59] 找不到符号
[ERROR]   符号:   方法 getTemplateParams()
[ERROR]   位置: 类型为@jakarta.validation.Valid cn.zszj.module.system.controller.admin.notify.vo.template.NotifyTemplateSendReqVO的变量 sendReqVO
[ERROR] /E:/zszj-wt-login-005-a/services/zhongshu-core/zszj-module-system/src/main/java/cn/zszj/module/system/controller/admin/notify/NotifyTemplateController.java:[107,79] 找不到符号
[ERROR]   符号:   方法 getUserId()
[ERROR]   位置: 类型为@jakarta.validation.Valid cn.zszj.module.system.controller.admin.notify.vo.template.NotifyTemplateSendReqVO的变量 sendReqVO
[ERROR] /E:/zszj-wt-login-005-a/services/zhongshu-core/zszj-module-system/src/main/java/cn/zszj/module/system/controller/admin/notify/NotifyTemplateController.java:[108,30] 找不到符号
[ERROR]   符号:   方法 getTemplateCode()
[ERROR]   位置: 类型为@jakarta.validation.Valid cn.zszj.module.system.controller.admin.notify.vo.template.NotifyTemplateSendReqVO的变量 sendReqVO
[ERROR] /E:/zszj-wt-login-005-a/services/zhongshu-core/zszj-module-system/src/main/java/cn/zszj/module/system/controller/admin/notify/NotifyTemplateController.java:[108,59] 找不到符号
[ERROR]   符号:   方法 getTemplateParams()
[ERROR]   位置: 类型为@jakarta.validation.Valid cn.zszj.module.system.controller.admin.notify.vo.template.NotifyTemplateSendReqVO的变量 sendReqVO
[ERROR] /E:/zszj-wt-login-005-a/services/zhongshu-core/zszj-module-system/src/main/java/cn/zszj/module/system/controller/admin/oauth2/OAuth2OpenController.java:[126,95] 找不到符号
[ERROR]   符号:   方法 getClientId()
[ERROR]   位置: 类型为cn.zszj.module.system.dal.dataobject.oauth2.OAuth2ClientDO的变量 client
[ERROR] /E:/zszj-wt-login-005-a/services/zhongshu-core/zszj-module-system/src/main/java/cn/zszj/module/system/controller/admin/oauth2/OAuth2OpenController.java:[129,92] 找不到符号
[ERROR]   符号:   方法 getClientId()
[ERROR]   位置: 类型为cn.zszj.module.system.dal.dataobject.oauth2.OAuth2ClientDO的变量 client
[ERROR] /E:/zszj-wt-login-005-a/services/zhongshu-core/zszj-module-system/src/main/java/cn/zszj/module/system/controller/admin/oauth2/OAuth2OpenController.java:[132,81] 找不到符号
[ERROR]   符号:   方法 getClientId()
[ERROR]   位置: 类型为cn.zszj.module.system.dal.dataobject.oauth2.OAuth2ClientDO的变量 client
[ERROR] /E:/zszj-wt-login-005-a/services/zhongshu-core/zszj-module-system/src/main/java/cn/zszj/module/system/controller/admin/oauth2/OAuth2OpenController.java:[135,90] 找不到符号
[ERROR]   符号:   方法 getClientId()
[ERROR]   位置: 类型为cn.zszj.module.system.dal.dataobject.oauth2.OAuth2ClientDO的变量 client
[ERROR] /E:/zszj-wt-login-005-a/services/zhongshu-core/zszj-module-system/src/main/java/cn/zszj/module/system/controller/admin/oauth2/OAuth2OpenController.java:[156,61] 找不到符号
[ERROR]   符号:   方法 getClientId()
[ERROR]   位置: 类型为cn.zszj.module.system.dal.dataobject.oauth2.OAuth2ClientDO的变量 client
[ERROR] /E:/zszj-wt-login-005-a/services/zhongshu-core/zszj-module-system/src/main/java/cn/zszj/module/system/controller/admin/oauth2/OAuth2OpenController.java:[231,30] 找不到符号
[ERROR]   符号:   方法 getGrantType()
[ERROR]   位置: 类型为cn.zszj.module.system.enums.oauth2.OAuth2GrantTypeEnum的变量 grantTypeEnum
[ERROR] /E:/zszj-wt-login-005-a/services/zhongshu-core/zszj-module-system/src/main/java/cn/zszj/module/system/controller/admin/oauth2/OAuth2OpenController.java:[269,107] 找不到符号
[ERROR]   符号:   方法 getClientId()
[ERROR]   位置: 类型为cn.zszj.module.system.dal.dataobject.oauth2.OAuth2ClientDO的变量 client
[ERROR] /E:/zszj-wt-login-005-a/services/zhongshu-core/zszj-module-system/src/main/java/cn/zszj/module/system/controller/admin/oauth2/OAuth2OpenController.java:[273,79] 找不到符号
[ERROR]   符号:   方法 getAccessToken()
[ERROR]   位置: 类型为cn.zszj.module.system.dal.dataobject.oauth2.OAuth2AccessTokenDO的变量 accessTokenDO
[ERROR] /E:/zszj-wt-login-005-a/services/zhongshu-core/zszj-module-system/src/main/java/cn/zszj/module/system/controller/admin/oauth2/OAuth2OpenController.java:[273,118] 找不到符号
[ERROR]   符号:   方法 getExpiresTime()
[ERROR]   位置: 类型为cn.zszj.module.system.dal.dataobject.oauth2.OAuth2AccessTokenDO的变量 accessTokenDO
[ERROR] /E:/zszj-wt-login-005-a/services/zhongshu-core/zszj-module-system/src/main/java/cn/zszj/module/system/controller/admin/oauth2/OAuth2OpenController.java:[274,53] 找不到符号
[ERROR]   符号:   方法 getAdditionalInformation()
[ERROR]   位置: 类型为cn.zszj.module.system.dal.dataobject.oauth2.OAuth2ClientDO的变量 client
[ERROR] /E:/zszj-wt-login-005-a/services/zhongshu-core/zszj-module-system/src/main/java/cn/zszj/module/system/controller/admin/oauth2/OAuth2OpenController.java:[280,114] 找不到符号
[ERROR]   符号:   方法 getClientId()
[ERROR]   位置: 类型为cn.zszj.module.system.dal.dataobject.oauth2.OAuth2ClientDO的变量 client
[ERROR] /E:/zszj-wt-login-005-a/services/zhongshu-core/zszj-module-system/src/main/java/cn/zszj/module/system/enums/oauth2/OAuth2GrantTypeEnum.java:[16,13] 无法将枚举 cn.zszj.module.system.enums.oauth2.OAuth2GrantTypeEnum中的构造器 OAuth2GrantTypeEnum应用到给定类型;
[ERROR]   需要: 没有参数
[ERROR]   找到:    java.lang.String
[ERROR]   原因: 实际参数列表和形式参数列表长度不同
[ERROR] /E:/zszj-wt-login-005-a/services/zhongshu-core/zszj-module-system/src/main/java/cn/zszj/module/system/enums/oauth2/OAuth2GrantTypeEnum.java:[17,23] 无法将枚举 cn.zszj.module.system.enums.oauth2.OAuth2GrantTypeEnum中的构造器 OAuth2GrantTypeEnum应用到给定类型;
[ERROR]   需要: 没有参数
[ERROR]   找到:    java.lang.String
[ERROR]   原因: 实际参数列表和形式参数列表长度不同
[ERROR] /E:/zszj-wt-login-005-a/services/zhongshu-core/zszj-module-system/src/main/java/cn/zszj/module/system/enums/oauth2/OAuth2GrantTypeEnum.java:[18,13] 无法将枚举 cn.zszj.module.system.enums.oauth2.OAuth2GrantTypeEnum中的构造器 OAuth2GrantTypeEnum应用到给定类型;
[ERROR]   需要: 没有参数
[ERROR]   找到:    java.lang.String
[ERROR]   原因: 实际参数列表和形式参数列表长度不同
[ERROR] /E:/zszj-wt-login-005-a/services/zhongshu-core/zszj-module-system/src/main/java/cn/zszj/module/system/enums/oauth2/OAuth2GrantTypeEnum.java:[19,23] 无法将枚举 cn.zszj.module.system.enums.oauth2.OAuth2GrantTypeEnum中的构造器 OAuth2GrantTypeEnum应用到给定类型;
[ERROR]   需要: 没有参数
[ERROR]   找到:    java.lang.String
[ERROR]   原因: 实际参数列表和形式参数列表长度不同
[ERROR] /E:/zszj-wt-login-005-a/services/zhongshu-core/zszj-module-system/src/main/java/cn/zszj/module/system/enums/oauth2/OAuth2GrantTypeEnum.java:[20,18] 无法将枚举 cn.zszj.module.system.enums.oauth2.OAuth2GrantTypeEnum中的构造器 OAuth2GrantTypeEnum应用到给定类型;
[ERROR]   需要: 没有参数
[ERROR]   找到:    java.lang.String
[ERROR]   原因: 实际参数列表和形式参数列表长度不同
[ERROR] /E:/zszj-wt-login-005-a/services/zhongshu-core/zszj-module-system/src/main/java/cn/zszj/module/system/enums/oauth2/OAuth2GrantTypeEnum.java:[26,43] 找不到符号
[ERROR]   符号:   方法 getGrantType()
[ERROR]   位置: 类型为cn.zszj.module.system.enums.oauth2.OAuth2GrantTypeEnum的变量 o
[ERROR] /E:/zszj-wt-login-005-a/services/zhongshu-core/zszj-module-system/src/main/java/cn/zszj/module/system/controller/admin/oauth2/OAuth2TokenController.java:[47,71] 找不到符号
[ERROR]   符号:   方法 getType()
[ERROR]   位置: 类型为cn.zszj.module.system.enums.logger.LoginLogTypeEnum的变量 LOGOUT_DELETE
[ERROR] /E:/zszj-wt-login-005-a/services/zhongshu-core/zszj-module-system/src/main/java/cn/zszj/module/system/controller/admin/oauth2/OAuth2TokenController.java:[57,79] 找不到符号
[ERROR]   符号:   方法 getType()
[ERROR]   位置: 类型为cn.zszj.module.system.enums.logger.LoginLogTypeEnum的变量 LOGOUT_DELETE
[ERROR] /E:/zszj-wt-login-005-a/services/zhongshu-core/zszj-module-system/src/main/java/cn/zszj/module/system/controller/admin/oauth2/OAuth2UserController.java:[59,17] 找不到符号
[ERROR]   符号:   方法 getDeptId()
[ERROR]   位置: 类型为cn.zszj.module.system.dal.dataobject.user.AdminUserDO的变量 user
[ERROR] /E:/zszj-wt-login-005-a/services/zhongshu-core/zszj-module-system/src/main/java/cn/zszj/module/system/controller/admin/oauth2/OAuth2UserController.java:[60,51] 找不到符号
[ERROR]   符号:   方法 getDeptId()
[ERROR]   位置: 类型为cn.zszj.module.system.dal.dataobject.user.AdminUserDO的变量 user
[ERROR] /E:/zszj-wt-login-005-a/services/zhongshu-core/zszj-module-system/src/main/java/cn/zszj/module/system/controller/admin/oauth2/OAuth2UserController.java:[61,17] 找不到符号
[ERROR]   符号:   方法 setDept(cn.zszj.module.system.controller.admin.oauth2.vo.user.OAuth2UserInfoRespVO.Dept)
[ERROR]   位置: 类型为cn.zszj.module.system.controller.admin.oauth2.vo.user.OAuth2UserInfoRespVO的变量 resp
[ERROR] /E:/zszj-wt-login-005-a/services/zhongshu-core/zszj-module-system/src/main/java/cn/zszj/module/system/controller/admin/oauth2/OAuth2UserController.java:[64,37] 找不到符号
[ERROR]   符号:   方法 getPostIds()
[ERROR]   位置: 类型为cn.zszj.module.system.dal.dataobject.user.AdminUserDO的变量 user
[ERROR] /E:/zszj-wt-login-005-a/services/zhongshu-core/zszj-module-system/src/main/java/cn/zszj/module/system/controller/admin/oauth2/OAuth2UserController.java:[65,62] 找不到符号
[ERROR]   符号:   方法 getPostIds()
[ERROR]   位置: 类型为cn.zszj.module.system.dal.dataobject.user.AdminUserDO的变量 user
[ERROR] /E:/zszj-wt-login-005-a/services/zhongshu-core/zszj-module-system/src/main/java/cn/zszj/module/system/controller/admin/oauth2/OAuth2UserController.java:[66,17] 找不到符号
[ERROR]   符号:   方法 setPosts(java.util.List<cn.zszj.module.system.controller.admin.oauth2.vo.user.OAuth2UserInfoRespVO.Post>)
[ERROR]   位置: 类型为cn.zszj.module.system.controller.admin.oauth2.vo.user.OAuth2UserInfoRespVO的变量 resp
[ERROR] /E:/zszj-wt-login-005-a/services/zhongshu-core/zszj-module-system/src/main/java/cn/zszj/module/system/controller/admin/permission/MenuController.java:[74,40] 方法引用无效
[ERROR]   找不到符号
[ERROR]     符号:   方法 getSort()
[ERROR]     位置: 类 cn.zszj.module.system.dal.dataobject.permission.MenuDO
[ERROR] /E:/zszj-wt-login-005-a/services/zhongshu-core/zszj-module-system/src/main/java/cn/zszj/module/system/controller/admin/permission/MenuController.java:[83,36] 找不到符号
[ERROR]   符号:   方法 setStatus(java.lang.Integer)
[ERROR]   位置: 类 cn.zszj.module.system.controller.admin.permission.vo.menu.MenuListReqVO
[ERROR] /E:/zszj-wt-login-005-a/services/zhongshu-core/zszj-module-system/src/main/java/cn/zszj/module/system/controller/admin/permission/MenuController.java:[85,40] 方法引用无效
[ERROR]   找不到符号
[ERROR]     符号:   方法 getSort()
[ERROR]     位置: 类 cn.zszj.module.system.dal.dataobject.permission.MenuDO
[ERROR] -> [Help 1]
[ERROR] 
[ERROR] To see the full stack trace of the errors, re-run Maven with the -e switch.
[ERROR] Re-run Maven using the -X switch to enable full debug logging.
[ERROR] 
[ERROR] For more information about the errors and possible solutions, please read the following articles:
[ERROR] [Help 1] http://cwiki.apache.org/confluence/display/MAVEN/MojoFailureException
