Lockfile is up to date, resolution step is skipped
Progress: resolved 1, reused 0, downloaded 0, added 0
Packages: +26 -1
++++++++++++++++++++++++++-
Progress: resolved 26, reused 26, downloaded 0, added 26, done

devDependencies:
+ vitest 2.1.9

╭ Warning ─────────────────────────────────────────────────────────────────────╮
│                                                                              │
│   Ignored build scripts: @parcel/watcher, @swc/core,                         │
│   @uni-helper/unocss-preset-uni, core-js, esbuild, less, protobufjs,         │
│   vue-demi.                                                                  │
│   Run "pnpm approve-builds" to pick which dependencies should be allowed     │
│   to run scripts.                                                            │
│                                                                              │
╰──────────────────────────────────────────────────────────────────────────────╯


> zszj-miniapp@4.1.0 prepare E:\众墅之家AI赋能平台底座\apps\zhongshu-miniapp
> pnpm init-husky & pnpm init-baseFiles


> zszj-miniapp@4.1.0 init-husky E:\众墅之家AI赋能平台底座\apps\zhongshu-miniapp
> git init && husky

Reinitialized existing Git repository in E:/众墅之家AI赋能平台底座/apps/zhongshu-miniapp/.git/

> zszj-miniapp@4.1.0 init-baseFiles E:\众墅之家AI赋能平台底座\apps\zhongshu-miniapp
> node ./scripts/create-base-files.js

Done in 1.3s using pnpm v10.10.0
