[INFO] Scanning for projects...
[INFO] 
[INFO] ---------------------< cn.zszj:zszj-module-system >---------------------
[INFO] Building zszj-module-system 2026.08-SNAPSHOT
[INFO]   from pom.xml
[INFO] --------------------------------[ jar ]---------------------------------
[INFO] 
[INFO] --- enforcer:3.5.0:enforce (enforce-jdk17-baseline) @ zszj-module-system ---
[INFO] Rule 0: org.apache.maven.enforcer.rules.version.RequireJavaVersion passed
[INFO] Rule 1: org.apache.maven.enforcer.rules.version.RequireMavenVersion passed
[INFO] 
[INFO] --- resources:3.3.1:resources (default-resources) @ zszj-module-system ---
[INFO] Copying 37 resources from src\main\resources to target\classes
[INFO] 
[INFO] --- flatten:1.7.2:flatten (flatten) @ zszj-module-system ---
[INFO] Generating flattened POM of project cn.zszj:zszj-module-system:jar:2026.08-SNAPSHOT...
[INFO] 
[INFO] --- compiler:3.14.0:compile (default-compile) @ zszj-module-system ---
[INFO] Nothing to compile - all classes are up to date.
[INFO] 
[INFO] --- resources:3.3.1:testResources (default-testResources) @ zszj-module-system ---
[INFO] Copying 4 resources from src\test\resources to target\test-classes
[INFO] 
[INFO] --- compiler:3.14.0:testCompile (default-testCompile) @ zszj-module-system ---
[INFO] Recompiling the module because of changed source code.
[INFO] Compiling 68 source files with javac [target 17] to target\test-classes
[INFO] 
[INFO] --- surefire:3.5.3:test (default-test) @ zszj-module-system ---
[INFO] Using auto detected provider org.apache.maven.surefire.junitplatform.JUnitPlatformProvider
[INFO] 
[INFO] -------------------------------------------------------
[INFO]  T E S T S
[INFO] -------------------------------------------------------
[INFO] Running cn.zszj.module.system.service.permission.PermissionCacheConsistencyTest
21:09:34,407 |-WARN in Logger[org.jboss.logging] - No appenders present in context [default] for logger [org.jboss.logging].
OpenJDK 64-Bit Server VM warning: Sharing is only supported for boot loader classes because bootstrap classpath has been appended
 _ _   |_  _ _|_. ___ _ |    _ 
| | |\/|_)(_| | |_\  |_)||_|_\ 
     /               |         
                        null 
[ERROR] Tests run: 5, Failures: 1, Errors: 0, Skipped: 0, Time elapsed: 4.377 s <<< FAILURE! -- in cn.zszj.module.system.service.permission.PermissionCacheConsistencyTest
[ERROR] cn.zszj.module.system.service.permission.PermissionCacheConsistencyTest.testDeleteRoleList_staleRoleCacheEvicted -- Time elapsed: 0.042 s <<< FAILURE!
org.opentest4j.AssertionFailedError: 批量删除角色后陈旧缓存必须被驱逐（不得返回已删除角色） ==> expected: <null> but was: <RoleDO(super=TenantBaseDO(super=BaseDO(createTime=2026-09-14T21:09:38, updateTime=2026-09-23T21:09:38, creator=s774yMtOr5, updater=hXBOTSXsZT, deleted=false), tenantId=110678329502500), id=2099123337002475521, name=测试角色, code=test_110678330123100, sort=1145999879, status=0, type=2, remark=cpKipHVHcH, dataScope=1, dataScopeDeptIds=[110678329878000, 110678329850000, 110678329865000, 110678329903400, 110678329891100])>
	at org.junit.jupiter.api.AssertionFailureBuilder.build(AssertionFailureBuilder.java:151)
	at org.junit.jupiter.api.AssertionFailureBuilder.buildAndThrow(AssertionFailureBuilder.java:132)
	at org.junit.jupiter.api.AssertNull.failNotNull(AssertNull.java:50)
	at org.junit.jupiter.api.AssertNull.assertNull(AssertNull.java:35)
	at org.junit.jupiter.api.Assertions.assertNull(Assertions.java:287)
	at cn.zszj.module.system.service.permission.PermissionCacheConsistencyTest.testDeleteRoleList_staleRoleCacheEvicted(PermissionCacheConsistencyTest.java:275)
	at java.base/java.lang.reflect.Method.invoke(Method.java:569)
	at java.base/java.util.ArrayList.forEach(ArrayList.java:1511)
	at java.base/java.util.ArrayList.forEach(ArrayList.java:1511)

[INFO] 
[INFO] Results:
[INFO] 
[ERROR] Failures: 
[ERROR]   PermissionCacheConsistencyTest.testDeleteRoleList_staleRoleCacheEvicted:275 批量删除角色后陈旧缓存必须被驱逐（不得返回已删除角色） ==> expected: <null> but was: <RoleDO(super=TenantBaseDO(super=BaseDO(createTime=2026-09-14T21:09:38, updateTime=2026-09-23T21:09:38, creator=s774yMtOr5, updater=hXBOTSXsZT, deleted=false), tenantId=110678329502500), id=2099123337002475521, name=测试角色, code=test_110678330123100, sort=1145999879, status=0, type=2, remark=cpKipHVHcH, dataScope=1, dataScopeDeptIds=[110678329878000, 110678329850000, 110678329865000, 110678329903400, 110678329891100])>
[INFO] 
[ERROR] Tests run: 5, Failures: 1, Errors: 0, Skipped: 0
[INFO] 
[INFO] ------------------------------------------------------------------------
[INFO] BUILD FAILURE
[INFO] ------------------------------------------------------------------------
[INFO] Total time:  11.190 s
[INFO] Finished at: 2026-09-13T21:09:38+08:00
[INFO] ------------------------------------------------------------------------
[ERROR] Failed to execute goal org.apache.maven.plugins:maven-surefire-plugin:3.5.3:test (default-test) on project zszj-module-system: There are test failures.
[ERROR] 
[ERROR] See E:\zszj-wt-perm-004-a\services\zhongshu-core\zszj-module-system\target\surefire-reports for the individual test results.
[ERROR] See dump files (if any exist) [date].dump, [date]-jvmRun[N].dump and [date].dumpstream.
[ERROR] -> [Help 1]
[ERROR] 
[ERROR] To see the full stack trace of the errors, re-run Maven with the -e switch.
[ERROR] Re-run Maven using the -X switch to enable full debug logging.
[ERROR] 
[ERROR] For more information about the errors and possible solutions, please read the following articles:
[ERROR] [Help 1] http://cwiki.apache.org/confluence/display/MAVEN/MojoFailureException
