[INFO] Scanning for projects...
[INFO] 
[INFO] ---------------------< cn.zszj:zszj-module-system >---------------------
[INFO] Building zszj-module-system 2026.08-SNAPSHOT
[INFO]   from pom.xml
[INFO] --------------------------------[ jar ]---------------------------------
[INFO] 
[INFO] --- enforcer:3.5.0:enforce (enforce-jdk17-baseline) @ zszj-module-system ---
[INFO] Rule 0: org.apache.maven.enforcer.rules.version.RequireJavaVersion passed
[INFO] Rule 1: org.apache.maven.enforcer.rules.version.RequireMavenVersion passed
[INFO] 
[INFO] --- resources:3.3.1:resources (default-resources) @ zszj-module-system ---
[INFO] Copying 37 resources from src\main\resources to target\classes
[INFO] 
[INFO] --- flatten:1.7.2:flatten (flatten) @ zszj-module-system ---
[INFO] Generating flattened POM of project cn.zszj:zszj-module-system:jar:2026.08-SNAPSHOT...
[INFO] 
[INFO] --- compiler:3.14.0:compile (default-compile) @ zszj-module-system ---
[INFO] Recompiling the module because of changed source code.
[INFO] Compiling 421 source files with javac [target 17] to target\classes
[WARNING] /E:/zszj-wt-perm-004-a/services/zhongshu-core/zszj-module-system/src/main/java/cn/zszj/module/system/convert/auth/AuthConvert.java:[82,26] Unmapped target property: "socialType".
[WARNING] /E:/zszj-wt-perm-004-a/services/zhongshu-core/zszj-module-system/src/main/java/cn/zszj/module/system/convert/auth/AuthConvert.java:[84,23] Unmapped target property: "createIp".
[INFO] /E:/zszj-wt-perm-004-a/services/zhongshu-core/zszj-module-system/src/main/java/cn/zszj/module/system/framework/justauth/core/AuthRequestFactory.java: E:\zszj-wt-perm-004-a\services\zhongshu-core\zszj-module-system\src\main\java\cn\zszj\module\system\framework\justauth\core\AuthRequestFactory.java使用或覆盖了已过时的 API。
[INFO] /E:/zszj-wt-perm-004-a/services/zhongshu-core/zszj-module-system/src/main/java/cn/zszj/module/system/framework/justauth/core/AuthRequestFactory.java: 有关详细信息, 请使用 -Xlint:deprecation 重新编译。
[INFO] /E:/zszj-wt-perm-004-a/services/zhongshu-core/zszj-module-system/src/main/java/cn/zszj/module/system/controller/admin/oauth2/OAuth2OpenController.java: E:\zszj-wt-perm-004-a\services\zhongshu-core\zszj-module-system\src\main\java\cn\zszj\module\system\controller\admin\oauth2\OAuth2OpenController.java使用了未经检查或不安全的操作。
[INFO] /E:/zszj-wt-perm-004-a/services/zhongshu-core/zszj-module-system/src/main/java/cn/zszj/module/system/controller/admin/oauth2/OAuth2OpenController.java: 有关详细信息, 请使用 -Xlint:unchecked 重新编译。
[INFO] 
[INFO] --- resources:3.3.1:testResources (default-testResources) @ zszj-module-system ---
[INFO] Copying 4 resources from src\test\resources to target\test-classes
[INFO] 
[INFO] --- compiler:3.14.0:testCompile (default-testCompile) @ zszj-module-system ---
[INFO] Recompiling the module because of changed dependency.
[INFO] Compiling 68 source files with javac [target 17] to target\test-classes
[INFO] 
[INFO] --- surefire:3.5.3:test (default-test) @ zszj-module-system ---
[INFO] Using auto detected provider org.apache.maven.surefire.junitplatform.JUnitPlatformProvider
[INFO] 
[INFO] -------------------------------------------------------
[INFO]  T E S T S
[INFO] -------------------------------------------------------
[INFO] Running cn.zszj.module.system.service.permission.MenuServiceImplTest
21:12:32,022 |-WARN in Logger[org.jboss.logging] - No appenders present in context [default] for logger [org.jboss.logging].
OpenJDK 64-Bit Server VM warning: Sharing is only supported for boot loader classes because bootstrap classpath has been appended
 _ _   |_  _ _|_. ___ _ |    _ 
| | |\/|_)(_| | |_\  |_)||_|_\ 
     /               |         
                        null 
[INFO] Tests run: 18, Failures: 0, Errors: 0, Skipped: 0, Time elapsed: 4.884 s -- in cn.zszj.module.system.service.permission.MenuServiceImplTest
[INFO] Running cn.zszj.module.system.service.permission.PermissionCacheConsistencyTest
 _ _   |_  _ _|_. ___ _ |    _ 
| | |\/|_)(_| | |_\  |_)||_|_\ 
     /               |         
                        null 
[INFO] Tests run: 5, Failures: 0, Errors: 0, Skipped: 0, Time elapsed: 1.882 s -- in cn.zszj.module.system.service.permission.PermissionCacheConsistencyTest
[INFO] Running cn.zszj.module.system.service.permission.PermissionServiceTest
 _ _   |_  _ _|_. ___ _ |    _ 
| | |\/|_)(_| | |_\  |_)||_|_\ 
     /               |         
                        null 
[INFO] Tests run: 33, Failures: 0, Errors: 0, Skipped: 0, Time elapsed: 1.000 s -- in cn.zszj.module.system.service.permission.PermissionServiceTest
[INFO] Running cn.zszj.module.system.service.permission.RoleServiceImplTest
 _ _   |_  _ _|_. ___ _ |    _ 
| | |\/|_)(_| | |_\  |_)||_|_\ 
     /               |         
                        null 
[INFO] Tests run: 22, Failures: 0, Errors: 0, Skipped: 0, Time elapsed: 1.049 s -- in cn.zszj.module.system.service.permission.RoleServiceImplTest
[INFO] 
[INFO] Results:
[INFO] 
[INFO] Tests run: 78, Failures: 0, Errors: 0, Skipped: 0
[INFO] 
[INFO] ------------------------------------------------------------------------
[INFO] BUILD SUCCESS
[INFO] ------------------------------------------------------------------------
[INFO] Total time:  23.873 s
[INFO] Finished at: 2026-09-13T21:12:40+08:00
[INFO] ------------------------------------------------------------------------
