[INFO] Scanning for projects...
[INFO] 
[INFO] ------------< cn.zszj:zszj-spring-boot-starter-biz-tenant >-------------
[INFO] Building zszj-spring-boot-starter-biz-tenant 2026.08-SNAPSHOT
[INFO]   from pom.xml
[INFO] --------------------------------[ jar ]---------------------------------
[WARNING] 1 problem was encountered while building the effective model for org.javassist:javassist:jar:3.21.0-GA during dependency collection step for project (use -X to see details)
[INFO] 
[INFO] --- enforcer:3.5.0:enforce (enforce-jdk17-baseline) @ zszj-spring-boot-starter-biz-tenant ---
[INFO] Rule 0: org.apache.maven.enforcer.rules.version.RequireJavaVersion passed
[INFO] Rule 1: org.apache.maven.enforcer.rules.version.RequireMavenVersion passed
[INFO] 
[INFO] --- resources:3.3.1:resources (default-resources) @ zszj-spring-boot-starter-biz-tenant ---
[INFO] Copying 2 resources from src\main\resources to target\classes
[INFO] 
[INFO] --- flatten:1.7.2:flatten (flatten) @ zszj-spring-boot-starter-biz-tenant ---
[INFO] Generating flattened POM of project cn.zszj:zszj-spring-boot-starter-biz-tenant:jar:2026.08-SNAPSHOT...
[INFO] 
[INFO] --- compiler:3.14.0:compile (default-compile) @ zszj-spring-boot-starter-biz-tenant ---
[INFO] Nothing to compile - all classes are up to date.
[INFO] 
[INFO] --- resources:3.3.1:testResources (default-testResources) @ zszj-spring-boot-starter-biz-tenant ---
[INFO] Copying 1 resource from src\test\resources to target\test-classes
[INFO] 
[INFO] --- compiler:3.14.0:testCompile (default-testCompile) @ zszj-spring-boot-starter-biz-tenant ---
[INFO] Recompiling the module because of changed source code.
[INFO] Compiling 11 source files with javac [target 17] to target\test-classes
[INFO] -------------------------------------------------------------
[ERROR] COMPILATION ERROR : 
[INFO] -------------------------------------------------------------
[ERROR] /E:/zszj-wt-sec-012-b/services/zhongshu-core/zszj-framework/zszj-spring-boot-starter-biz-tenant/src/test/java/cn/zszj/framework/security/SecurityChainJointRegressionTest.java:[60,21] 找不到符号
  符号:   方法 andExpect(org.springframework.test.web.servlet.ResultMatcher)
  位置: 接口 org.springframework.test.web.servlet.RequestBuilder
[ERROR] /E:/zszj-wt-sec-012-b/services/zhongshu-core/zszj-framework/zszj-spring-boot-starter-biz-tenant/src/test/java/cn/zszj/framework/security/SecurityChainJointRegressionTest.java:[79,21] 找不到符号
  符号:   方法 andExpect(org.springframework.test.web.servlet.ResultMatcher)
  位置: 接口 org.springframework.test.web.servlet.RequestBuilder
[ERROR] /E:/zszj-wt-sec-012-b/services/zhongshu-core/zszj-framework/zszj-spring-boot-starter-biz-tenant/src/test/java/cn/zszj/framework/security/SecurityChainJointRegressionTest.java:[99,21] 找不到符号
  符号:   方法 andExpect(org.springframework.test.web.servlet.ResultMatcher)
  位置: 接口 org.springframework.test.web.servlet.RequestBuilder
[INFO] 3 errors 
[INFO] -------------------------------------------------------------
[INFO] ------------------------------------------------------------------------
[INFO] BUILD FAILURE
[INFO] ------------------------------------------------------------------------
[INFO] Total time:  5.063 s
[INFO] Finished at: 2026-09-13T23:27:01+08:00
[INFO] ------------------------------------------------------------------------
[ERROR] Failed to execute goal org.apache.maven.plugins:maven-compiler-plugin:3.14.0:testCompile (default-testCompile) on project zszj-spring-boot-starter-biz-tenant: Compilation failure: Compilation failure: 
[ERROR] /E:/zszj-wt-sec-012-b/services/zhongshu-core/zszj-framework/zszj-spring-boot-starter-biz-tenant/src/test/java/cn/zszj/framework/security/SecurityChainJointRegressionTest.java:[60,21] 找不到符号
[ERROR]   符号:   方法 andExpect(org.springframework.test.web.servlet.ResultMatcher)
[ERROR]   位置: 接口 org.springframework.test.web.servlet.RequestBuilder
[ERROR] /E:/zszj-wt-sec-012-b/services/zhongshu-core/zszj-framework/zszj-spring-boot-starter-biz-tenant/src/test/java/cn/zszj/framework/security/SecurityChainJointRegressionTest.java:[79,21] 找不到符号
[ERROR]   符号:   方法 andExpect(org.springframework.test.web.servlet.ResultMatcher)
[ERROR]   位置: 接口 org.springframework.test.web.servlet.RequestBuilder
[ERROR] /E:/zszj-wt-sec-012-b/services/zhongshu-core/zszj-framework/zszj-spring-boot-starter-biz-tenant/src/test/java/cn/zszj/framework/security/SecurityChainJointRegressionTest.java:[99,21] 找不到符号
[ERROR]   符号:   方法 andExpect(org.springframework.test.web.servlet.ResultMatcher)
[ERROR]   位置: 接口 org.springframework.test.web.servlet.RequestBuilder
[ERROR] -> [Help 1]
[ERROR] 
[ERROR] To see the full stack trace of the errors, re-run Maven with the -e switch.
[ERROR] Re-run Maven using the -X switch to enable full debug logging.
[ERROR] 
[ERROR] For more information about the errors and possible solutions, please read the following articles:
[ERROR] [Help 1] http://cwiki.apache.org/confluence/display/MAVEN/MojoFailureException
