[INFO] Scanning for projects...
[INFO] ------------------------------------------------------------------------
[INFO] Reactor Build Order:
[INFO] 
[INFO] zszj-spring-boot-starter-web                                       [jar]
[INFO] zszj-spring-boot-starter-biz-tenant                                [jar]
[INFO] 
[INFO] ----------------< cn.zszj:zszj-spring-boot-starter-web >----------------
[INFO] Building zszj-spring-boot-starter-web 2026.08-SNAPSHOT             [1/2]
[INFO]   from pom.xml
[INFO] --------------------------------[ jar ]---------------------------------
[INFO] 
[INFO] --- enforcer:3.5.0:enforce (enforce-jdk17-baseline) @ zszj-spring-boot-starter-web ---
[INFO] Rule 0: org.apache.maven.enforcer.rules.version.RequireJavaVersion passed
[INFO] Rule 1: org.apache.maven.enforcer.rules.version.RequireMavenVersion passed
[INFO] 
[INFO] --- resources:3.3.1:resources (default-resources) @ zszj-spring-boot-starter-web ---
[INFO] Copying 2 resources from src\main\resources to target\classes
[INFO] 
[INFO] --- flatten:1.7.2:flatten (flatten) @ zszj-spring-boot-starter-web ---
[INFO] Generating flattened POM of project cn.zszj:zszj-spring-boot-starter-web:jar:2026.08-SNAPSHOT...
[INFO] 
[INFO] --- compiler:3.14.0:compile (default-compile) @ zszj-spring-boot-starter-web ---
[INFO] Nothing to compile - all classes are up to date.
[INFO] 
[INFO] --- resources:3.3.1:testResources (default-testResources) @ zszj-spring-boot-starter-web ---
[INFO] skip non existing resourceDirectory E:\zszj-wt-sec-012-b\services\zhongshu-core\zszj-framework\zszj-spring-boot-starter-web\src\test\resources
[INFO] 
[INFO] --- compiler:3.14.0:testCompile (default-testCompile) @ zszj-spring-boot-starter-web ---
[INFO] Recompiling the module because of changed source code.
[INFO] Compiling 12 source files with javac [target 17] to target\test-classes
[INFO] 
[INFO] --- surefire:3.5.3:test (default-test) @ zszj-spring-boot-starter-web ---
[INFO] Using auto detected provider org.apache.maven.surefire.junitplatform.JUnitPlatformProvider
[INFO] 
[INFO] -------------------------------------------------------
[INFO]  T E S T S
[INFO] -------------------------------------------------------
[INFO] Running cn.zszj.framework.apilog.core.filter.ApiAccessLogFilterAsyncTest
OpenJDK 64-Bit Server VM warning: Sharing is only supported for boot loader classes because bootstrap classpath has been appended
[ERROR] Tests run: 5, Failures: 3, Errors: 0, Skipped: 0, Time elapsed: 0.768 s <<< FAILURE! -- in cn.zszj.framework.apilog.core.filter.ApiAccessLogFilterAsyncTest
[ERROR] cn.zszj.framework.apilog.core.filter.ApiAccessLogFilterAsyncTest.asyncDispatchFailure_notReportedAsSuccess -- Time elapsed: 0.605 s <<< FAILURE!
Wanted but not invoked:
apiAccessLogCommonApi.createApiAccessLogAsync(
    <Capturing argument: ApiAccessLogCreateReqDTO>
);
-> at cn.zszj.framework.common.biz.infra.logger.ApiAccessLogCommonApi.createApiAccessLogAsync(ApiAccessLogCommonApi.java:28)
Actually, there were zero interactions with this mock.

	at cn.zszj.framework.common.biz.infra.logger.ApiAccessLogCommonApi.createApiAccessLogAsync(ApiAccessLogCommonApi.java:28)
	at cn.zszj.framework.apilog.core.filter.ApiAccessLogFilterAsyncTest.asyncDispatchFailure_notReportedAsSuccess(ApiAccessLogFilterAsyncTest.java:100)
	at java.base/java.lang.reflect.Method.invoke(Method.java:569)
	at java.base/java.util.ArrayList.forEach(ArrayList.java:1511)
	at java.base/java.util.ArrayList.forEach(ArrayList.java:1511)

[ERROR] cn.zszj.framework.apilog.core.filter.ApiAccessLogFilterAsyncTest.asyncDispatch_loggedOnceWithFinalResult -- Time elapsed: 0.004 s <<< FAILURE!
Wanted but not invoked:
apiAccessLogCommonApi.createApiAccessLogAsync(
    <Capturing argument: ApiAccessLogCreateReqDTO>
);
-> at cn.zszj.framework.common.biz.infra.logger.ApiAccessLogCommonApi.createApiAccessLogAsync(ApiAccessLogCommonApi.java:28)
Actually, there were zero interactions with this mock.

	at cn.zszj.framework.common.biz.infra.logger.ApiAccessLogCommonApi.createApiAccessLogAsync(ApiAccessLogCommonApi.java:28)
	at cn.zszj.framework.apilog.core.filter.ApiAccessLogFilterAsyncTest.asyncDispatch_loggedOnceWithFinalResult(ApiAccessLogFilterAsyncTest.java:87)
	at java.base/java.lang.reflect.Method.invoke(Method.java:569)
	at java.base/java.util.ArrayList.forEach(ArrayList.java:1511)
	at java.base/java.util.ArrayList.forEach(ArrayList.java:1511)

[ERROR] cn.zszj.framework.apilog.core.filter.ApiAccessLogFilterAsyncTest.asyncRedispatch_logStillExactlyOnce -- Time elapsed: 0.002 s <<< FAILURE!
Wanted but not invoked:
apiAccessLogCommonApi.createApiAccessLogAsync(
    <Capturing argument: ApiAccessLogCreateReqDTO>
);
-> at cn.zszj.framework.common.biz.infra.logger.ApiAccessLogCommonApi.createApiAccessLogAsync(ApiAccessLogCommonApi.java:28)
Actually, there were zero interactions with this mock.

	at cn.zszj.framework.common.biz.infra.logger.ApiAccessLogCommonApi.createApiAccessLogAsync(ApiAccessLogCommonApi.java:28)
	at cn.zszj.framework.apilog.core.filter.ApiAccessLogFilterAsyncTest.asyncRedispatch_logStillExactlyOnce(ApiAccessLogFilterAsyncTest.java:116)
	at java.base/java.lang.reflect.Method.invoke(Method.java:569)
	at java.base/java.util.ArrayList.forEach(ArrayList.java:1511)
	at java.base/java.util.ArrayList.forEach(ArrayList.java:1511)

[INFO] 
[INFO] Results:
[INFO] 
[ERROR] Failures: 
[ERROR]   ApiAccessLogFilterAsyncTest.asyncDispatchFailure_notReportedAsSuccess:100 
Wanted but not invoked:
apiAccessLogCommonApi.createApiAccessLogAsync(
    <Capturing argument: ApiAccessLogCreateReqDTO>
);
-> at cn.zszj.framework.common.biz.infra.logger.ApiAccessLogCommonApi.createApiAccessLogAsync(ApiAccessLogCommonApi.java:28)
Actually, there were zero interactions with this mock.

[ERROR]   ApiAccessLogFilterAsyncTest.asyncDispatch_loggedOnceWithFinalResult:87 
Wanted but not invoked:
apiAccessLogCommonApi.createApiAccessLogAsync(
    <Capturing argument: ApiAccessLogCreateReqDTO>
);
-> at cn.zszj.framework.common.biz.infra.logger.ApiAccessLogCommonApi.createApiAccessLogAsync(ApiAccessLogCommonApi.java:28)
Actually, there were zero interactions with this mock.

[ERROR]   ApiAccessLogFilterAsyncTest.asyncRedispatch_logStillExactlyOnce:116 
Wanted but not invoked:
apiAccessLogCommonApi.createApiAccessLogAsync(
    <Capturing argument: ApiAccessLogCreateReqDTO>
);
-> at cn.zszj.framework.common.biz.infra.logger.ApiAccessLogCommonApi.createApiAccessLogAsync(ApiAccessLogCommonApi.java:28)
Actually, there were zero interactions with this mock.

[INFO] 
[ERROR] Tests run: 5, Failures: 3, Errors: 0, Skipped: 0
[INFO] 
[INFO] ------------------------------------------------------------------------
[INFO] Reactor Summary for zszj-spring-boot-starter-web 2026.08-SNAPSHOT:
[INFO] 
[INFO] zszj-spring-boot-starter-web ....................... FAILURE [  3.138 s]
[INFO] zszj-spring-boot-starter-biz-tenant ................ SKIPPED
[INFO] ------------------------------------------------------------------------
[INFO] BUILD FAILURE
[INFO] ------------------------------------------------------------------------
[INFO] Total time:  3.381 s
[INFO] Finished at: 2026-09-14T00:22:19+08:00
[INFO] ------------------------------------------------------------------------
[ERROR] Failed to execute goal org.apache.maven.plugins:maven-surefire-plugin:3.5.3:test (default-test) on project zszj-spring-boot-starter-web: There are test failures.
[ERROR] 
[ERROR] See E:\zszj-wt-sec-012-b\services\zhongshu-core\zszj-framework\zszj-spring-boot-starter-web\target\surefire-reports for the individual test results.
[ERROR] See dump files (if any exist) [date].dump, [date]-jvmRun[N].dump and [date].dumpstream.
[ERROR] -> [Help 1]
[ERROR] 
[ERROR] To see the full stack trace of the errors, re-run Maven with the -e switch.
[ERROR] Re-run Maven using the -X switch to enable full debug logging.
[ERROR] 
[ERROR] For more information about the errors and possible solutions, please read the following articles:
[ERROR] [Help 1] http://cwiki.apache.org/confluence/display/MAVEN/MojoFailureException
