[INFO] Scanning for projects...
[INFO] ------------------------------------------------------------------------
[INFO] Reactor Build Order:
[INFO] 
[INFO] zszj-spring-boot-starter-web                                       [jar]
[INFO] zszj-spring-boot-starter-biz-tenant                                [jar]
[INFO] 
[INFO] ----------------< cn.zszj:zszj-spring-boot-starter-web >----------------
[INFO] Building zszj-spring-boot-starter-web 2026.08-SNAPSHOT             [1/2]
[INFO]   from pom.xml
[INFO] --------------------------------[ jar ]---------------------------------
[INFO] 
[INFO] --- enforcer:3.5.0:enforce (enforce-jdk17-baseline) @ zszj-spring-boot-starter-web ---
[INFO] Rule 0: org.apache.maven.enforcer.rules.version.RequireJavaVersion passed
[INFO] Rule 1: org.apache.maven.enforcer.rules.version.RequireMavenVersion passed
[INFO] 
[INFO] --- resources:3.3.1:resources (default-resources) @ zszj-spring-boot-starter-web ---
[INFO] Copying 2 resources from src\main\resources to target\classes
[INFO] 
[INFO] --- flatten:1.7.2:flatten (flatten) @ zszj-spring-boot-starter-web ---
[INFO] Generating flattened POM of project cn.zszj:zszj-spring-boot-starter-web:jar:2026.08-SNAPSHOT...
[INFO] 
[INFO] --- compiler:3.14.0:compile (default-compile) @ zszj-spring-boot-starter-web ---
[INFO] Recompiling the module because of changed source code.
[INFO] Compiling 67 source files with javac [target 17] to target\classes
[INFO] 
[INFO] --- resources:3.3.1:testResources (default-testResources) @ zszj-spring-boot-starter-web ---
[INFO] skip non existing resourceDirectory E:\zszj-wt-sec-012-b\services\zhongshu-core\zszj-framework\zszj-spring-boot-starter-web\src\test\resources
[INFO] 
[INFO] --- compiler:3.14.0:testCompile (default-testCompile) @ zszj-spring-boot-starter-web ---
[INFO] Recompiling the module because of changed dependency.
[INFO] Compiling 12 source files with javac [target 17] to target\test-classes
[INFO] -------------------------------------------------------------
[ERROR] COMPILATION ERROR : 
[INFO] -------------------------------------------------------------
[ERROR] /E:/zszj-wt-sec-012-b/services/zhongshu-core/zszj-framework/zszj-spring-boot-starter-web/src/test/java/cn/zszj/framework/apilog/core/filter/ApiAccessLogFilterAsyncTest.java:[58,20] 找不到符号
  符号:   类 FilterChain
  位置: 类 cn.zszj.framework.apilog.core.filter.ApiAccessLogFilterAsyncTest
[INFO] 1 error
[INFO] -------------------------------------------------------------
[INFO] ------------------------------------------------------------------------
[INFO] Reactor Summary for zszj-spring-boot-starter-web 2026.08-SNAPSHOT:
[INFO] 
[INFO] zszj-spring-boot-starter-web ....................... FAILURE [  3.123 s]
[INFO] zszj-spring-boot-starter-biz-tenant ................ SKIPPED
[INFO] ------------------------------------------------------------------------
[INFO] BUILD FAILURE
[INFO] ------------------------------------------------------------------------
[INFO] Total time:  3.354 s
[INFO] Finished at: 2026-09-14T00:21:44+08:00
[INFO] ------------------------------------------------------------------------
[ERROR] Failed to execute goal org.apache.maven.plugins:maven-compiler-plugin:3.14.0:testCompile (default-testCompile) on project zszj-spring-boot-starter-web: Compilation failure
[ERROR] /E:/zszj-wt-sec-012-b/services/zhongshu-core/zszj-framework/zszj-spring-boot-starter-web/src/test/java/cn/zszj/framework/apilog/core/filter/ApiAccessLogFilterAsyncTest.java:[58,20] 找不到符号
[ERROR]   符号:   类 FilterChain
[ERROR]   位置: 类 cn.zszj.framework.apilog.core.filter.ApiAccessLogFilterAsyncTest
[ERROR] 
[ERROR] -> [Help 1]
[ERROR] 
[ERROR] To see the full stack trace of the errors, re-run Maven with the -e switch.
[ERROR] Re-run Maven using the -X switch to enable full debug logging.
[ERROR] 
[ERROR] For more information about the errors and possible solutions, please read the following articles:
[ERROR] [Help 1] http://cwiki.apache.org/confluence/display/MAVEN/MojoFailureException
