[INFO] Scanning for projects...
[INFO] 
[INFO] ------------< cn.zszj:zszj-spring-boot-starter-biz-tenant >-------------
[INFO] Building zszj-spring-boot-starter-biz-tenant 2026.08-SNAPSHOT
[INFO]   from pom.xml
[INFO] --------------------------------[ jar ]---------------------------------
[WARNING] 1 problem was encountered while building the effective model for org.javassist:javassist:jar:3.21.0-GA during dependency collection step for project (use -X to see details)
[INFO] 
[INFO] --- enforcer:3.5.0:enforce (enforce-jdk17-baseline) @ zszj-spring-boot-starter-biz-tenant ---
[INFO] Rule 0: org.apache.maven.enforcer.rules.version.RequireJavaVersion passed
[INFO] Rule 1: org.apache.maven.enforcer.rules.version.RequireMavenVersion passed
[INFO] 
[INFO] --- resources:3.3.1:resources (default-resources) @ zszj-spring-boot-starter-biz-tenant ---
[INFO] Copying 2 resources from src\main\resources to target\classes
[INFO] 
[INFO] --- flatten:1.7.2:flatten (flatten) @ zszj-spring-boot-starter-biz-tenant ---
[INFO] Generating flattened POM of project cn.zszj:zszj-spring-boot-starter-biz-tenant:jar:2026.08-SNAPSHOT...
[INFO] 
[INFO] --- compiler:3.14.0:compile (default-compile) @ zszj-spring-boot-starter-biz-tenant ---
[INFO] Nothing to compile - all classes are up to date.
[INFO] 
[INFO] --- resources:3.3.1:testResources (default-testResources) @ zszj-spring-boot-starter-biz-tenant ---
[INFO] Copying 1 resource from src\test\resources to target\test-classes
[INFO] 
[INFO] --- compiler:3.14.0:testCompile (default-testCompile) @ zszj-spring-boot-starter-biz-tenant ---
[INFO] Recompiling the module because of changed source code.
[INFO] Compiling 12 source files with javac [target 17] to target\test-classes
[INFO] 
[INFO] --- surefire:3.5.3:test (default-test) @ zszj-spring-boot-starter-biz-tenant ---
[INFO] Using auto detected provider org.apache.maven.surefire.junitplatform.JUnitPlatformProvider
[INFO] 
[INFO] -------------------------------------------------------
[INFO]  T E S T S
[INFO] -------------------------------------------------------
[INFO] Running cn.zszj.framework.security.SecurityChainEmbeddedCorsTest
芋道源码 http://www.iocoder.cn
Application Version: ${zszj.info.version}
Spring Boot Version: 3.5.15

.__   __.   ______      .______    __    __    _______
|  \ |  |  /  __  \     |   _  \  |  |  |  |  /  _____|
|   \|  | |  |  |  |    |  |_)  | |  |  |  | |  |  __
|  . `  | |  |  |  |    |   _  <  |  |  |  | |  | |_ |
|  |\   | |  `--'  |    |  |_)  | |  `--'  | |  |__| |
|__| \__|  \______/     |______/   \______/   \______|

███╗   ██╗ ██████╗     ██████╗ ██╗   ██╗ ██████╗
████╗  ██║██╔═══██╗    ██╔══██╗██║   ██║██╔════╝
██╔██╗ ██║██║   ██║    ██████╔╝██║   ██║██║  ███╗
██║╚██╗██║██║   ██║    ██╔══██╗██║   ██║██║   ██║
██║ ╚████║╚██████╔╝    ██████╔╝╚██████╔╝╚██████╔╝
╚═╝  ╚═══╝ ╚═════╝     ╚═════╝  ╚═════╝  ╚═════╝

2026-09-14T00:07:05.632+08:00  WARN 21884 --- [zszj-security-fixture] [           main] ory$DuplicateJsonObjectContextCustomizer : 

Found multiple occurrences of org.json.JSONObject on the class path:

	jar:file:/C:/Users/Administrator/.m2/repository/com/vaadin/external/google/android-json/0.0.20131108.vaadin1/android-json-0.0.20131108.vaadin1.jar!/org/json/JSONObject.class
	jar:file:/C:/Users/Administrator/.m2/repository/org/json/json/20250107/json-20250107.jar!/org/json/JSONObject.class

You may wish to exclude one of them to ensure predictable runtime behavior

2026-09-14T00:07:05.645+08:00  INFO 21884 --- [zszj-security-fixture] [           main] c.z.f.s.SecurityChainEmbeddedCorsTest    : Starting SecurityChainEmbeddedCorsTest using Java 17.0.20.1 with PID 21884 (started by Administrator in E:\zszj-wt-sec-012-b\services\zhongshu-core\zszj-framework\zszj-spring-boot-starter-biz-tenant)
2026-09-14T00:07:05.645+08:00 DEBUG 21884 --- [zszj-security-fixture] [           main] c.z.f.s.SecurityChainEmbeddedCorsTest    : Running with Spring Boot v3.5.15, Spring v6.2.19
2026-09-14T00:07:05.646+08:00  INFO 21884 --- [zszj-security-fixture] [           main] c.z.f.s.SecurityChainEmbeddedCorsTest    : The following 1 profile is active: "fixture"
2026-09-14T00:07:06.490+08:00  WARN 21884 --- [zszj-security-fixture] [           main] o.m.s.mapper.ClassPathMapperScanner      : No MyBatis mapper was found in '[cn.zszj.framework.security.fixture]' package. Please check your configuration.
2026-09-14T00:07:07.572+08:00 DEBUG 21884 --- [zszj-security-fixture] [           main] c.z.f.t.c.s.TenantSecurityWebFilter      : Filter 'tenantSecurityWebFilter' configured for use
2026-09-14T00:07:07.573+08:00 DEBUG 21884 --- [zszj-security-fixture] [           main] c.z.f.t.core.web.TenantContextWebFilter  : Filter 'tenantContextWebFilter' configured for use
2026-09-14T00:07:08.045+08:00 DEBUG 21884 --- [zszj-security-fixture] [           main] swordEncoderAuthenticationManagerBuilder : No authenticationProviders and no parentAuthenticationManager defined. Returning null.
2026-09-14T00:07:08.165+08:00 DEBUG 21884 --- [zszj-security-fixture] [           main] o.s.s.web.DefaultSecurityFilterChain     : Will secure any request with filters: DisableEncodeUrlFilter, WebAsyncManagerIntegrationFilter, SecurityContextHolderFilter, HeaderWriterFilter, CorsFilter, LogoutFilter, TokenAuthenticationFilter, RequestCacheAwareFilter, SecurityContextHolderAwareRequestFilter, AnonymousAuthenticationFilter, SessionManagementFilter, ExceptionTranslationFilter, AuthorizationFilter
2026-09-14T00:07:08.873+08:00  WARN 21884 --- [zszj-security-fixture] [           main] c.b.d.d.DynamicRoutingDataSource         : dynamic-datasource initial loaded [0] datasource,Please add your primary datasource or check your configuration
 _ _   |_  _ _|_. ___ _ |    _ 
| | |\/|_)(_| | |_\  |_)||_|_\ 
     /               |         
                        null 
 _ _   |_  _ _|_. ___ _ |    _  .  _  .  _  
| | |\/|_)(_| | |_\  |_)||_|_\  | (_) | | | 
     /               |          /
                                    1.5.9
2026-09-14T00:07:09.162+08:00  WARN 21884 --- [zszj-security-fixture] [           main] o.a.r.s.a.RocketMQAutoConfiguration      : The necessary spring property 'rocketmq.name-server' is not defined, all rockertmq beans creation are skipped!
2026-09-14T00:07:09.887+08:00  INFO 21884 --- [zszj-security-fixture] [           main] c.z.f.s.SecurityChainEmbeddedCorsTest    : Started SecurityChainEmbeddedCorsTest in 4.513 seconds (process running for 5.162)
2026-09-14T00:07:09.893+08:00  WARN 21884 --- [zszj-security-fixture] [           main] o.s.core.events.SpringDocAppInitializer  : SpringDoc /v3/api-docs endpoint is enabled by default. To disable it in production, set the property 'springdoc.api-docs.enabled=false'
2026-09-14T00:07:09.893+08:00  WARN 21884 --- [zszj-security-fixture] [           main] o.s.core.events.SpringDocAppInitializer  : SpringDoc /swagger-ui.html endpoint is enabled by default. To disable it in production, set the property 'springdoc.swagger-ui.enabled=false'
OpenJDK 64-Bit Server VM warning: Sharing is only supported for boot loader classes because bootstrap classpath has been appended
2026-09-14T00:07:10.463+08:00 DEBUG 21884 --- [zszj-security-fixture] [o-auto-1-exec-1] o.s.security.web.FilterChainProxy        : Securing GET /admin-api/fixture/public/hello
2026-09-14T00:07:10.469+08:00 DEBUG 21884 --- [zszj-security-fixture] [o-auto-1-exec-1] o.s.s.w.a.AnonymousAuthenticationFilter  : Set SecurityContextHolder to anonymous SecurityContext
2026-09-14T00:07:10.470+08:00 DEBUG 21884 --- [zszj-security-fixture] [o-auto-1-exec-1] o.s.security.web.FilterChainProxy        : Secured GET /admin-api/fixture/public/hello
[INFO] Tests run: 4, Failures: 0, Errors: 0, Skipped: 0, Time elapsed: 5.478 s -- in cn.zszj.framework.security.SecurityChainEmbeddedCorsTest
[INFO] Running cn.zszj.framework.security.SecurityChainJointRegressionTest
芋道源码 http://www.iocoder.cn
Application Version: ${zszj.info.version}
Spring Boot Version: 3.5.15

.__   __.   ______      .______    __    __    _______
|  \ |  |  /  __  \     |   _  \  |  |  |  |  /  _____|
|   \|  | |  |  |  |    |  |_)  | |  |  |  | |  |  __
|  . `  | |  |  |  |    |   _  <  |  |  |  | |  | |_ |
|  |\   | |  `--'  |    |  |_)  | |  `--'  | |  |__| |
|__| \__|  \______/     |______/   \______/   \______|

███╗   ██╗ ██████╗     ██████╗ ██╗   ██╗ ██████╗
████╗  ██║██╔═══██╗    ██╔══██╗██║   ██║██╔════╝
██╔██╗ ██║██║   ██║    ██████╔╝██║   ██║██║  ███╗
██║╚██╗██║██║   ██║    ██╔══██╗██║   ██║██║   ██║
██║ ╚████║╚██████╔╝    ██████╔╝╚██████╔╝╚██████╔╝
╚═╝  ╚═══╝ ╚═════╝     ╚═════╝  ╚═════╝  ╚═════╝

2026-09-14T00:07:10.620+08:00  WARN 21884 --- [zszj-security-fixture] [           main] ory$DuplicateJsonObjectContextCustomizer : 

Found multiple occurrences of org.json.JSONObject on the class path:

	jar:file:/C:/Users/Administrator/.m2/repository/com/vaadin/external/google/android-json/0.0.20131108.vaadin1/android-json-0.0.20131108.vaadin1.jar!/org/json/JSONObject.class
	jar:file:/C:/Users/Administrator/.m2/repository/org/json/json/20250107/json-20250107.jar!/org/json/JSONObject.class

You may wish to exclude one of them to ensure predictable runtime behavior

2026-09-14T00:07:10.621+08:00  INFO 21884 --- [zszj-security-fixture] [           main] c.z.f.s.SecurityChainJointRegressionTest : Starting SecurityChainJointRegressionTest using Java 17.0.20.1 with PID 21884 (started by Administrator in E:\zszj-wt-sec-012-b\services\zhongshu-core\zszj-framework\zszj-spring-boot-starter-biz-tenant)
2026-09-14T00:07:10.621+08:00 DEBUG 21884 --- [zszj-security-fixture] [           main] c.z.f.s.SecurityChainJointRegressionTest : Running with Spring Boot v3.5.15, Spring v6.2.19
2026-09-14T00:07:10.622+08:00  INFO 21884 --- [zszj-security-fixture] [           main] c.z.f.s.SecurityChainJointRegressionTest : The following 1 profile is active: "fixture"
2026-09-14T00:07:10.799+08:00  WARN 21884 --- [zszj-security-fixture] [           main] o.m.s.mapper.ClassPathMapperScanner      : No MyBatis mapper was found in '[cn.zszj.framework.security.fixture]' package. Please check your configuration.
2026-09-14T00:07:11.009+08:00 DEBUG 21884 --- [zszj-security-fixture] [           main] swordEncoderAuthenticationManagerBuilder : No authenticationProviders and no parentAuthenticationManager defined. Returning null.
2026-09-14T00:07:11.027+08:00 DEBUG 21884 --- [zszj-security-fixture] [           main] o.s.s.web.DefaultSecurityFilterChain     : Will secure any request with filters: DisableEncodeUrlFilter, WebAsyncManagerIntegrationFilter, SecurityContextHolderFilter, HeaderWriterFilter, CorsFilter, LogoutFilter, TokenAuthenticationFilter, RequestCacheAwareFilter, SecurityContextHolderAwareRequestFilter, AnonymousAuthenticationFilter, SessionManagementFilter, ExceptionTranslationFilter, AuthorizationFilter
2026-09-14T00:07:11.125+08:00  WARN 21884 --- [zszj-security-fixture] [           main] c.b.d.d.DynamicRoutingDataSource         : dynamic-datasource initial loaded [0] datasource,Please add your primary datasource or check your configuration
 _ _   |_  _ _|_. ___ _ |    _ 
| | |\/|_)(_| | |_\  |_)||_|_\ 
     /               |         
                        null 
 _ _   |_  _ _|_. ___ _ |    _  .  _  .  _  
| | |\/|_)(_| | |_\  |_)||_|_\  | (_) | | | 
     /               |          /
                                    1.5.9
2026-09-14T00:07:11.223+08:00  WARN 21884 --- [zszj-security-fixture] [           main] o.a.r.s.a.RocketMQAutoConfiguration      : The necessary spring property 'rocketmq.name-server' is not defined, all rockertmq beans creation are skipped!
2026-09-14T00:07:11.357+08:00 DEBUG 21884 --- [zszj-security-fixture] [           main] c.z.f.t.core.web.TenantContextWebFilter  : Filter 'tenantContextWebFilter' configured for use
2026-09-14T00:07:11.357+08:00 DEBUG 21884 --- [zszj-security-fixture] [           main] c.z.f.t.c.s.TenantSecurityWebFilter      : Filter 'tenantSecurityWebFilter' configured for use
2026-09-14T00:07:11.372+08:00  INFO 21884 --- [zszj-security-fixture] [           main] c.z.f.s.SecurityChainJointRegressionTest : Started SecurityChainJointRegressionTest in 0.771 seconds (process running for 6.648)
2026-09-14T00:07:11.373+08:00  WARN 21884 --- [zszj-security-fixture] [           main] o.s.core.events.SpringDocAppInitializer  : SpringDoc /v3/api-docs endpoint is enabled by default. To disable it in production, set the property 'springdoc.api-docs.enabled=false'
2026-09-14T00:07:11.373+08:00  WARN 21884 --- [zszj-security-fixture] [           main] o.s.core.events.SpringDocAppInitializer  : SpringDoc /swagger-ui.html endpoint is enabled by default. To disable it in production, set the property 'springdoc.swagger-ui.enabled=false'
2026-09-14T00:07:11.387+08:00 DEBUG 21884 --- [zszj-security-fixture] [           main] o.s.security.web.FilterChainProxy        : Securing GET /admin-api/fixture/async/tenant-context/admin-api/fixture/async/tenant-context
2026-09-14T00:07:11.393+08:00 DEBUG 21884 --- [zszj-security-fixture] [           main] o.s.security.web.FilterChainProxy        : Secured GET /admin-api/fixture/async/tenant-context/admin-api/fixture/async/tenant-context
2026-09-14T00:07:11.407+08:00 DEBUG 21884 --- [zszj-security-fixture] [           main] o.s.security.web.FilterChainProxy        : Securing GET /admin-api/fixture/async/tenant-context/admin-api/fixture/async/tenant-context
2026-09-14T00:07:11.407+08:00 DEBUG 21884 --- [zszj-security-fixture] [           main] o.s.s.w.a.AnonymousAuthenticationFilter  : Set SecurityContextHolder to anonymous SecurityContext
2026-09-14T00:07:11.407+08:00 DEBUG 21884 --- [zszj-security-fixture] [           main] o.s.security.web.FilterChainProxy        : Secured GET /admin-api/fixture/async/tenant-context/admin-api/fixture/async/tenant-context
2026-09-14T00:07:11.416+08:00 DEBUG 21884 --- [zszj-security-fixture] [           main] o.s.security.web.FilterChainProxy        : Securing GET /admin-api/fixture/async/tenant-context/admin-api/fixture/async/tenant-context
2026-09-14T00:07:11.417+08:00 DEBUG 21884 --- [zszj-security-fixture] [           main] o.s.security.web.FilterChainProxy        : Secured GET /admin-api/fixture/async/tenant-context/admin-api/fixture/async/tenant-context
2026-09-14T00:07:11.418+08:00 DEBUG 21884 --- [zszj-security-fixture] [           main] o.s.security.web.FilterChainProxy        : Securing GET /admin-api/fixture/async/tenant-context/admin-api/fixture/async/tenant-context
2026-09-14T00:07:11.418+08:00 DEBUG 21884 --- [zszj-security-fixture] [           main] o.s.s.w.a.AnonymousAuthenticationFilter  : Set SecurityContextHolder to anonymous SecurityContext
2026-09-14T00:07:11.418+08:00 DEBUG 21884 --- [zszj-security-fixture] [           main] o.s.security.web.FilterChainProxy        : Secured GET /admin-api/fixture/async/tenant-context/admin-api/fixture/async/tenant-context
2026-09-14T00:07:11.420+08:00 DEBUG 21884 --- [zszj-security-fixture] [           main] o.s.security.web.FilterChainProxy        : Securing GET /admin-api/fixture/async/tenant-context/admin-api/fixture/async/tenant-context
2026-09-14T00:07:11.420+08:00 DEBUG 21884 --- [zszj-security-fixture] [           main] o.s.security.web.FilterChainProxy        : Secured GET /admin-api/fixture/async/tenant-context/admin-api/fixture/async/tenant-context
2026-09-14T00:07:11.421+08:00 DEBUG 21884 --- [zszj-security-fixture] [           main] o.s.security.web.FilterChainProxy        : Securing GET /admin-api/fixture/async/tenant-context/admin-api/fixture/async/tenant-context
2026-09-14T00:07:11.421+08:00 DEBUG 21884 --- [zszj-security-fixture] [           main] o.s.s.w.a.AnonymousAuthenticationFilter  : Set SecurityContextHolder to anonymous SecurityContext
2026-09-14T00:07:11.422+08:00 DEBUG 21884 --- [zszj-security-fixture] [           main] o.s.security.web.FilterChainProxy        : Secured GET /admin-api/fixture/async/tenant-context/admin-api/fixture/async/tenant-context
2026-09-14T00:07:11.423+08:00 DEBUG 21884 --- [zszj-security-fixture] [           main] o.s.security.web.FilterChainProxy        : Securing GET /admin-api/fixture/async/tenant-context/admin-api/fixture/async/tenant-context
2026-09-14T00:07:11.423+08:00 DEBUG 21884 --- [zszj-security-fixture] [           main] o.s.security.web.FilterChainProxy        : Secured GET /admin-api/fixture/async/tenant-context/admin-api/fixture/async/tenant-context
2026-09-14T00:07:11.424+08:00 DEBUG 21884 --- [zszj-security-fixture] [           main] o.s.security.web.FilterChainProxy        : Securing GET /admin-api/fixture/async/tenant-context/admin-api/fixture/async/tenant-context
2026-09-14T00:07:11.424+08:00 DEBUG 21884 --- [zszj-security-fixture] [           main] o.s.s.w.a.AnonymousAuthenticationFilter  : Set SecurityContextHolder to anonymous SecurityContext
2026-09-14T00:07:11.424+08:00 DEBUG 21884 --- [zszj-security-fixture] [           main] o.s.security.web.FilterChainProxy        : Secured GET /admin-api/fixture/async/tenant-context/admin-api/fixture/async/tenant-context
2026-09-14T00:07:11.425+08:00 DEBUG 21884 --- [zszj-security-fixture] [           main] o.s.security.web.FilterChainProxy        : Securing GET /admin-api/fixture/async/tenant-context/admin-api/fixture/async/tenant-context
2026-09-14T00:07:11.425+08:00 DEBUG 21884 --- [zszj-security-fixture] [           main] o.s.security.web.FilterChainProxy        : Secured GET /admin-api/fixture/async/tenant-context/admin-api/fixture/async/tenant-context
2026-09-14T00:07:11.426+08:00 DEBUG 21884 --- [zszj-security-fixture] [           main] o.s.security.web.FilterChainProxy        : Securing GET /admin-api/fixture/async/tenant-context/admin-api/fixture/async/tenant-context
2026-09-14T00:07:11.426+08:00 DEBUG 21884 --- [zszj-security-fixture] [           main] o.s.s.w.a.AnonymousAuthenticationFilter  : Set SecurityContextHolder to anonymous SecurityContext
2026-09-14T00:07:11.426+08:00 DEBUG 21884 --- [zszj-security-fixture] [           main] o.s.security.web.FilterChainProxy        : Secured GET /admin-api/fixture/async/tenant-context/admin-api/fixture/async/tenant-context
[INFO] Running cn.zszj.framework.security.SecurityChainJointRegressionTest$CorsEndToEnd
[INFO] Tests run: 5, Failures: 0, Errors: 0, Skipped: 0, Time elapsed: 0.028 s -- in cn.zszj.framework.security.SecurityChainJointRegressionTest$CorsEndToEnd
[INFO] Running cn.zszj.framework.security.SecurityChainJointRegressionTest$AsyncFullContract
2026-09-14T00:07:11.466+08:00 DEBUG 21884 --- [zszj-security-fixture] [           main] o.s.security.web.FilterChainProxy        : Securing GET /admin-api/fixture/async/stream/admin-api/fixture/async/stream
2026-09-14T00:07:11.466+08:00 DEBUG 21884 --- [zszj-security-fixture] [           main] o.s.s.w.a.AnonymousAuthenticationFilter  : Set SecurityContextHolder to anonymous SecurityContext
2026-09-14T00:07:11.467+08:00 DEBUG 21884 --- [zszj-security-fixture] [           main] c.z.f.s.c.h.AuthenticationEntryPointImpl : [commence][访问 URL(/admin-api/fixture/async/stream) 时，没有登录]

org.springframework.security.authentication.InsufficientAuthenticationException: Full authentication is required to access this resource
	at org.springframework.security.web.access.ExceptionTranslationFilter.handleAccessDeniedException(ExceptionTranslationFilter.java:197) ~[spring-security-web-6.5.11.jar:6.5.11]
	at org.springframework.security.web.access.ExceptionTranslationFilter.handleSpringSecurityException(ExceptionTranslationFilter.java:177) ~[spring-security-web-6.5.11.jar:6.5.11]
	at org.springframework.security.web.access.ExceptionTranslationFilter.doFilter(ExceptionTranslationFilter.java:146) ~[spring-security-web-6.5.11.jar:6.5.11]
	at org.springframework.security.web.access.ExceptionTranslationFilter.doFilter(ExceptionTranslationFilter.java:119) ~[spring-security-web-6.5.11.jar:6.5.11]
	at org.springframework.security.web.FilterChainProxy$VirtualFilterChain.doFilter(FilterChainProxy.java:379) ~[spring-security-web-6.5.11.jar:6.5.11]
	at org.springframework.security.web.session.SessionManagementFilter.doFilter(SessionManagementFilter.java:131) ~[spring-security-web-6.5.11.jar:6.5.11]
	at org.springframework.security.web.session.SessionManagementFilter.doFilter(SessionManagementFilter.java:85) ~[spring-security-web-6.5.11.jar:6.5.11]
	at org.springframework.security.web.FilterChainProxy$VirtualFilterChain.doFilter(FilterChainProxy.java:379) ~[spring-security-web-6.5.11.jar:6.5.11]
	at org.springframework.security.web.authentication.AnonymousAuthenticationFilter.doFilter(AnonymousAuthenticationFilter.java:100) ~[spring-security-web-6.5.11.jar:6.5.11]
	at org.springframework.security.web.FilterChainProxy$VirtualFilterChain.doFilter(FilterChainProxy.java:379) ~[spring-security-web-6.5.11.jar:6.5.11]
	at org.springframework.security.web.servletapi.SecurityContextHolderAwareRequestFilter.doFilter(SecurityContextHolderAwareRequestFilter.java:179) ~[spring-security-web-6.5.11.jar:6.5.11]
	at org.springframework.security.web.FilterChainProxy$VirtualFilterChain.doFilter(FilterChainProxy.java:379) ~[spring-security-web-6.5.11.jar:6.5.11]
	at org.springframework.security.web.savedrequest.RequestCacheAwareFilter.doFilter(RequestCacheAwareFilter.java:63) ~[spring-security-web-6.5.11.jar:6.5.11]
	at org.springframework.security.web.FilterChainProxy$VirtualFilterChain.doFilter(FilterChainProxy.java:379) ~[spring-security-web-6.5.11.jar:6.5.11]
	at cn.zszj.framework.security.core.filter.TokenAuthenticationFilter.doFilterInternal(TokenAuthenticationFilter.java:68) ~[zszj-spring-boot-starter-security-2026.08-SNAPSHOT.jar:na]
	at org.springframework.web.filter.OncePerRequestFilter.doFilter(OncePerRequestFilter.java:116) ~[spring-web-6.2.19.jar:6.2.19]
	at org.springframework.security.web.FilterChainProxy$VirtualFilterChain.doFilter(FilterChainProxy.java:379) ~[spring-security-web-6.5.11.jar:6.5.11]
	at org.springframework.security.web.authentication.logout.LogoutFilter.doFilter(LogoutFilter.java:107) ~[spring-security-web-6.5.11.jar:6.5.11]
	at org.springframework.security.web.authentication.logout.LogoutFilter.doFilter(LogoutFilter.java:93) ~[spring-security-web-6.5.11.jar:6.5.11]
	at org.springframework.security.web.FilterChainProxy$VirtualFilterChain.doFilter(FilterChainProxy.java:379) ~[spring-security-web-6.5.11.jar:6.5.11]
	at org.springframework.web.filter.CorsFilter.doFilterInternal(CorsFilter.java:91) ~[spring-web-6.2.19.jar:6.2.19]
	at org.springframework.web.filter.OncePerRequestFilter.doFilter(OncePerRequestFilter.java:116) ~[spring-web-6.2.19.jar:6.2.19]
	at org.springframework.security.web.FilterChainProxy$VirtualFilterChain.doFilter(FilterChainProxy.java:379) ~[spring-security-web-6.5.11.jar:6.5.11]
	at org.springframework.security.web.header.HeaderWriterFilter.doHeadersAfter(HeaderWriterFilter.java:90) ~[spring-security-web-6.5.11.jar:6.5.11]
	at org.springframework.security.web.header.HeaderWriterFilter.doFilterInternal(HeaderWriterFilter.java:75) ~[spring-security-web-6.5.11.jar:6.5.11]
	at org.springframework.web.filter.OncePerRequestFilter.doFilter(OncePerRequestFilter.java:116) ~[spring-web-6.2.19.jar:6.2.19]
	at org.springframework.security.web.FilterChainProxy$VirtualFilterChain.doFilter(FilterChainProxy.java:379) ~[spring-security-web-6.5.11.jar:6.5.11]
	at org.springframework.security.web.context.SecurityContextHolderFilter.doFilter(SecurityContextHolderFilter.java:82) ~[spring-security-web-6.5.11.jar:6.5.11]
	at org.springframework.security.web.context.SecurityContextHolderFilter.doFilter(SecurityContextHolderFilter.java:69) ~[spring-security-web-6.5.11.jar:6.5.11]
	at org.springframework.security.web.FilterChainProxy$VirtualFilterChain.doFilter(FilterChainProxy.java:379) ~[spring-security-web-6.5.11.jar:6.5.11]
	at org.springframework.security.web.context.request.async.WebAsyncManagerIntegrationFilter.doFilterInternal(WebAsyncManagerIntegrationFilter.java:62) ~[spring-security-web-6.5.11.jar:6.5.11]
	at org.springframework.web.filter.OncePerRequestFilter.doFilter(OncePerRequestFilter.java:116) ~[spring-web-6.2.19.jar:6.2.19]
	at org.springframework.security.web.FilterChainProxy$VirtualFilterChain.doFilter(FilterChainProxy.java:379) ~[spring-security-web-6.5.11.jar:6.5.11]
	at org.springframework.security.web.session.DisableEncodeUrlFilter.doFilterInternal(DisableEncodeUrlFilter.java:42) ~[spring-security-web-6.5.11.jar:6.5.11]
	at org.springframework.web.filter.OncePerRequestFilter.doFilter(OncePerRequestFilter.java:116) ~[spring-web-6.2.19.jar:6.2.19]
	at org.springframework.security.web.FilterChainProxy$VirtualFilterChain.doFilter(FilterChainProxy.java:379) ~[spring-security-web-6.5.11.jar:6.5.11]
	at org.springframework.security.web.FilterChainProxy.doFilterInternal(FilterChainProxy.java:233) ~[spring-security-web-6.5.11.jar:6.5.11]
	at org.springframework.security.web.FilterChainProxy.doFilter(FilterChainProxy.java:191) ~[spring-security-web-6.5.11.jar:6.5.11]
	at org.springframework.web.filter.CompositeFilter$VirtualFilterChain.doFilter(CompositeFilter.java:113) ~[spring-web-6.2.19.jar:6.2.19]
	at org.springframework.web.filter.ServletRequestPathFilter.doFilter(ServletRequestPathFilter.java:52) ~[spring-web-6.2.19.jar:6.2.19]
	at org.springframework.web.filter.CompositeFilter$VirtualFilterChain.doFilter(CompositeFilter.java:113) ~[spring-web-6.2.19.jar:6.2.19]
	at org.springframework.web.filter.CompositeFilter.doFilter(CompositeFilter.java:74) ~[spring-web-6.2.19.jar:6.2.19]
	at org.springframework.security.config.annotation.web.configuration.WebSecurityConfiguration$CompositeFilterChainProxy.doFilter(WebSecurityConfiguration.java:319) ~[spring-security-config-6.5.11.jar:6.5.11]
	at org.springframework.web.filter.CompositeFilter$VirtualFilterChain.doFilter(CompositeFilter.java:113) ~[spring-web-6.2.19.jar:6.2.19]
	at org.springframework.web.servlet.handler.HandlerMappingIntrospector.lambda$createCacheFilter$4(HandlerMappingIntrospector.java:267) ~[spring-webmvc-6.2.19.jar:6.2.19]
	at org.springframework.web.filter.CompositeFilter$VirtualFilterChain.doFilter(CompositeFilter.java:113) ~[spring-web-6.2.19.jar:6.2.19]
	at org.springframework.web.filter.CompositeFilter.doFilter(CompositeFilter.java:74) ~[spring-web-6.2.19.jar:6.2.19]
	at org.springframework.security.config.annotation.web.configuration.WebMvcSecurityConfiguration$CompositeFilterChainProxy.doFilter(WebMvcSecurityConfiguration.java:240) ~[spring-security-config-6.5.11.jar:6.5.11]
	at org.springframework.web.filter.DelegatingFilterProxy.invokeDelegate(DelegatingFilterProxy.java:362) ~[spring-web-6.2.19.jar:6.2.19]
	at org.springframework.web.filter.DelegatingFilterProxy.doFilter(DelegatingFilterProxy.java:278) ~[spring-web-6.2.19.jar:6.2.19]
	at org.springframework.test.web.servlet.setup.MockMvcFilterDecorator.doFilter(MockMvcFilterDecorator.java:162) ~[spring-test-6.2.19.jar:6.2.19]
	at org.springframework.mock.web.MockFilterChain.doFilter(MockFilterChain.java:132) ~[spring-test-6.2.19.jar:6.2.19]
	at cn.zszj.framework.tenant.core.web.TenantContextWebFilter.doFilterInternal(TenantContextWebFilter.java:40) ~[classes/:na]
	at org.springframework.web.filter.OncePerRequestFilter.doFilter(OncePerRequestFilter.java:116) ~[spring-web-6.2.19.jar:6.2.19]
	at org.springframework.test.web.servlet.setup.MockMvcFilterDecorator.doFilter(MockMvcFilterDecorator.java:162) ~[spring-test-6.2.19.jar:6.2.19]
	at org.springframework.mock.web.MockFilterChain.doFilter(MockFilterChain.java:132) ~[spring-test-6.2.19.jar:6.2.19]
	at org.springframework.web.filter.RequestContextFilter.doFilterInternal(RequestContextFilter.java:100) ~[spring-web-6.2.19.jar:6.2.19]
	at org.springframework.web.filter.OncePerRequestFilter.doFilter(OncePerRequestFilter.java:116) ~[spring-web-6.2.19.jar:6.2.19]
	at org.springframework.test.web.servlet.setup.MockMvcFilterDecorator.doFilter(MockMvcFilterDecorator.java:162) ~[spring-test-6.2.19.jar:6.2.19]
	at org.springframework.mock.web.MockFilterChain.doFilter(MockFilterChain.java:132) ~[spring-test-6.2.19.jar:6.2.19]
	at org.springframework.web.filter.FormContentFilter.doFilterInternal(FormContentFilter.java:93) ~[spring-web-6.2.19.jar:6.2.19]
	at org.springframework.web.filter.OncePerRequestFilter.doFilter(OncePerRequestFilter.java:116) ~[spring-web-6.2.19.jar:6.2.19]
	at org.springframework.test.web.servlet.setup.MockMvcFilterDecorator.doFilter(MockMvcFilterDecorator.java:162) ~[spring-test-6.2.19.jar:6.2.19]
	at org.springframework.mock.web.MockFilterChain.doFilter(MockFilterChain.java:132) ~[spring-test-6.2.19.jar:6.2.19]
	at org.springframework.web.filter.OncePerRequestFilter.doFilter(OncePerRequestFilter.java:101) ~[spring-web-6.2.19.jar:6.2.19]
	at org.springframework.test.web.servlet.setup.MockMvcFilterDecorator.doFilter(MockMvcFilterDecorator.java:162) ~[spring-test-6.2.19.jar:6.2.19]
	at org.springframework.mock.web.MockFilterChain.doFilter(MockFilterChain.java:132) ~[spring-test-6.2.19.jar:6.2.19]
	at org.springframework.web.filter.CharacterEncodingFilter.doFilterInternal(CharacterEncodingFilter.java:201) ~[spring-web-6.2.19.jar:6.2.19]
	at org.springframework.web.filter.OncePerRequestFilter.doFilter(OncePerRequestFilter.java:116) ~[spring-web-6.2.19.jar:6.2.19]
	at org.springframework.test.web.servlet.setup.MockMvcFilterDecorator.doFilter(MockMvcFilterDecorator.java:162) ~[spring-test-6.2.19.jar:6.2.19]
	at org.springframework.mock.web.MockFilterChain.doFilter(MockFilterChain.java:132) ~[spring-test-6.2.19.jar:6.2.19]
	at org.springframework.web.filter.CorsFilter.doFilterInternal(CorsFilter.java:91) ~[spring-web-6.2.19.jar:6.2.19]
	at org.springframework.web.filter.OncePerRequestFilter.doFilter(OncePerRequestFilter.java:116) ~[spring-web-6.2.19.jar:6.2.19]
	at org.springframework.test.web.servlet.setup.MockMvcFilterDecorator.doFilter(MockMvcFilterDecorator.java:162) ~[spring-test-6.2.19.jar:6.2.19]
	at org.springframework.mock.web.MockFilterChain.doFilter(MockFilterChain.java:132) ~[spring-test-6.2.19.jar:6.2.19]
	at org.springframework.test.web.servlet.MockMvc.perform(MockMvc.java:201) ~[spring-test-6.2.19.jar:6.2.19]
	at cn.zszj.framework.security.SecurityChainJointRegressionTest$AsyncFullContract.streamingEndpointWithoutTokenRejected(SecurityChainJointRegressionTest.java:113) ~[test-classes/:na]
	at java.base/jdk.internal.reflect.NativeMethodAccessorImpl.invoke0(Native Method) ~[na:na]
	at java.base/jdk.internal.reflect.NativeMethodAccessorImpl.invoke(NativeMethodAccessorImpl.java:77) ~[na:na]
	at java.base/jdk.internal.reflect.DelegatingMethodAccessorImpl.invoke(DelegatingMethodAccessorImpl.java:43) ~[na:na]
	at java.base/java.lang.reflect.Method.invoke(Method.java:569) ~[na:na]
	at org.junit.platform.commons.util.ReflectionUtils.invokeMethod(ReflectionUtils.java:775) ~[junit-platform-commons-1.12.2.jar:1.12.2]
	at org.junit.platform.commons.support.ReflectionSupport.invokeMethod(ReflectionSupport.java:479) ~[junit-platform-commons-1.12.2.jar:1.12.2]
	at org.junit.jupiter.engine.execution.MethodInvocation.proceed(MethodInvocation.java:60) ~[junit-jupiter-engine-5.12.2.jar:5.12.2]
	at org.junit.jupiter.engine.execution.InvocationInterceptorChain$ValidatingInvocation.proceed(InvocationInterceptorChain.java:131) ~[junit-jupiter-engine-5.12.2.jar:5.12.2]
	at org.junit.jupiter.engine.extension.TimeoutExtension.intercept(TimeoutExtension.java:161) ~[junit-jupiter-engine-5.12.2.jar:5.12.2]
	at org.junit.jupiter.engine.extension.TimeoutExtension.interceptTestableMethod(TimeoutExtension.java:152) ~[junit-jupiter-engine-5.12.2.jar:5.12.2]
	at org.junit.jupiter.engine.extension.TimeoutExtension.interceptTestMethod(TimeoutExtension.java:91) ~[junit-jupiter-engine-5.12.2.jar:5.12.2]
	at org.junit.jupiter.engine.execution.InterceptingExecutableInvoker$ReflectiveInterceptorCall.lambda$ofVoidMethod$0(InterceptingExecutableInvoker.java:112) ~[junit-jupiter-engine-5.12.2.jar:5.12.2]
	at org.junit.jupiter.engine.execution.InterceptingExecutableInvoker.lambda$invoke$0(InterceptingExecutableInvoker.java:94) ~[junit-jupiter-engine-5.12.2.jar:5.12.2]
	at org.junit.jupiter.engine.execution.InvocationInterceptorChain$InterceptedInvocation.proceed(InvocationInterceptorChain.java:106) ~[junit-jupiter-engine-5.12.2.jar:5.12.2]
	at org.junit.jupiter.engine.execution.InvocationInterceptorChain.proceed(InvocationInterceptorChain.java:64) ~[junit-jupiter-engine-5.12.2.jar:5.12.2]
	at org.junit.jupiter.engine.execution.InvocationInterceptorChain.chainAndInvoke(InvocationInterceptorChain.java:45) ~[junit-jupiter-engine-5.12.2.jar:5.12.2]
	at org.junit.jupiter.engine.execution.InvocationInterceptorChain.invoke(InvocationInterceptorChain.java:37) ~[junit-jupiter-engine-5.12.2.jar:5.12.2]
	at org.junit.jupiter.engine.execution.InterceptingExecutableInvoker.invoke(InterceptingExecutableInvoker.java:93) ~[junit-jupiter-engine-5.12.2.jar:5.12.2]
	at org.junit.jupiter.engine.execution.InterceptingExecutableInvoker.invoke(InterceptingExecutableInvoker.java:87) ~[junit-jupiter-engine-5.12.2.jar:5.12.2]
	at org.junit.jupiter.engine.descriptor.TestMethodTestDescriptor.lambda$invokeTestMethod$7(TestMethodTestDescriptor.java:216) ~[junit-jupiter-engine-5.12.2.jar:5.12.2]
	at org.junit.platform.engine.support.hierarchical.ThrowableCollector.execute(ThrowableCollector.java:73) ~[junit-platform-engine-1.12.2.jar:1.12.2]
	at org.junit.jupiter.engine.descriptor.TestMethodTestDescriptor.invokeTestMethod(TestMethodTestDescriptor.java:212) ~[junit-jupiter-engine-5.12.2.jar:5.12.2]
	at org.junit.jupiter.engine.descriptor.TestMethodTestDescriptor.execute(TestMethodTestDescriptor.java:137) ~[junit-jupiter-engine-5.12.2.jar:5.12.2]
	at org.junit.jupiter.engine.descriptor.TestMethodTestDescriptor.execute(TestMethodTestDescriptor.java:69) ~[junit-jupiter-engine-5.12.2.jar:5.12.2]
	at org.junit.platform.engine.support.hierarchical.NodeTestTask.lambda$executeRecursively$6(NodeTestTask.java:156) ~[junit-platform-engine-1.12.2.jar:1.12.2]
	at org.junit.platform.engine.support.hierarchical.ThrowableCollector.execute(ThrowableCollector.java:73) ~[junit-platform-engine-1.12.2.jar:1.12.2]
	at org.junit.platform.engine.support.hierarchical.NodeTestTask.lambda$executeRecursively$8(NodeTestTask.java:146) ~[junit-platform-engine-1.12.2.jar:1.12.2]
	at org.junit.platform.engine.support.hierarchical.Node.around(Node.java:137) ~[junit-platform-engine-1.12.2.jar:1.12.2]
	at org.junit.platform.engine.support.hierarchical.NodeTestTask.lambda$executeRecursively$9(NodeTestTask.java:144) ~[junit-platform-engine-1.12.2.jar:1.12.2]
	at org.junit.platform.engine.support.hierarchical.ThrowableCollector.execute(ThrowableCollector.java:73) ~[junit-platform-engine-1.12.2.jar:1.12.2]
	at org.junit.platform.engine.support.hierarchical.NodeTestTask.executeRecursively(NodeTestTask.java:143) ~[junit-platform-engine-1.12.2.jar:1.12.2]
	at org.junit.platform.engine.support.hierarchical.NodeTestTask.execute(NodeTestTask.java:100) ~[junit-platform-engine-1.12.2.jar:1.12.2]
	at java.base/java.util.ArrayList.forEach(ArrayList.java:1511) ~[na:na]
	at org.junit.platform.engine.support.hierarchical.SameThreadHierarchicalTestExecutorService.invokeAll(SameThreadHierarchicalTestExecutorService.java:41) ~[junit-platform-engine-1.12.2.jar:1.12.2]
	at org.junit.platform.engine.support.hierarchical.NodeTestTask.lambda$executeRecursively$6(NodeTestTask.java:160) ~[junit-platform-engine-1.12.2.jar:1.12.2]
	at org.junit.platform.engine.support.hierarchical.ThrowableCollector.execute(ThrowableCollector.java:73) ~[junit-platform-engine-1.12.2.jar:1.12.2]
	at org.junit.platform.engine.support.hierarchical.NodeTestTask.lambda$executeRecursively$8(NodeTestTask.java:146) ~[junit-platform-engine-1.12.2.jar:1.12.2]
	at org.junit.platform.engine.support.hierarchical.Node.around(Node.java:137) ~[junit-platform-engine-1.12.2.jar:1.12.2]
	at org.junit.platform.engine.support.hierarchical.NodeTestTask.lambda$executeRecursively$9(NodeTestTask.java:144) ~[junit-platform-engine-1.12.2.jar:1.12.2]
	at org.junit.platform.engine.support.hierarchical.ThrowableCollector.execute(ThrowableCollector.java:73) ~[junit-platform-engine-1.12.2.jar:1.12.2]
	at org.junit.platform.engine.support.hierarchical.NodeTestTask.executeRecursively(NodeTestTask.java:143) ~[junit-platform-engine-1.12.2.jar:1.12.2]
	at org.junit.platform.engine.support.hierarchical.NodeTestTask.execute(NodeTestTask.java:100) ~[junit-platform-engine-1.12.2.jar:1.12.2]
	at java.base/java.util.ArrayList.forEach(ArrayList.java:1511) ~[na:na]
	at org.junit.platform.engine.support.hierarchical.SameThreadHierarchicalTestExecutorService.invokeAll(SameThreadHierarchicalTestExecutorService.java:41) ~[junit-platform-engine-1.12.2.jar:1.12.2]
	at org.junit.platform.engine.support.hierarchical.NodeTestTask.lambda$executeRecursively$6(NodeTestTask.java:160) ~[junit-platform-engine-1.12.2.jar:1.12.2]
	at org.junit.platform.engine.support.hierarchical.ThrowableCollector.execute(ThrowableCollector.java:73) ~[junit-platform-engine-1.12.2.jar:1.12.2]
	at org.junit.platform.engine.support.hierarchical.NodeTestTask.lambda$executeRecursively$8(NodeTestTask.java:146) ~[junit-platform-engine-1.12.2.jar:1.12.2]
	at org.junit.platform.engine.support.hierarchical.Node.around(Node.java:137) ~[junit-platform-engine-1.12.2.jar:1.12.2]
	at org.junit.platform.engine.support.hierarchical.NodeTestTask.lambda$executeRecursively$9(NodeTestTask.java:144) ~[junit-platform-engine-1.12.2.jar:1.12.2]
	at org.junit.platform.engine.support.hierarchical.ThrowableCollector.execute(ThrowableCollector.java:73) ~[junit-platform-engine-1.12.2.jar:1.12.2]
	at org.junit.platform.engine.support.hierarchical.NodeTestTask.executeRecursively(NodeTestTask.java:143) ~[junit-platform-engine-1.12.2.jar:1.12.2]
	at org.junit.platform.engine.support.hierarchical.NodeTestTask.execute(NodeTestTask.java:100) ~[junit-platform-engine-1.12.2.jar:1.12.2]
	at java.base/java.util.ArrayList.forEach(ArrayList.java:1511) ~[na:na]
	at org.junit.platform.engine.support.hierarchical.SameThreadHierarchicalTestExecutorService.invokeAll(SameThreadHierarchicalTestExecutorService.java:41) ~[junit-platform-engine-1.12.2.jar:1.12.2]
	at org.junit.platform.engine.support.hierarchical.NodeTestTask.lambda$executeRecursively$6(NodeTestTask.java:160) ~[junit-platform-engine-1.12.2.jar:1.12.2]
	at org.junit.platform.engine.support.hierarchical.ThrowableCollector.execute(ThrowableCollector.java:73) ~[junit-platform-engine-1.12.2.jar:1.12.2]
	at org.junit.platform.engine.support.hierarchical.NodeTestTask.lambda$executeRecursively$8(NodeTestTask.java:146) ~[junit-platform-engine-1.12.2.jar:1.12.2]
	at org.junit.platform.engine.support.hierarchical.Node.around(Node.java:137) ~[junit-platform-engine-1.12.2.jar:1.12.2]
	at org.junit.platform.engine.support.hierarchical.NodeTestTask.lambda$executeRecursively$9(NodeTestTask.java:144) ~[junit-platform-engine-1.12.2.jar:1.12.2]
	at org.junit.platform.engine.support.hierarchical.ThrowableCollector.execute(ThrowableCollector.java:73) ~[junit-platform-engine-1.12.2.jar:1.12.2]
	at org.junit.platform.engine.support.hierarchical.NodeTestTask.executeRecursively(NodeTestTask.java:143) ~[junit-platform-engine-1.12.2.jar:1.12.2]
	at org.junit.platform.engine.support.hierarchical.NodeTestTask.execute(NodeTestTask.java:100) ~[junit-platform-engine-1.12.2.jar:1.12.2]
	at org.junit.platform.engine.support.hierarchical.SameThreadHierarchicalTestExecutorService.submit(SameThreadHierarchicalTestExecutorService.java:35) ~[junit-platform-engine-1.12.2.jar:1.12.2]
	at org.junit.platform.engine.support.hierarchical.HierarchicalTestExecutor.execute(HierarchicalTestExecutor.java:57) ~[junit-platform-engine-1.12.2.jar:1.12.2]
	at org.junit.platform.engine.support.hierarchical.HierarchicalTestEngine.execute(HierarchicalTestEngine.java:54) ~[junit-platform-engine-1.12.2.jar:1.12.2]
	at org.junit.platform.launcher.core.EngineExecutionOrchestrator.execute(EngineExecutionOrchestrator.java:201) ~[junit-platform-launcher-1.12.2.jar:1.12.2]
	at org.junit.platform.launcher.core.EngineExecutionOrchestrator.execute(EngineExecutionOrchestrator.java:170) ~[junit-platform-launcher-1.12.2.jar:1.12.2]
	at org.junit.platform.launcher.core.EngineExecutionOrchestrator.execute(EngineExecutionOrchestrator.java:94) ~[junit-platform-launcher-1.12.2.jar:1.12.2]
	at org.junit.platform.launcher.core.EngineExecutionOrchestrator.lambda$execute$0(EngineExecutionOrchestrator.java:59) ~[junit-platform-launcher-1.12.2.jar:1.12.2]
	at org.junit.platform.launcher.core.EngineExecutionOrchestrator.withInterceptedStreams(EngineExecutionOrchestrator.java:142) ~[junit-platform-launcher-1.12.2.jar:1.12.2]
	at org.junit.platform.launcher.core.EngineExecutionOrchestrator.execute(EngineExecutionOrchestrator.java:58) ~[junit-platform-launcher-1.12.2.jar:1.12.2]
	at org.junit.platform.launcher.core.DefaultLauncher.execute(DefaultLauncher.java:103) ~[junit-platform-launcher-1.12.2.jar:1.12.2]
	at org.junit.platform.launcher.core.DefaultLauncher.execute(DefaultLauncher.java:85) ~[junit-platform-launcher-1.12.2.jar:1.12.2]
	at org.junit.platform.launcher.core.DelegatingLauncher.execute(DelegatingLauncher.java:47) ~[junit-platform-launcher-1.12.2.jar:1.12.2]
	at org.junit.platform.launcher.core.InterceptingLauncher.lambda$execute$1(InterceptingLauncher.java:39) ~[junit-platform-launcher-1.12.2.jar:1.12.2]
	at org.junit.platform.launcher.core.ClasspathAlignmentCheckingLauncherInterceptor.intercept(ClasspathAlignmentCheckingLauncherInterceptor.java:25) ~[junit-platform-launcher-1.12.2.jar:1.12.2]
	at org.junit.platform.launcher.core.InterceptingLauncher.execute(InterceptingLauncher.java:38) ~[junit-platform-launcher-1.12.2.jar:1.12.2]
	at org.junit.platform.launcher.core.DelegatingLauncher.execute(DelegatingLauncher.java:47) ~[junit-platform-launcher-1.12.2.jar:1.12.2]
	at org.apache.maven.surefire.junitplatform.LazyLauncher.execute(LazyLauncher.java:56) ~[surefire-junit-platform-3.5.3.jar:3.5.3]
	at org.apache.maven.surefire.junitplatform.JUnitPlatformProvider.execute(JUnitPlatformProvider.java:194) ~[surefire-junit-platform-3.5.3.jar:3.5.3]
	at org.apache.maven.surefire.junitplatform.JUnitPlatformProvider.invokeAllTests(JUnitPlatformProvider.java:150) ~[surefire-junit-platform-3.5.3.jar:3.5.3]
	at org.apache.maven.surefire.junitplatform.JUnitPlatformProvider.invoke(JUnitPlatformProvider.java:124) ~[surefire-junit-platform-3.5.3.jar:3.5.3]
	at org.apache.maven.surefire.booter.ForkedBooter.runSuitesInProcess(ForkedBooter.java:385) ~[surefire-booter-3.5.3.jar:3.5.3]
	at org.apache.maven.surefire.booter.ForkedBooter.execute(ForkedBooter.java:162) ~[surefire-booter-3.5.3.jar:3.5.3]
	at org.apache.maven.surefire.booter.ForkedBooter.run(ForkedBooter.java:507) ~[surefire-booter-3.5.3.jar:3.5.3]
	at org.apache.maven.surefire.booter.ForkedBooter.main(ForkedBooter.java:495) ~[surefire-booter-3.5.3.jar:3.5.3]

2026-09-14T00:07:11.510+08:00 DEBUG 21884 --- [zszj-security-fixture] [           main] o.s.security.web.FilterChainProxy        : Securing GET /admin-api/fixture/async/stream/admin-api/fixture/async/stream
2026-09-14T00:07:11.511+08:00 DEBUG 21884 --- [zszj-security-fixture] [           main] o.s.security.web.FilterChainProxy        : Secured GET /admin-api/fixture/async/stream/admin-api/fixture/async/stream
2026-09-14T00:07:11.513+08:00 DEBUG 21884 --- [zszj-security-fixture] [           main] o.s.security.web.FilterChainProxy        : Securing GET /admin-api/fixture/async/stream/admin-api/fixture/async/stream
2026-09-14T00:07:11.513+08:00 DEBUG 21884 --- [zszj-security-fixture] [           main] o.s.s.w.a.AnonymousAuthenticationFilter  : Set SecurityContextHolder to anonymous SecurityContext
2026-09-14T00:07:11.514+08:00 DEBUG 21884 --- [zszj-security-fixture] [           main] o.s.security.web.FilterChainProxy        : Secured GET /admin-api/fixture/async/stream/admin-api/fixture/async/stream
2026-09-14T00:07:11.520+08:00 DEBUG 21884 --- [zszj-security-fixture] [           main] o.s.security.web.FilterChainProxy        : Securing GET /admin-api/fixture/async/tenant-context/admin-api/fixture/async/tenant-context
2026-09-14T00:07:11.521+08:00 DEBUG 21884 --- [zszj-security-fixture] [           main] o.s.security.web.FilterChainProxy        : Secured GET /admin-api/fixture/async/tenant-context/admin-api/fixture/async/tenant-context
2026-09-14T00:07:11.522+08:00 DEBUG 21884 --- [zszj-security-fixture] [           main] o.s.security.web.FilterChainProxy        : Securing GET /admin-api/fixture/async/tenant-context/admin-api/fixture/async/tenant-context
2026-09-14T00:07:11.522+08:00 DEBUG 21884 --- [zszj-security-fixture] [           main] o.s.s.w.a.AnonymousAuthenticationFilter  : Set SecurityContextHolder to anonymous SecurityContext
2026-09-14T00:07:11.522+08:00 DEBUG 21884 --- [zszj-security-fixture] [           main] o.s.security.web.FilterChainProxy        : Secured GET /admin-api/fixture/async/tenant-context/admin-api/fixture/async/tenant-context
2026-09-14T00:07:11.527+08:00 DEBUG 21884 --- [zszj-security-fixture] [           main] o.s.security.web.FilterChainProxy        : Securing GET /admin-api/fixture/async/error/admin-api/fixture/async/error
2026-09-14T00:07:11.528+08:00 DEBUG 21884 --- [zszj-security-fixture] [           main] o.s.security.web.FilterChainProxy        : Secured GET /admin-api/fixture/async/error/admin-api/fixture/async/error
2026-09-14T00:07:11.529+08:00 DEBUG 21884 --- [zszj-security-fixture] [           main] o.s.security.web.FilterChainProxy        : Securing GET /admin-api/fixture/async/error/admin-api/fixture/async/error
2026-09-14T00:07:11.530+08:00 DEBUG 21884 --- [zszj-security-fixture] [           main] o.s.s.w.a.AnonymousAuthenticationFilter  : Set SecurityContextHolder to anonymous SecurityContext
2026-09-14T00:07:11.530+08:00 DEBUG 21884 --- [zszj-security-fixture] [           main] o.s.security.web.FilterChainProxy        : Secured GET /admin-api/fixture/async/error/admin-api/fixture/async/error
2026-09-14T00:07:11.533+08:00 ERROR 21884 --- [zszj-security-fixture] [           main] c.z.f.w.c.h.GlobalExceptionHandler       : [defaultExceptionHandler]

java.lang.IllegalStateException: async-boom
	at cn.zszj.framework.security.fixture.TestControllers.lambda$asyncError$2(TestControllers.java:224) ~[test-classes/:na]
	at org.springframework.web.context.request.async.WebAsyncManager.lambda$startCallableProcessing$4(WebAsyncManager.java:373) ~[spring-web-6.2.19.jar:6.2.19]
	at java.base/java.util.concurrent.Executors$RunnableAdapter.call(Executors.java:539) ~[na:na]
	at java.base/java.util.concurrent.FutureTask.run(FutureTask.java:264) ~[na:na]
	at java.base/java.lang.Thread.run(Thread.java:840) ~[na:na]

[INFO] Tests run: 4, Failures: 0, Errors: 0, Skipped: 0, Time elapsed: 0.090 s -- in cn.zszj.framework.security.SecurityChainJointRegressionTest$AsyncFullContract
[INFO] Tests run: 1, Failures: 0, Errors: 0, Skipped: 0, Time elapsed: 0.965 s -- in cn.zszj.framework.security.SecurityChainJointRegressionTest
[INFO] 
[INFO] Results:
[INFO] 
[INFO] Tests run: 14, Failures: 0, Errors: 0, Skipped: 0
[INFO] 
[INFO] ------------------------------------------------------------------------
[INFO] BUILD SUCCESS
[INFO] ------------------------------------------------------------------------
[INFO] Total time:  10.762 s
[INFO] Finished at: 2026-09-14T00:07:12+08:00
[INFO] ------------------------------------------------------------------------
