[INFO] Scanning for projects...
[INFO] 
[INFO] ------------< cn.zszj:zszj-spring-boot-starter-biz-tenant >-------------
[INFO] Building zszj-spring-boot-starter-biz-tenant 2026.08-SNAPSHOT
[INFO]   from pom.xml
[INFO] --------------------------------[ jar ]---------------------------------
Downloading from aliyunmaven: https://maven.aliyun.com/repository/public/cn/zszj/zszj-spring-boot-starter-security/2026.08-SNAPSHOT/maven-metadata.xml
Downloading from huaweicloud: https://mirrors.huaweicloud.com/repository/maven/cn/zszj/zszj-spring-boot-starter-security/2026.08-SNAPSHOT/maven-metadata.xml
Downloading from huaweicloud: https://mirrors.huaweicloud.com/repository/maven/cn/zszj/zszj-spring-boot-starter-web/2026.08-SNAPSHOT/maven-metadata.xml
Downloading from aliyunmaven: https://maven.aliyun.com/repository/public/cn/zszj/zszj-spring-boot-starter-web/2026.08-SNAPSHOT/maven-metadata.xml
Downloading from huaweicloud: https://mirrors.huaweicloud.com/repository/maven/cn/zszj/zszj-spring-boot-starter-mybatis/2026.08-SNAPSHOT/maven-metadata.xml
Downloading from aliyunmaven: https://maven.aliyun.com/repository/public/cn/zszj/zszj-spring-boot-starter-mybatis/2026.08-SNAPSHOT/maven-metadata.xml
Downloading from aliyunmaven: https://maven.aliyun.com/repository/public/cn/zszj/zszj-spring-boot-starter-redis/2026.08-SNAPSHOT/maven-metadata.xml
Downloading from huaweicloud: https://mirrors.huaweicloud.com/repository/maven/cn/zszj/zszj-spring-boot-starter-redis/2026.08-SNAPSHOT/maven-metadata.xml
Downloading from aliyunmaven: https://maven.aliyun.com/repository/public/cn/zszj/zszj-spring-boot-starter-job/2026.08-SNAPSHOT/maven-metadata.xml
Downloading from huaweicloud: https://mirrors.huaweicloud.com/repository/maven/cn/zszj/zszj-spring-boot-starter-job/2026.08-SNAPSHOT/maven-metadata.xml
Downloading from huaweicloud: https://mirrors.huaweicloud.com/repository/maven/cn/zszj/zszj-spring-boot-starter-mq/2026.08-SNAPSHOT/maven-metadata.xml
Downloading from aliyunmaven: https://maven.aliyun.com/repository/public/cn/zszj/zszj-spring-boot-starter-mq/2026.08-SNAPSHOT/maven-metadata.xml
[WARNING] 1 problem was encountered while building the effective model for org.javassist:javassist:jar:3.21.0-GA during dependency collection step for project (use -X to see details)
Downloading from huaweicloud: https://mirrors.huaweicloud.com/repository/maven/cn/zszj/zszj-spring-boot-starter-test/2026.08-SNAPSHOT/maven-metadata.xml
Downloading from aliyunmaven: https://maven.aliyun.com/repository/public/cn/zszj/zszj-spring-boot-starter-test/2026.08-SNAPSHOT/maven-metadata.xml
[INFO] 
[INFO] --- enforcer:3.5.0:enforce (enforce-jdk17-baseline) @ zszj-spring-boot-starter-biz-tenant ---
[INFO] Rule 0: org.apache.maven.enforcer.rules.version.RequireJavaVersion passed
[INFO] Rule 1: org.apache.maven.enforcer.rules.version.RequireMavenVersion passed
[INFO] 
[INFO] --- resources:3.3.1:resources (default-resources) @ zszj-spring-boot-starter-biz-tenant ---
[INFO] Copying 2 resources from src\main\resources to target\classes
[INFO] 
[INFO] --- flatten:1.7.2:flatten (flatten) @ zszj-spring-boot-starter-biz-tenant ---
[INFO] Generating flattened POM of project cn.zszj:zszj-spring-boot-starter-biz-tenant:jar:2026.08-SNAPSHOT...
[INFO] 
[INFO] --- compiler:3.14.0:compile (default-compile) @ zszj-spring-boot-starter-biz-tenant ---
[INFO] Nothing to compile - all classes are up to date.
[INFO] 
[INFO] --- resources:3.3.1:testResources (default-testResources) @ zszj-spring-boot-starter-biz-tenant ---
[INFO] Copying 1 resource from src\test\resources to target\test-classes
[INFO] 
[INFO] --- compiler:3.14.0:testCompile (default-testCompile) @ zszj-spring-boot-starter-biz-tenant ---
[INFO] Recompiling the module because of changed source code.
[INFO] Compiling 12 source files with javac [target 17] to target\test-classes
[INFO] 某些消息已经过简化; 请使用 -Xdiags:verbose 重新编译以获得完整输出
[INFO] -------------------------------------------------------------
[ERROR] COMPILATION ERROR : 
[INFO] -------------------------------------------------------------
[ERROR] /E:/zszj-wt-sec-012-b/services/zhongshu-core/zszj-framework/zszj-spring-boot-starter-biz-tenant/src/test/java/cn/zszj/framework/security/SecurityChainEmbeddedCorsTest.java:[72,34] 不兼容的类型: java.lang.Long无法转换为java.lang.String
[ERROR] /E:/zszj-wt-sec-012-b/services/zhongshu-core/zszj-framework/zszj-spring-boot-starter-biz-tenant/src/test/java/cn/zszj/framework/security/SecurityChainEmbeddedCorsTest.java:[88,34] 不兼容的类型: java.lang.Long无法转换为java.lang.String
[INFO] 2 errors 
[INFO] -------------------------------------------------------------
[INFO] ------------------------------------------------------------------------
[INFO] BUILD FAILURE
[INFO] ------------------------------------------------------------------------
[INFO] Total time:  12.346 s
[INFO] Finished at: 2026-09-14T00:06:24+08:00
[INFO] ------------------------------------------------------------------------
[ERROR] Failed to execute goal org.apache.maven.plugins:maven-compiler-plugin:3.14.0:testCompile (default-testCompile) on project zszj-spring-boot-starter-biz-tenant: Compilation failure: Compilation failure: 
[ERROR] /E:/zszj-wt-sec-012-b/services/zhongshu-core/zszj-framework/zszj-spring-boot-starter-biz-tenant/src/test/java/cn/zszj/framework/security/SecurityChainEmbeddedCorsTest.java:[72,34] 不兼容的类型: java.lang.Long无法转换为java.lang.String
[ERROR] /E:/zszj-wt-sec-012-b/services/zhongshu-core/zszj-framework/zszj-spring-boot-starter-biz-tenant/src/test/java/cn/zszj/framework/security/SecurityChainEmbeddedCorsTest.java:[88,34] 不兼容的类型: java.lang.Long无法转换为java.lang.String
[ERROR] -> [Help 1]
[ERROR] 
[ERROR] To see the full stack trace of the errors, re-run Maven with the -e switch.
[ERROR] Re-run Maven using the -X switch to enable full debug logging.
[ERROR] 
[ERROR] For more information about the errors and possible solutions, please read the following articles:
[ERROR] [Help 1] http://cwiki.apache.org/confluence/display/MAVEN/MojoFailureException
