[INFO] Scanning for projects...
[INFO] 
[INFO] ------------< cn.zszj:zszj-spring-boot-starter-biz-tenant >-------------
[INFO] Building zszj-spring-boot-starter-biz-tenant 2026.08-SNAPSHOT
[INFO]   from pom.xml
[INFO] --------------------------------[ jar ]---------------------------------
[WARNING] 1 problem was encountered while building the effective model for org.javassist:javassist:jar:3.21.0-GA during dependency collection step for project (use -X to see details)
[INFO] 
[INFO] --- enforcer:3.5.0:enforce (enforce-jdk17-baseline) @ zszj-spring-boot-starter-biz-tenant ---
[INFO] Rule 0: org.apache.maven.enforcer.rules.version.RequireJavaVersion passed
[INFO] Rule 1: org.apache.maven.enforcer.rules.version.RequireMavenVersion passed
[INFO] 
[INFO] --- resources:3.3.1:resources (default-resources) @ zszj-spring-boot-starter-biz-tenant ---
[INFO] Copying 2 resources from src\main\resources to target\classes
[INFO] 
[INFO] --- flatten:1.7.2:flatten (flatten) @ zszj-spring-boot-starter-biz-tenant ---
[INFO] Generating flattened POM of project cn.zszj:zszj-spring-boot-starter-biz-tenant:jar:2026.08-SNAPSHOT...
[INFO] 
[INFO] --- compiler:3.14.0:compile (default-compile) @ zszj-spring-boot-starter-biz-tenant ---
[INFO] Recompiling the module because of changed source code.
[INFO] Compiling 26 source files with javac [target 17] to target\classes
[INFO] /E:/zszj-wt-sec-012-b/services/zhongshu-core/zszj-framework/zszj-spring-boot-starter-biz-tenant/src/main/java/cn/zszj/framework/tenant/core/mq/rocketmq/TenantRocketMQInitializer.java: E:\zszj-wt-sec-012-b\services\zhongshu-core\zszj-framework\zszj-spring-boot-starter-biz-tenant\src\main\java\cn\zszj\framework\tenant\core\mq\rocketmq\TenantRocketMQInitializer.java使用或覆盖了已过时的 API。
[INFO] /E:/zszj-wt-sec-012-b/services/zhongshu-core/zszj-framework/zszj-spring-boot-starter-biz-tenant/src/main/java/cn/zszj/framework/tenant/core/mq/rocketmq/TenantRocketMQInitializer.java: 有关详细信息, 请使用 -Xlint:deprecation 重新编译。
[INFO] 
[INFO] --- resources:3.3.1:testResources (default-testResources) @ zszj-spring-boot-starter-biz-tenant ---
[INFO] Copying 1 resource from src\test\resources to target\test-classes
[INFO] 
[INFO] --- compiler:3.14.0:testCompile (default-testCompile) @ zszj-spring-boot-starter-biz-tenant ---
[INFO] Recompiling the module because of changed dependency.
[INFO] Compiling 11 source files with javac [target 17] to target\test-classes
[INFO] -------------------------------------------------------------
[ERROR] COMPILATION ERROR : 
[INFO] -------------------------------------------------------------
[ERROR] /E:/zszj-wt-sec-012-b/services/zhongshu-core/zszj-framework/zszj-spring-boot-starter-biz-tenant/src/test/java/cn/zszj/framework/security/fixture/TestControllers.java:[10,53] 找不到符号
  符号:   类 StreamingResponseBody
  位置: 程序包 org.springframework.web.context.request.async
[ERROR] /E:/zszj-wt-sec-012-b/services/zhongshu-core/zszj-framework/zszj-spring-boot-starter-biz-tenant/src/test/java/cn/zszj/framework/security/fixture/TestControllers.java:[233,12] 找不到符号
  符号:   类 StreamingResponseBody
  位置: 类 cn.zszj.framework.security.fixture.TestControllers
[INFO] 2 errors 
[INFO] -------------------------------------------------------------
[INFO] ------------------------------------------------------------------------
[INFO] BUILD FAILURE
[INFO] ------------------------------------------------------------------------
[INFO] Total time:  4.514 s
[INFO] Finished at: 2026-09-13T23:25:58+08:00
[INFO] ------------------------------------------------------------------------
[ERROR] Failed to execute goal org.apache.maven.plugins:maven-compiler-plugin:3.14.0:testCompile (default-testCompile) on project zszj-spring-boot-starter-biz-tenant: Compilation failure: Compilation failure: 
[ERROR] /E:/zszj-wt-sec-012-b/services/zhongshu-core/zszj-framework/zszj-spring-boot-starter-biz-tenant/src/test/java/cn/zszj/framework/security/fixture/TestControllers.java:[10,53] 找不到符号
[ERROR]   符号:   类 StreamingResponseBody
[ERROR]   位置: 程序包 org.springframework.web.context.request.async
[ERROR] /E:/zszj-wt-sec-012-b/services/zhongshu-core/zszj-framework/zszj-spring-boot-starter-biz-tenant/src/test/java/cn/zszj/framework/security/fixture/TestControllers.java:[233,12] 找不到符号
[ERROR]   符号:   类 StreamingResponseBody
[ERROR]   位置: 类 cn.zszj.framework.security.fixture.TestControllers
[ERROR] -> [Help 1]
[ERROR] 
[ERROR] To see the full stack trace of the errors, re-run Maven with the -e switch.
[ERROR] Re-run Maven using the -X switch to enable full debug logging.
[ERROR] 
[ERROR] For more information about the errors and possible solutions, please read the following articles:
[ERROR] [Help 1] http://cwiki.apache.org/confluence/display/MAVEN/MojoFailureException
